C:\Users\rego_\Documents\MCUXpressoIDE_11.5.1_7266\workspace\oximetro_de_pulso\drivers/fsl_clock.h:325:20:CLOCK_Select	16	static
C:\Users\rego_\Documents\MCUXpressoIDE_11.5.1_7266\workspace\oximetro_de_pulso\drivers/fsl_clock.h:357:20:CLOCK_SetCoreSysClkDiv	16	static
C:\Users\rego_\Documents\MCUXpressoIDE_11.5.1_7266\workspace\oximetro_de_pulso\drivers/fsl_power.h:121:20:POWER_DisablePD	16	static
../board/clock_config.c:43:6:BOARD_InitBootClocks	8	static
../board/clock_config.c:71:6:BOARD_BootClockIRC12M	16	static
../board/clock_config.c:115:6:BOARD_BootClockPll12M	16	static
../board/clock_config.c:159:6:BOARD_BootClockPll24M	16	static
