Archive member included to satisfy reference by file (symbol)

c:/nxp/mcuxpressoide_11.5.1_7266/ide/plugins/com.nxp.mcuxpresso.tools.win32_11.5.1.202201181444/tools/bin/../lib/gcc/arm-none-eabi/10.3.1/../../../../arm-none-eabi/lib/thumb/v6-m/nofp\libcr_nohost_nf.a(_cr__main.o)
                              ./startup/startup_lpc812.o (__main)
c:/nxp/mcuxpressoide_11.5.1_7266/ide/plugins/com.nxp.mcuxpresso.tools.win32_11.5.1.202201181444/tools/bin/../lib/gcc/arm-none-eabi/10.3.1/../../../../arm-none-eabi/lib/thumb/v6-m/nofp\libcr_c.a(memcpy.o)
                              ./drivers/fsl_i2c.o (memcpy)
c:/nxp/mcuxpressoide_11.5.1_7266/ide/plugins/com.nxp.mcuxpresso.tools.win32_11.5.1.202201181444/tools/bin/../lib/gcc/arm-none-eabi/10.3.1/../../../../arm-none-eabi/lib/thumb/v6-m/nofp\libcr_c.a(memset.o)
                              ./drivers/fsl_i2c.o (memset)
c:/nxp/mcuxpressoide_11.5.1_7266/ide/plugins/com.nxp.mcuxpresso.tools.win32_11.5.1.202201181444/tools/bin/../lib/gcc/arm-none-eabi/10.3.1/../../../../arm-none-eabi/lib/thumb/v6-m/nofp\libcr_c.a(alloc.o)
                              ./drivers/fsl_common.o (malloc)
c:/nxp/mcuxpressoide_11.5.1_7266/ide/plugins/com.nxp.mcuxpresso.tools.win32_11.5.1.202201181444/tools/bin/../lib/gcc/arm-none-eabi/10.3.1/../../../../arm-none-eabi/lib/thumb/v6-m/nofp\libcr_c.a(initio.o)
                              c:/nxp/mcuxpressoide_11.5.1_7266/ide/plugins/com.nxp.mcuxpresso.tools.win32_11.5.1.202201181444/tools/bin/../lib/gcc/arm-none-eabi/10.3.1/../../../../arm-none-eabi/lib/thumb/v6-m/nofp\libcr_nohost_nf.a(_cr__main.o) (_initio)
c:/nxp/mcuxpressoide_11.5.1_7266/ide/plugins/com.nxp.mcuxpresso.tools.win32_11.5.1.202201181444/tools/bin/../lib/gcc/arm-none-eabi/10.3.1/../../../../arm-none-eabi/lib/thumb/v6-m/nofp\libcr_c.a(setvbuf.o)
                              c:/nxp/mcuxpressoide_11.5.1_7266/ide/plugins/com.nxp.mcuxpresso.tools.win32_11.5.1.202201181444/tools/bin/../lib/gcc/arm-none-eabi/10.3.1/../../../../arm-none-eabi/lib/thumb/v6-m/nofp\libcr_c.a(initio.o) (setvbuf)
c:/nxp/mcuxpressoide_11.5.1_7266/ide/plugins/com.nxp.mcuxpresso.tools.win32_11.5.1.202201181444/tools/bin/../lib/gcc/arm-none-eabi/10.3.1/../../../../arm-none-eabi/lib/thumb/v6-m/nofp\libcr_c.a(strlen.o)
                              ./utilities/fsl_debug_console.o (strlen)
c:/nxp/mcuxpressoide_11.5.1_7266/ide/plugins/com.nxp.mcuxpresso.tools.win32_11.5.1.202201181444/tools/bin/../lib/gcc/arm-none-eabi/10.3.1/../../../../arm-none-eabi/lib/thumb/v6-m/nofp\libcr_c.a(__init_alloc.o)
                              c:/nxp/mcuxpressoide_11.5.1_7266/ide/plugins/com.nxp.mcuxpresso.tools.win32_11.5.1.202201181444/tools/bin/../lib/gcc/arm-none-eabi/10.3.1/../../../../arm-none-eabi/lib/thumb/v6-m/nofp\libcr_c.a(alloc.o) (__heaps)
c:/nxp/mcuxpressoide_11.5.1_7266/ide/plugins/com.nxp.mcuxpresso.tools.win32_11.5.1.202201181444/tools/bin/../lib/gcc/arm-none-eabi/10.3.1/../../../../arm-none-eabi/lib/thumb/v6-m/nofp\libcr_c.a(_cr_sbrk.o)
                              c:/nxp/mcuxpressoide_11.5.1_7266/ide/plugins/com.nxp.mcuxpresso.tools.win32_11.5.1.202201181444/tools/bin/../lib/gcc/arm-none-eabi/10.3.1/../../../../arm-none-eabi/lib/thumb/v6-m/nofp\libcr_c.a(alloc.o) (_sbrk)
c:/nxp/mcuxpressoide_11.5.1_7266/ide/plugins/com.nxp.mcuxpresso.tools.win32_11.5.1.202201181444/tools/bin/../lib/gcc/arm-none-eabi/10.3.1/../../../../arm-none-eabi/lib/thumb/v6-m/nofp\libcr_c.a(_fdopen.o)
                              c:/nxp/mcuxpressoide_11.5.1_7266/ide/plugins/com.nxp.mcuxpresso.tools.win32_11.5.1.202201181444/tools/bin/../lib/gcc/arm-none-eabi/10.3.1/../../../../arm-none-eabi/lib/thumb/v6-m/nofp\libcr_c.a(initio.o) (_fdopen)
c:/nxp/mcuxpressoide_11.5.1_7266/ide/plugins/com.nxp.mcuxpresso.tools.win32_11.5.1.202201181444/tools/bin/../lib/gcc/arm-none-eabi/10.3.1/../../../../arm-none-eabi/lib/thumb/v6-m/nofp\libcr_c.a(errno.o)
                              c:/nxp/mcuxpressoide_11.5.1_7266/ide/plugins/com.nxp.mcuxpresso.tools.win32_11.5.1.202201181444/tools/bin/../lib/gcc/arm-none-eabi/10.3.1/../../../../arm-none-eabi/lib/thumb/v6-m/nofp\libcr_c.a(_cr_sbrk.o) (errno)
c:/nxp/mcuxpressoide_11.5.1_7266/ide/plugins/com.nxp.mcuxpresso.tools.win32_11.5.1.202201181444/tools/bin/../lib/gcc/arm-none-eabi/10.3.1/../../../../arm-none-eabi/lib/thumb/v6-m/nofp\libcr_c.a(fclose.o)
                              c:/nxp/mcuxpressoide_11.5.1_7266/ide/plugins/com.nxp.mcuxpresso.tools.win32_11.5.1.202201181444/tools/bin/../lib/gcc/arm-none-eabi/10.3.1/../../../../arm-none-eabi/lib/thumb/v6-m/nofp\libcr_c.a(initio.o) (fclose)
c:/nxp/mcuxpressoide_11.5.1_7266/ide/plugins/com.nxp.mcuxpresso.tools.win32_11.5.1.202201181444/tools/bin/../lib/gcc/arm-none-eabi/10.3.1/../../../../arm-none-eabi/lib/thumb/v6-m/nofp\libcr_c.a(fflush.o)
[...]
Memory Configuration

Name             Origin             Length             Attributes
PROGRAM_FLASH    0x00000000         0x00004000         xr
SRAM             0x10000000         0x00000fe0         xrw
IAP_SRAM         0x10000fe0         0x00000020         xrw
*default*        0x00000000         0xffffffff

Linker script and memory map

LOAD ./utilities/fsl_assert.o
LOAD ./utilities/fsl_debug_console.o
LOAD ./startup/startup_lpc812.o
LOAD ./source/main.o
LOAD ./source/mtb.o
LOAD ./source/semihost_hardfault.o
LOAD ./drivers/MAXM86161.o
LOAD ./drivers/fsl_clock.o
LOAD ./drivers/fsl_common.o
LOAD ./drivers/fsl_gpio.o
LOAD ./drivers/fsl_i2c.o
LOAD ./drivers/fsl_power.o
LOAD ./drivers/fsl_reset.o
LOAD ./drivers/fsl_swm.o
LOAD ./drivers/fsl_syscon.o
LOAD ./drivers/fsl_usart.o
LOAD ./device/system_LPC812.o
LOAD ./component/uart/fsl_adapter_miniusart.o
LOAD ./board/board.o
LOAD ./board/clock_config.o
LOAD ./board/pin_mux.o
START GROUP
LOAD c:/nxp/mcuxpressoide_11.5.1_7266/ide/plugins/com.nxp.mcuxpresso.tools.win32_11.5.1.202201181444/tools/bin/../lib/gcc/arm-none-eabi/10.3.1/../../../../arm-none-eabi/lib/thumb/v6-m/nofp\libcr_nohost_nf.a
LOAD c:/nxp/mcuxpressoide_11.5.1_7266/ide/plugins/com.nxp.mcuxpresso.tools.win32_11.5.1.202201181444/tools/bin/../lib/gcc/arm-none-eabi/10.3.1/../../../../arm-none-eabi/lib/thumb/v6-m/nofp\libcr_c.a
LOAD c:/nxp/mcuxpressoide_11.5.1_7266/ide/plugins/com.nxp.mcuxpresso.tools.win32_11.5.1.202201181444/tools/bin/../lib/gcc/arm-none-eabi/10.3.1/thumb/v6-m/nofp\libcr_eabihelpers.a
LOAD c:/nxp/mcuxpressoide_11.5.1_7266/ide/plugins/com.nxp.mcuxpresso.tools.win32_11.5.1.202201181444/tools/bin/../lib/gcc/arm-none-eabi/10.3.1/thumb/v6-m/nofp\libgcc.a
END GROUP
                0x00000000                __base_PROGRAM_FLASH = 0x0
                0x00000000                __base_Flash = 0x0
                0x00004000                __top_PROGRAM_FLASH = 0x4000
                0x00004000                __top_Flash = 0x4000
                0x10000000                __base_SRAM = 0x10000000
                0x10000000                __base_RAM = 0x10000000
                0x10000fe0                __top_SRAM = 0x10000fe0
                0x10000fe0                __top_RAM = 0x10000fe0
                0x10000fe0                __base_IAP_SRAM = 0x10000fe0
                0x10000fe0                __base_RAM2 = 0x10000fe0
                0x10001000                __top_IAP_SRAM = 0x10001000
                0x10001000                __top_RAM2 = 0x10001000

.text           0x00000000     0x309c
 FILL mask 0xff
                0x00000000                __vectors_start__ = ABSOLUTE (.)
 *(SORT_BY_ALIGNMENT(.isr_vector))
 .isr_vector    0x00000000       0xc0 ./startup/startup_lpc812.o
                0x00000000                g_pfnVectors
                0x00000000                __Vectors
                0x000000c0                . = ALIGN (0x4)
                0x000000c0                __section_table_start = .
                0x000000c0                __data_section_table = .
                0x000000c0        0x4 LONG 0x309c LOADADDR (.data)
                0x000000c4        0x4 LONG 0x10000080 ADDR (.data)
                0x000000c8        0x4 LONG 0x34 SIZEOF (.data)
                0x000000cc        0x4 LONG 0x309c LOADADDR (.data_RAM2)
                0x000000d0        0x4 LONG 0x10000fe0 ADDR (.data_RAM2)
                0x000000d4        0x4 LONG 0x0 SIZEOF (.data_RAM2)
                0x000000d8                __data_section_table_end = .
                0x000000d8                __bss_section_table = .
                0x000000d8        0x4 LONG 0x100000b4 ADDR (.bss)
                0x000000dc        0x4 LONG 0xf8 SIZEOF (.bss)
                0x000000e0        0x4 LONG 0x10000fe0 ADDR (.bss_RAM2)
                0x000000e4        0x4 LONG 0x0 SIZEOF (.bss_RAM2)
                0x000000e8                __bss_section_table_end = .
                0x000000e8                __section_table_end = .
 *(SORT_BY_ALIGNMENT(.after_vectors*))
 .after_vectors.reset
                0x000000e8       0x58 ./startup/startup_lpc812.o
                0x000000e8                ResetISR
 .after_vectors.init_data
                0x00000140       0x12 ./startup/startup_lpc812.o
                0x00000140                data_init
 .after_vectors.init_bss
                0x00000152       0x10 ./startup/startup_lpc812.o
                0x00000152                bss_init
 .after_vectors
                0x00000162      0x10c ./startup/startup_lpc812.o
                0x00000162                NMI_Handler
                0x00000166                SVC_Handler
                0x00000168                PendSV_Handler
                0x0000016a                SysTick_Handler
                0x0000016c                SPI1_DriverIRQHandler
                0x0000016c                Reserved37_DriverIRQHandler
                0x0000016c                Reserved39_DriverIRQHandler
                0x0000016c                Reserved33_DriverIRQHandler
                0x0000016c                I2C0_DriverIRQHandler
                0x0000016c                SCT0_DriverIRQHandler
                0x0000016c                PIN_INT3_DriverIRQHandler
                0x0000016c                PIN_INT2_DriverIRQHandler
                0x0000016c                SPI0_DriverIRQHandler
                0x0000016c                CMP_DriverIRQHandler
                0x0000016c                Reserved36_DriverIRQHandler
                0x0000016c                PIN_INT0_DriverIRQHandler
                0x0000016c                BOD_DriverIRQHandler
                0x0000016c                Reserved35_DriverIRQHandler
                0x0000016c                Reserved34_DriverIRQHandler
                0x0000016c                Reserved23_DriverIRQHandler
                0x0000016c                IntDefaultHandler
                0x0000016c                PIN_INT1_DriverIRQHandler
                0x0000016c                WDT_DriverIRQHandler
                0x0000016c                WKT_DriverIRQHandler
                0x0000016c                MRT0_DriverIRQHandler
                0x0000016c                PIN_INT4_DriverIRQHandler
                0x0000016c                PIN_INT5_DriverIRQHandler
                0x0000016c                Reserved18_DriverIRQHandler
                0x0000016c                PIN_INT7_DriverIRQHandler
                0x0000016c                Reserved38_DriverIRQHandler
                0x0000016c                PIN_INT6_DriverIRQHandler
                0x0000016c                Reserved22_DriverIRQHandler
                0x0000016c                Reserved32_DriverIRQHandler
                0x0000016c                Reserved30_DriverIRQHandler
                0x0000016e                SPI0_IRQHandler
                0x00000176                SPI1_IRQHandler
                0x0000017e                Reserved18_IRQHandler
                0x00000186                USART0_IRQHandler
                0x0000018e                USART1_IRQHandler
                0x00000196                USART2_IRQHandler
                0x0000019e                Reserved22_IRQHandler
                0x000001a6                Reserved23_IRQHandler
                0x000001b6                SCT0_IRQHandler
                0x000001be                MRT0_IRQHandler
                0x000001c6                CMP_IRQHandler
                0x000001ce                WDT_IRQHandler
                0x000001d6                BOD_IRQHandler
                0x000001de                Reserved30_IRQHandler
                0x000001e6                WKT_IRQHandler
                0x000001ee                Reserved32_IRQHandler
                0x000001f6                Reserved33_IRQHandler
                0x000001fe                Reserved34_IRQHandler
                0x00000206                Reserved35_IRQHandler
                0x0000020e                Reserved36_IRQHandler
                0x00000216                Reserved37_IRQHandler
                0x0000021e                Reserved38_IRQHandler
                0x00000226                Reserved39_IRQHandler
                0x0000022e                PIN_INT0_IRQHandler
                0x00000236                PIN_INT1_IRQHandler
                0x0000023e                PIN_INT2_IRQHandler
                0x00000246                PIN_INT3_IRQHandler
                0x0000024e                PIN_INT4_IRQHandler
                0x00000256                PIN_INT5_IRQHandler
                0x0000025e                PIN_INT6_IRQHandler
                0x00000266                PIN_INT7_IRQHandler
                0x000002fc                . = 0x2fc
 *fill*         0x0000026e       0x8e ff
                0x000002fc                PROVIDE (__CRP_WORD_START__ = .)
 *(SORT_BY_ALIGNMENT(.crp))
 .crp           0x000002fc        0x4 ./startup/startup_lpc812.o
                0x000002fc                CRP_WORD
                0x00000300                PROVIDE (__CRP_WORD_END__ = .)
                0x00000001                ASSERT (! ((__CRP_WORD_START__ == __CRP_WORD_END__)), Linker CRP Enabled, but no CRP_WORD provided within application)
 *(SORT_BY_ALIGNMENT(.text*))
 .text.__assertion_failed
                0x00000300       0x1c ./utilities/fsl_assert.o
                0x00000300                __assertion_failed
 .text.DbgConsole_Init
                0x0000031c       0x9c ./utilities/fsl_debug_console.o
                0x0000031c                DbgConsole_Init
 .text.DbgConsole_Printf
                0x000003b8       0x44 ./utilities/fsl_debug_console.o
                0x000003b8                DbgConsole_Printf
 .text.DbgConsole_Putchar
                0x000003fc       0x30 ./utilities/fsl_debug_console.o
                0x000003fc                DbgConsole_Putchar
 .text.__NVIC_EnableIRQ
                0x0000042c       0x34 ./source/main.o
 .text.__NVIC_ClearPendingIRQ
                0x00000460       0x38 ./source/main.o
 .text.__NVIC_SetPriority
                0x00000498       0xdc ./source/main.o
 .text.CLOCK_Select
                0x00000574       0x38 ./source/main.o
 .text.I2C0_IRQHandler
                0x000005ac       0x14 ./source/main.o
                0x000005ac                I2C0_IRQHandler
 .text.main     0x000005c0       0x88 ./source/main.o
                0x000005c0                main
 .text.HardFault_Handler
                0x00000648       0x30 ./source/semihost_hardfault.o
                0x00000648                HardFault_Handler
 .text.maxm86161_read_samples_in_fifo
                0x00000678      0x234 ./drivers/MAXM86161.o
                0x00000678                maxm86161_read_samples_in_fifo
 .text.CLOCK_GetSystemPLLFreq
                0x000008ac       0x20 ./drivers/fsl_clock.o
 .text.CLOCK_GetWdtOscFreq
                0x000008cc       0x14 ./drivers/fsl_clock.o
 .text.CLOCK_GetExtClkFreq
                0x000008e0       0x14 ./drivers/fsl_clock.o
 .text.CLOCK_UpdateClkSrc
                0x000008f4       0x4c ./drivers/fsl_clock.o
 .text.CLOCK_GetIrcFreq
                0x00000940       0x10 ./drivers/fsl_clock.o
                0x00000940                CLOCK_GetIrcFreq
 .text.CLOCK_GetSysOscFreq
                0x00000950       0x30 ./drivers/fsl_clock.o
                0x00000950                CLOCK_GetSysOscFreq
 .text.CLOCK_GetMainClkFreq
                0x00000980       0x60 ./drivers/fsl_clock.o
                0x00000980                CLOCK_GetMainClkFreq
 .text.CLOCK_GetSystemPLLInClockRate
                0x000009e0       0x54 ./drivers/fsl_clock.o
                0x000009e0                CLOCK_GetSystemPLLInClockRate
 .text.findSyestemPllPsel
                0x00000a34       0x50 ./drivers/fsl_clock.o
 .text.CLOCK_InitSystemPll
                0x00000a84      0x110 ./drivers/fsl_clock.o
                0x00000a84                CLOCK_InitSystemPll
 .text.CLOCK_SetMainClkSrc
                0x00000b94       0x6c ./drivers/fsl_clock.o
                0x00000b94                CLOCK_SetMainClkSrc
 .text.CLOCK_UpdateClkOUTsrc
                0x00000c00       0x18 ./drivers/fsl_clock.o
                0x00000c00                CLOCK_UpdateClkOUTsrc
 .text.I2C_MasterStart
                0x00000c18       0x54 ./drivers/fsl_i2c.o
                0x00000c18                I2C_MasterStart
 .text.I2C_MasterStop
                0x00000c6c       0x30 ./drivers/fsl_i2c.o
                0x00000c6c                I2C_MasterStop
 .text.I2C_MasterWriteBlocking
                0x00000c9c      0x114 ./drivers/fsl_i2c.o
                0x00000c9c                I2C_MasterWriteBlocking
 .text.I2C_MasterReadBlocking
                0x00000db0       0xf4 ./drivers/fsl_i2c.o
                0x00000db0                I2C_MasterReadBlocking
 .text.I2C_MasterTransferBlocking
                0x00000ea4      0x164 ./drivers/fsl_i2c.o
                0x00000ea4                I2C_MasterTransferBlocking
 .text.RESET_SetPeripheralReset
                0x00001008       0x48 ./drivers/fsl_reset.o
 .text.RESET_ClearPeripheralReset
                0x00001050       0x48 ./drivers/fsl_reset.o
 .text.SWM_SetMovablePinSelect
                0x00001098       0x98 ./drivers/fsl_swm.o
                0x00001098                SWM_SetMovablePinSelect
 .text.CLOCK_EnableClock
                0x00001130       0x30 ./drivers/fsl_usart.o
 .text.USART_EnableContinuousSCLK
                0x00001160       0x40 ./drivers/fsl_usart.o
 .text.USART_GetInstance
                0x000011a0       0x4c ./drivers/fsl_usart.o
                0x000011a0                USART_GetInstance
 .text.USART_Init
                0x000011ec      0x12c ./drivers/fsl_usart.o
                0x000011ec                USART_Init
 .text.USART_GetDefaultConfig
                0x00001318       0x74 ./drivers/fsl_usart.o
                0x00001318                USART_GetDefaultConfig
 .text.USART_SetBaudRate
                0x0000138c       0xac ./drivers/fsl_usart.o
                0x0000138c                USART_SetBaudRate
 .text.USART_WriteBlocking
                0x00001438       0x64 ./drivers/fsl_usart.o
                0x00001438                USART_WriteBlocking
 .text.USART_ReadBlocking
                0x0000149c       0xc0 ./drivers/fsl_usart.o
                0x0000149c                USART_ReadBlocking
 .text.USART0_DriverIRQHandler
                0x0000155c       0x24 ./drivers/fsl_usart.o
                0x0000155c                USART0_DriverIRQHandler
 .text.USART1_DriverIRQHandler
                0x00001580       0x24 ./drivers/fsl_usart.o
                0x00001580                USART1_DriverIRQHandler
 .text.USART2_DriverIRQHandler
                0x000015a4       0x24 ./drivers/fsl_usart.o
                0x000015a4                USART2_DriverIRQHandler
 .text.SystemInit
                0x000015c8       0x2c ./device/system_LPC812.o
                0x000015c8                SystemInit
 .text.HAL_UartGetStatus
                0x000015f4       0x20 ./component/uart/fsl_adapter_miniusart.o
 .text.HAL_UartInit
                0x00001614      0x11c ./component/uart/fsl_adapter_miniusart.o
                0x00001614                HAL_UartInit
 .text.HAL_UartReceiveBlocking
                0x00001730       0x78 ./component/uart/fsl_adapter_miniusart.o
                0x00001730                HAL_UartReceiveBlocking
 .text.HAL_UartSendBlocking
                0x000017a8       0x6c ./component/uart/fsl_adapter_miniusart.o
                0x000017a8                HAL_UartSendBlocking
 .text.CLOCK_EnableClock
                0x00001814       0x30 ./board/board.o
 .text.CLOCK_SetClkDivider
                0x00001844       0x30 ./board/board.o
 .text.BOARD_InitDebugConsole
                0x00001874       0x50 ./board/board.o
                0x00001874                BOARD_InitDebugConsole
 .text.CLOCK_Select
                0x000018c4       0x38 ./board/clock_config.o
 .text.CLOCK_SetCoreSysClkDiv
                0x000018fc       0x3c ./board/clock_config.o
 .text.POWER_DisablePD
                0x00001938       0x2c ./board/clock_config.o
 .text.BOARD_BootClockIRC12M
                0x00001964       0x68 ./board/clock_config.o
                0x00001964                BOARD_BootClockIRC12M
 .text.CLOCK_EnableClock
                0x000019cc       0x30 ./board/pin_mux.o
 .text.CLOCK_DisableClock
                0x000019fc       0x34 ./board/pin_mux.o
 .text.BOARD_InitPins
                0x00001a30       0x4c ./board/pin_mux.o
                0x00001a30                BOARD_InitPins
 .text._initio  0x00001a7c       0x7c c:/nxp/mcuxpressoide_11.5.1_7266/ide/plugins/com.nxp.mcuxpresso.tools.win32_11.5.1.202201181444/tools/bin/../lib/gcc/arm-none-eabi/10.3.1/../../../../arm-none-eabi/lib/thumb/v6-m/nofp\libcr_c.a(initio.o)
                0x00001a7c                _initio
 .text.setvbuf  0x00001af8       0x4c c:/nxp/mcuxpressoide_11.5.1_7266/ide/plugins/com.nxp.mcuxpresso.tools.win32_11.5.1.202201181444/tools/bin/../lib/gcc/arm-none-eabi/10.3.1/../../../../arm-none-eabi/lib/thumb/v6-m/nofp\libcr_c.a(setvbuf.o)
                0x00001af8                setvbuf
 .text.strlen   0x00001b44       0x58 c:/nxp/mcuxpressoide_11.5.1_7266/ide/plugins/com.nxp.mcuxpresso.tools.win32_11.5.1.202201181444/tools/bin/../lib/gcc/arm-none-eabi/10.3.1/../../../../arm-none-eabi/lib/thumb/v6-m/nofp\libcr_c.a(strlen.o)
                0x00001b44                strlen
 .text._fdopen  0x00001b9c       0x74 c:/nxp/mcuxpressoide_11.5.1_7266/ide/plugins/com.nxp.mcuxpresso.tools.win32_11.5.1.202201181444/tools/bin/../lib/gcc/arm-none-eabi/10.3.1/../../../../arm-none-eabi/lib/thumb/v6-m/nofp\libcr_c.a(_fdopen.o)
                0x00001b9c                _fdopen
 .text.fclose   0x00001c10       0x5c c:/nxp/mcuxpressoide_11.5.1_7266/ide/plugins/com.nxp.mcuxpresso.tools.win32_11.5.1.202201181444/tools/bin/../lib/gcc/arm-none-eabi/10.3.1/../../../../arm-none-eabi/lib/thumb/v6-m/nofp\libcr_c.a(fclose.o)
                0x00001c10                fclose
 .text.fflush   0x00001c6c       0x44 c:/nxp/mcuxpressoide_11.5.1_7266/ide/plugins/com.nxp.mcuxpresso.tools.win32_11.5.1.202201181444/tools/bin/../lib/gcc/arm-none-eabi/10.3.1/../../../../arm-none-eabi/lib/thumb/v6-m/nofp\libcr_c.a(fflush.o)
                0x00001c6c                fflush
 .text.fseek    0x00001cb0       0xf0 c:/nxp/mcuxpressoide_11.5.1_7266/ide/plugins/com.nxp.mcuxpresso.tools.win32_11.5.1.202201181444/tools/bin/../lib/gcc/arm-none-eabi/10.3.1/../../../../arm-none-eabi/lib/thumb/v6-m/nofp\libcr_c.a(fseek.o)
                0x00001cb0                fseek
 .text.ftell    0x00001da0       0x48 c:/nxp/mcuxpressoide_11.5.1_7266/ide/plugins/com.nxp.mcuxpresso.tools.win32_11.5.1.202201181444/tools/bin/../lib/gcc/arm-none-eabi/10.3.1/../../../../arm-none-eabi/lib/thumb/v6-m/nofp\libcr_c.a(ftell.o)
                0x00001da0                ftell
 .text._do_fflush
                0x00001de8       0x48 c:/nxp/mcuxpressoide_11.5.1_7266/ide/plugins/com.nxp.mcuxpresso.tools.win32_11.5.1.202201181444/tools/bin/../lib/gcc/arm-none-eabi/10.3.1/../../../../arm-none-eabi/lib/thumb/v6-m/nofp\libcr_c.a(_do_fflush.o)
                0x00001de8                _do_fflush
 .text._fflush  0x00001e30       0x60 c:/nxp/mcuxpressoide_11.5.1_7266/ide/plugins/com.nxp.mcuxpresso.tools.win32_11.5.1.202201181444/tools/bin/../lib/gcc/arm-none-eabi/10.3.1/../../../../arm-none-eabi/lib/thumb/v6-m/nofp\libcr_c.a(_fflush.o)
                0x00001e30                _fflush
 .text._Cwritebuf
                0x00001e90       0x68 c:/nxp/mcuxpressoide_11.5.1_7266/ide/plugins/com.nxp.mcuxpresso.tools.win32_11.5.1.202201181444/tools/bin/../lib/gcc/arm-none-eabi/10.3.1/../../../../arm-none-eabi/lib/thumb/v6-m/nofp\libcr_c.a(_writebuf.o)
                0x00001e90                _Cwritebuf
 .text._deferredlazyseek
                0x00001ef8       0x40 c:/nxp/mcuxpressoide_11.5.1_7266/ide/plugins/com.nxp.mcuxpresso.tools.win32_11.5.1.202201181444/tools/bin/../lib/gcc/arm-none-eabi/10.3.1/../../../../arm-none-eabi/lib/thumb/v6-m/nofp\libcr_c.a(_deferredlazyseek.o)
                0x00001ef8                _deferredlazyseek
 .text.DbgConsole_PrintfPaddingCharacter
                0x00001f38       0x48 ./utilities/fsl_debug_console.o
 .text.DbgConsole_ConvertRadixNumToString
                0x00001f80      0x110 ./utilities/fsl_debug_console.o
 .text.DbgConsole_PrintfFormattedData
                0x00002090      0x3b4 ./utilities/fsl_debug_console.o
 .text.maxm86161_software_reset
                0x00002444       0x6e ./drivers/MAXM86161.o
                0x00002444                maxm86161_software_reset
 .text.maxm86161_set_int_level
                0x000024b2       0x58 ./drivers/MAXM86161.o
                0x000024b2                maxm86161_set_int_level
 .text.maxm86161_ppg_config
                0x0000250a       0xa2 ./drivers/MAXM86161.o
                0x0000250a                maxm86161_ppg_config
 .text.maxm86161_led_pa_config
                0x000025ac       0x66 ./drivers/MAXM86161.o
                0x000025ac                maxm86161_led_pa_config
 .text.maxm86161_led_sequence_config
                0x00002612       0xac ./drivers/MAXM86161.o
                0x00002612                maxm86161_led_sequence_config
 .text.maxm86161_interupt_control
                0x000026be       0xa6 ./drivers/MAXM86161.o
                0x000026be                maxm86161_interupt_control
 .text.maxim86162_init_dev
                0x00002764       0xb8 ./drivers/MAXM86161.o
                0x00002764                maxim86162_init_dev
 .text.I2C_GetStatusFlags
                0x0000281c       0x14 ./drivers/fsl_i2c.o
 .text.I2C_MasterClearStatusFlags
                0x00002830       0x1c ./drivers/fsl_i2c.o
 .text.I2C_MasterRepeatedStart
                0x0000284c       0x32 ./drivers/fsl_i2c.o
 .text.I2C_PendingStatusWait
                0x0000287e       0x30 ./drivers/fsl_i2c.o
 .text.RESET_PeripheralReset
                0x000028ae       0x28 ./drivers/fsl_reset.o
                0x000028ae                RESET_PeripheralReset
 .text.USART_EnableTx
                0x000028d6       0x46 ./drivers/fsl_usart.o
 .text.USART_EnableRx
                0x0000291c       0x44 ./drivers/fsl_usart.o
 .text.SystemInitHook
                0x00002960        0xa ./device/system_LPC812.o
                0x00002960                SystemInitHook
 .text.__main   0x0000296a        0xc c:/nxp/mcuxpressoide_11.5.1_7266/ide/plugins/com.nxp.mcuxpresso.tools.win32_11.5.1.202201181444/tools/bin/../lib/gcc/arm-none-eabi/10.3.1/../../../../arm-none-eabi/lib/thumb/v6-m/nofp\libcr_nohost_nf.a(_cr__main.o)
                0x0000296a                __main
 .text.memset   0x00002976        0x8 c:/nxp/mcuxpressoide_11.5.1_7266/ide/plugins/com.nxp.mcuxpresso.tools.win32_11.5.1.202201181444/tools/bin/../lib/gcc/arm-none-eabi/10.3.1/../../../../arm-none-eabi/lib/thumb/v6-m/nofp\libcr_c.a(memset.o)
                0x00002976                memset
 .text.free     0x0000297e       0x2c c:/nxp/mcuxpressoide_11.5.1_7266/ide/plugins/com.nxp.mcuxpresso.tools.win32_11.5.1.202201181444/tools/bin/../lib/gcc/arm-none-eabi/10.3.1/../../../../arm-none-eabi/lib/thumb/v6-m/nofp\libcr_c.a(alloc.o)
                0x0000297e                free
 .text.remove   0x000029aa       0x12 c:/nxp/mcuxpressoide_11.5.1_7266/ide/plugins/com.nxp.mcuxpresso.tools.win32_11.5.1.202201181444/tools/bin/../lib/gcc/arm-none-eabi/10.3.1/../../../../arm-none-eabi/lib/thumb/v6-m/nofp\libcr_c.a(remove.o)
                0x000029aa                remove
 .text.__aeabi_division_idivmod
                0x000029bc       0x78 c:/nxp/mcuxpressoide_11.5.1_7266/ide/plugins/com.nxp.mcuxpresso.tools.win32_11.5.1.202201181444/tools/bin/../lib/gcc/arm-none-eabi/10.3.1/thumb/v6-m/nofp\libcr_eabihelpers.a(division_32.o)
                0x000029bc                __aeabi_idivmod
                0x000029bc                __aeabi_idiv
                0x000029c2                __aeabi_uidivmod
                0x000029c2                __aeabi_uidiv
 .text.__aeabi_division_idiv0
                0x00002a34        0x2 c:/nxp/mcuxpressoide_11.5.1_7266/ide/plugins/com.nxp.mcuxpresso.tools.win32_11.5.1.202201181444/tools/bin/../lib/gcc/arm-none-eabi/10.3.1/thumb/v6-m/nofp\libcr_eabihelpers.a(division_idiv0.o)
                0x00002a34                __aeabi_idiv0
 .text.__aeabi_memset_lowlevel
                0x00002a36       0x2a c:/nxp/mcuxpressoide_11.5.1_7266/ide/plugins/com.nxp.mcuxpresso.tools.win32_11.5.1.202201181444/tools/bin/../lib/gcc/arm-none-eabi/10.3.1/thumb/v6-m/nofp\libcr_eabihelpers.a(memcpy.o)
                0x00002a36                __aeabi_lowlevel_memset
 .text.__sys_close
                0x00002a60        0x6 c:/nxp/mcuxpressoide_11.5.1_7266/ide/plugins/com.nxp.mcuxpresso.tools.win32_11.5.1.202201181444/tools/bin/../lib/gcc/arm-none-eabi/10.3.1/../../../../arm-none-eabi/lib/thumb/v6-m/nofp\libcr_nohost_nf.a(__sys_close.o)
                0x00002a60                __sys_close
 .text.__sys_flen
                0x00002a66        0x6 c:/nxp/mcuxpressoide_11.5.1_7266/ide/plugins/com.nxp.mcuxpresso.tools.win32_11.5.1.202201181444/tools/bin/../lib/gcc/arm-none-eabi/10.3.1/../../../../arm-none-eabi/lib/thumb/v6-m/nofp\libcr_nohost_nf.a(__sys_flen.o)
                0x00002a66                __sys_flen
 .text.__sys_istty
                0x00002a6c        0x6 c:/nxp/mcuxpressoide_11.5.1_7266/ide/plugins/com.nxp.mcuxpresso.tools.win32_11.5.1.202201181444/tools/bin/../lib/gcc/arm-none-eabi/10.3.1/../../../../arm-none-eabi/lib/thumb/v6-m/nofp\libcr_nohost_nf.a(__sys_istty.o)
                0x00002a6c                __sys_istty
 .text.__sys_remove
                0x00002a72        0x6 c:/nxp/mcuxpressoide_11.5.1_7266/ide/plugins/com.nxp.mcuxpresso.tools.win32_11.5.1.202201181444/tools/bin/../lib/gcc/arm-none-eabi/10.3.1/../../../../arm-none-eabi/lib/thumb/v6-m/nofp\libcr_nohost_nf.a(__sys_remove.o)
                0x00002a72                __sys_remove
 .text.__sys_seek
                0x00002a78        0x6 c:/nxp/mcuxpressoide_11.5.1_7266/ide/plugins/com.nxp.mcuxpresso.tools.win32_11.5.1.202201181444/tools/bin/../lib/gcc/arm-none-eabi/10.3.1/../../../../arm-none-eabi/lib/thumb/v6-m/nofp\libcr_nohost_nf.a(__sys_seek.o)
                0x00002a78                __sys_seek
 .text.__sys_tmpnam
                0x00002a7e        0x6 c:/nxp/mcuxpressoide_11.5.1_7266/ide/plugins/com.nxp.mcuxpresso.tools.win32_11.5.1.202201181444/tools/bin/../lib/gcc/arm-none-eabi/10.3.1/../../../../arm-none-eabi/lib/thumb/v6-m/nofp\libcr_nohost_nf.a(__sys_tmpnam.o)
                0x00002a7e                __sys_tmpnam
 .text.__sys_write
                0x00002a84        0x4 c:/nxp/mcuxpressoide_11.5.1_7266/ide/plugins/com.nxp.mcuxpresso.tools.win32_11.5.1.202201181444/tools/bin/../lib/gcc/arm-none-eabi/10.3.1/../../../../arm-none-eabi/lib/thumb/v6-m/nofp\libcr_nohost_nf.a(__sys_write.o)
                0x00002a84                __sys_write
 *(SORT_BY_ALIGNMENT(.rodata) SORT_BY_ALIGNMENT(.rodata.*) SORT_BY_ALIGNMENT(.constdata) SORT_BY_ALIGNMENT(.constdata.*))
 .rodata.__assertion_failed.str1.4
                0x00002a88       0x14 ./utilities/fsl_assert.o
 .rodata.CLOCK_UpdateClkSrc.str1.4
                0x00002a9c       0x16 ./drivers/fsl_clock.o
 *fill*         0x00002ab2        0x2 ff
 .rodata.CLOCK_InitSystemPll.str1.4
                0x00002ab4       0x66 ./drivers/fsl_clock.o
 *fill*         0x00002b1a        0x2 ff
 .rodata.I2C_MasterWriteBlocking.str1.4
                0x00002b1c       0x1f ./drivers/fsl_i2c.o
 *fill*         0x00002b3b        0x1 ff
 .rodata.I2C_MasterReadBlocking.str1.4
                0x00002b3c       0x1f ./drivers/fsl_i2c.o
 *fill*         0x00002b5b        0x1 ff
 .rodata.I2C_MasterTransferBlocking.str1.4
                0x00002b5c       0x15 ./drivers/fsl_i2c.o
 *fill*         0x00002b71        0x3 ff
 .rodata.RESET_SetPeripheralReset.str1.4
                0x00002b74       0x1f ./drivers/fsl_reset.o
 *fill*         0x00002b93        0x1 ff
 .rodata.RESET_ClearPeripheralReset.str1.4
                0x00002b94       0x1f ./drivers/fsl_reset.o
 *fill*         0x00002bb3        0x1 ff
 .rodata.SWM_SetMovablePinSelect.str1.4
                0x00002bb4       0x49 ./drivers/fsl_swm.o
 *fill*         0x00002bfd        0x3 ff
 .rodata.s_usartBaseAddrs
                0x00002c00        0xc ./drivers/fsl_usart.o
 .rodata.s_usartClock
                0x00002c0c        0x3 ./drivers/fsl_usart.o
 *fill*         0x00002c0f        0x1 ff
 .rodata.s_usartRest
                0x00002c10        0x3 ./drivers/fsl_usart.o
 *fill*         0x00002c13        0x1 ff
 .rodata.USART_GetInstance.str1.4
                0x00002c14       0x3b ./drivers/fsl_usart.o
 *fill*         0x00002c4f        0x1 ff
 .rodata.USART_Init.str1.4
                0x00002c50       0x4f ./drivers/fsl_usart.o
 *fill*         0x00002c9f        0x1 ff
 .rodata.USART_GetDefaultConfig.str1.4
                0x00002ca0       0x21 ./drivers/fsl_usart.o
 *fill*         0x00002cc1        0x3 ff
 .rodata.USART_SetBaudRate.str1.4
                0x00002cc4       0xb5 ./drivers/fsl_usart.o
 *fill*         0x00002d79        0x3 ff
 .rodata.USART_WriteBlocking.str1.4
                0x00002d7c       0x36 ./drivers/fsl_usart.o
 *fill*         0x00002db2        0x2 ff
 .rodata.USART_ReadBlocking.str1.4
                0x00002db4       0x36 ./drivers/fsl_usart.o
 *fill*         0x00002dea        0x2 ff
 .rodata.s_UsartAdapterBase
                0x00002dec        0xc ./component/uart/fsl_adapter_miniusart.o
 .rodata.HAL_UartInit.str1.4
                0x00002df8       0xfb ./component/uart/fsl_adapter_miniusart.o
 *fill*         0x00002ef3        0x1 ff
 .rodata.HAL_UartReceiveBlocking.str1.4
                0x00002ef4       0x71 ./component/uart/fsl_adapter_miniusart.o
 *fill*         0x00002f65        0x3 ff
 .rodata.HAL_UartSendBlocking.str1.4
                0x00002f68       0x71 ./component/uart/fsl_adapter_miniusart.o
 *fill*         0x00002fd9        0x3 ff
 .rodata.BOARD_InitDebugConsole.str1.4
                0x00002fdc       0x27 ./board/board.o
 *fill*         0x00003003        0x1 ff
 .rodata.CLOCK_SetCoreSysClkDiv.str1.4
                0x00003004       0x8f ./board/clock_config.o
 *fill*         0x00003093        0x1 ff
 .rodata.__num_Ciob_streams
                0x00003094        0x4 c:/nxp/mcuxpressoide_11.5.1_7266/ide/plugins/com.nxp.mcuxpresso.tools.win32_11.5.1.202201181444/tools/bin/../lib/gcc/arm-none-eabi/10.3.1/../../../../arm-none-eabi/lib/thumb/v6-m/nofp\libcr_nohost_nf.a(__ciob.o)
                0x00003094                __num_Ciob_streams
 .rodata._initio.str1.1
                0x00003098        0x4 c:/nxp/mcuxpressoide_11.5.1_7266/ide/plugins/com.nxp.mcuxpresso.tools.win32_11.5.1.202201181444/tools/bin/../lib/gcc/arm-none-eabi/10.3.1/../../../../arm-none-eabi/lib/thumb/v6-m/nofp\libcr_c.a(initio.o)
                0x0000309c                . = ALIGN (0x4)
                0x0000309c                _etext = .

.glue_7         0x0000309c        0x0
 .glue_7        0x0000309c        0x0 linker stubs

.glue_7t        0x0000309c        0x0
 .glue_7t       0x0000309c        0x0 linker stubs

.vfp11_veneer   0x0000309c        0x0
 .vfp11_veneer  0x0000309c        0x0 linker stubs

.v4_bx          0x0000309c        0x0
 .v4_bx         0x0000309c        0x0 linker stubs

.iplt           0x0000309c        0x0
 .iplt          0x0000309c        0x0 ./utilities/fsl_assert.o

.rel.dyn        0x0000309c        0x0
 .rel.iplt      0x0000309c        0x0 ./utilities/fsl_assert.o

.mtb_buffer_RAM2
 *(SORT_BY_ALIGNMENT(.mtb.$RAM2*))
 *(SORT_BY_ALIGNMENT(.mtb.$IAP_SRAM*))

.data_RAM2      0x10000fe0        0x0 load address 0x0000309c
 FILL mask 0xff
                [!provide]                PROVIDE (__start_data_RAM2 = .)
                [!provide]                PROVIDE (__start_data_IAP_SRAM = .)
 *(SORT_BY_ALIGNMENT(.ramfunc.$RAM2))
 *(SORT_BY_ALIGNMENT(.ramfunc.$IAP_SRAM))
 *(SORT_BY_ALIGNMENT(.data.$RAM2))
 *(SORT_BY_ALIGNMENT(.data.$IAP_SRAM))
 *(SORT_BY_ALIGNMENT(.data.$RAM2.*))
 *(SORT_BY_ALIGNMENT(.data.$IAP_SRAM.*))
                0x10000fe0                . = ALIGN (0x4)
                [!provide]                PROVIDE (__end_data_RAM2 = .)
                [!provide]                PROVIDE (__end_data_IAP_SRAM = .)

.mtb_buffer_default
                0x10000000       0x80
 *(SORT_BY_ALIGNMENT(.mtb*))
 .mtb.$RAM1     0x10000000       0x80 ./source/mtb.o
                0x10000000                __mtb_buffer__

.uninit_RESERVED
                0x10000080        0x0
                0x10000080                _start_uninit_RESERVED = .
 *(SORT_BY_ALIGNMENT(.bss.$RESERVED*))
                0x10000080                . = ALIGN (0x4)
                0x10000080                _end_uninit_RESERVED = .

.data           0x10000080       0x34 load address 0x0000309c
 FILL mask 0xff
                0x10000080                _data = .
                [!provide]                PROVIDE (__start_data_RAM = .)
                [!provide]                PROVIDE (__start_data_SRAM = .)
 *(SORT_BY_ALIGNMENT(vtable))
 *(SORT_BY_ALIGNMENT(.ramfunc*))
 *(SORT_BY_ALIGNMENT(CodeQuickAccess))
 *(SORT_BY_ALIGNMENT(DataQuickAccess))
 *(SORT_BY_ALIGNMENT(RamFunction))
 *(SORT_BY_ALIGNMENT(.data*))
 .data.default_maxim_config
                0x10000080       0x18 ./source/main.o
                0x10000080                default_maxim_config
 .data.xfer     0x10000098       0x18 ./source/main.o
                0x10000098                xfer
 .data.SystemCoreClock
                0x100000b0        0x4 ./device/system_LPC812.o
                0x100000b0                SystemCoreClock
                0x100000b4                . = ALIGN (0x4)
                0x100000b4                _edata = .
                [!provide]                PROVIDE (__end_data_RAM = .)
                [!provide]                PROVIDE (__end_data_SRAM = .)

.igot.plt       0x100000b4        0x0 load address 0x000030d0
 .igot.plt      0x100000b4        0x0 ./utilities/fsl_assert.o

.bss_RAM2       0x10000fe0        0x0
                [!provide]                PROVIDE (__start_bss_RAM2 = .)
                [!provide]                PROVIDE (__start_bss_IAP_SRAM = .)
 *(SORT_BY_ALIGNMENT(.bss.$RAM2))
 *(SORT_BY_ALIGNMENT(.bss.$IAP_SRAM))
 *(SORT_BY_ALIGNMENT(.bss.$RAM2.*))
 *(SORT_BY_ALIGNMENT(.bss.$IAP_SRAM.*))
                0x10000fe0                . = ALIGN ((. != 0x0)?0x4:0x1)
                [!provide]                PROVIDE (__end_bss_RAM2 = .)
                [!provide]                PROVIDE (__end_bss_IAP_SRAM = .)

.bss            0x100000b4       0xf8
                0x100000b4                _bss = .
                [!provide]                PROVIDE (__start_bss_RAM = .)
                [!provide]                PROVIDE (__start_bss_SRAM = .)
 *(SORT_BY_ALIGNMENT(.bss*))
 .bss.s_debugConsole
                0x100000b4       0x14 ./utilities/fsl_debug_console.o
 .bss.datos     0x100000c8        0xc ./source/main.o
                0x100000c8                datos
 .bss.g_Ext_Clk_Freq
                0x100000d4        0x4 ./drivers/fsl_clock.o
                0x100000d4                g_Ext_Clk_Freq
 .bss.g_Wdt_Osc_Freq
                0x100000d8        0x4 ./drivers/fsl_clock.o
                0x100000d8                g_Wdt_Osc_Freq
 .bss.s_Sys_Pll_Freq
                0x100000dc        0x4 ./drivers/fsl_clock.o
 .bss.s_usartHandle
                0x100000e0        0xc ./drivers/fsl_usart.o
 .bss.s_usartIsr
                0x100000ec        0x4 ./drivers/fsl_usart.o
 .bss.errno     0x100000f0        0x4 c:/nxp/mcuxpressoide_11.5.1_7266/ide/plugins/com.nxp.mcuxpresso.tools.win32_11.5.1.202201181444/tools/bin/../lib/gcc/arm-none-eabi/10.3.1/../../../../arm-none-eabi/lib/thumb/v6-m/nofp\libcr_c.a(errno.o)
                0x100000f0                errno
 .bss.__Ciob    0x100000f4       0xb4 c:/nxp/mcuxpressoide_11.5.1_7266/ide/plugins/com.nxp.mcuxpresso.tools.win32_11.5.1.202201181444/tools/bin/../lib/gcc/arm-none-eabi/10.3.1/../../../../arm-none-eabi/lib/thumb/v6-m/nofp\libcr_nohost_nf.a(__ciob.o)
                0x100000f4                __Ciob
 .bss.flag_irq  0x100001a8        0x1 ./source/main.o
                0x100001a8                flag_irq
 *(SORT_BY_ALIGNMENT(COMMON))
                0x100001ac                . = ALIGN (0x4)
 *fill*         0x100001a9        0x3 
                0x100001ac                _ebss = .
                [!provide]                PROVIDE (__end_bss_RAM = .)
                [!provide]                PROVIDE (__end_bss_SRAM = .)
                [!provide]                PROVIDE (end = .)

.noinit_RAM2    0x10000fe0        0x0
                [!provide]                PROVIDE (__start_noinit_RAM2 = .)
                [!provide]                PROVIDE (__start_noinit_IAP_SRAM = .)
 *(SORT_BY_ALIGNMENT(.noinit.$RAM2))
 *(SORT_BY_ALIGNMENT(.noinit.$IAP_SRAM))
 *(SORT_BY_ALIGNMENT(.noinit.$RAM2.*))
 *(SORT_BY_ALIGNMENT(.noinit.$IAP_SRAM.*))
                0x10000fe0                . = ALIGN (0x4)
                [!provide]                PROVIDE (__end_noinit_RAM2 = .)
                [!provide]                PROVIDE (__end_noinit_IAP_SRAM = .)

.noinit         0x100001ac        0x0
                0x100001ac                _noinit = .
                [!provide]                PROVIDE (__start_noinit_RAM = .)
                [!provide]                PROVIDE (__start_noinit_SRAM = .)
 *(SORT_BY_ALIGNMENT(.noinit*))
                0x100001ac                . = ALIGN (0x4)
                0x100001ac                _end_noinit = .
                [!provide]                PROVIDE (__end_noinit_RAM = .)
                [!provide]                PROVIDE (__end_noinit_SRAM = .)

.ARM.extab
 *(SORT_BY_ALIGNMENT(.ARM.extab*) SORT_BY_ALIGNMENT(.gnu.linkonce.armextab.*))

.ARM.exidx      0x000030d0        0x0
                0x000030d0                __exidx_start = .
 *(SORT_BY_ALIGNMENT(.ARM.exidx*) SORT_BY_ALIGNMENT(.gnu.linkonce.armexidx.*))
                0x000030d0                __exidx_end = .
                0x000000f8                _HeapSize = 0xf8

.heap           0x100001ac       0xf8
                0x100001ac                _pvHeapStart = .
                0x100002a4                . = (. + _HeapSize)
 *fill*         0x100001ac       0xf8 
                0x100002a4                . = ALIGN (0x4)
                0x100002a4                _pvHeapLimit = .
                0x000000f8                _StackSize = 0xf8

.heap2stackfill
                0x100002a4       0xf8
                0x1000039c                . = (. + _StackSize)
 *fill*         0x100002a4       0xf8 

.stack          0x10000ee8        0x0
                0x10000ee8                _vStackBase = .
                0x10000ee8                . = ALIGN (0x4)
                0x10000fe0                _vStackTop = (. + _StackSize)
                0xefffe78b                PROVIDE (__valid_user_code_checksum = (0x0 - (((_vStackTop + (ResetISR + 0x1)) + (DEFINED (NMI_Handler)?NMI_Handler:M0_NMI_Handler + 0x1)) + (DEFINED (HardFault_Handler)?HardFault_Handler:M0_HardFault_Handler + 0x1))))
                0x00000000                _image_start = LOADADDR (.text)
                0x000030d0                _image_end = (LOADADDR (.data) + SIZEOF (.data))
                0x000030d0                _image_size = (_image_end - _image_start)
OUTPUT(lpcxpresso812max_lpc_i2c_polling_b2b_master.axf elf32-littlearm)
LOAD linker stubs

.debug_info     0x00000000     0xa2b6
 .debug_info    0x00000000       0xa3 ./utilities/fsl_assert.o
 .debug_info    0x000000a3      0xfd5 ./utilities/fsl_debug_console.o
 .debug_info    0x00001078      0x4a6 ./startup/startup_lpc812.o
 .debug_info    0x0000151e     0x10b7 ./source/main.o
 .debug_info    0x000025d5       0x53 ./source/mtb.o
 .debug_info    0x00002628       0x3c ./source/semihost_hardfault.o
 .debug_info    0x00002664      0x98e ./drivers/MAXM86161.o
 .debug_info    0x00002ff2      0xe86 ./drivers/fsl_clock.o
 .debug_info    0x00003e78     0x15b1 ./drivers/fsl_i2c.o
 .debug_info    0x00005429      0x5ba ./drivers/fsl_reset.o
 .debug_info    0x000059e3      0x449 ./drivers/fsl_swm.o
 .debug_info    0x00005e2c     0x18ce ./drivers/fsl_usart.o
 .debug_info    0x000076fa      0x627 ./device/system_LPC812.o
 .debug_info    0x00007d21      0xd3d ./component/uart/fsl_adapter_miniusart.o
 .debug_info    0x00008a5e      0x98e ./board/board.o
 .debug_info    0x000093ec      0x6cf ./board/clock_config.o
 .debug_info    0x00009abb      0x7fb ./board/pin_mux.o

.debug_abbrev   0x00000000     0x1c6f
 .debug_abbrev  0x00000000       0x66 ./utilities/fsl_assert.o
 .debug_abbrev  0x00000066      0x274 ./utilities/fsl_debug_console.o
 .debug_abbrev  0x000002da      0x1ba ./startup/startup_lpc812.o
 .debug_abbrev  0x00000494      0x210 ./source/main.o
 .debug_abbrev  0x000006a4       0x46 ./source/mtb.o
 .debug_abbrev  0x000006ea       0x31 ./source/semihost_hardfault.o
 .debug_abbrev  0x0000071b      0x1cf ./drivers/MAXM86161.o
 .debug_abbrev  0x000008ea      0x314 ./drivers/fsl_clock.o
 .debug_abbrev  0x00000bfe      0x2ee ./drivers/fsl_i2c.o
 .debug_abbrev  0x00000eec      0x133 ./drivers/fsl_reset.o
 .debug_abbrev  0x0000101f      0x165 ./drivers/fsl_swm.o
 .debug_abbrev  0x00001184      0x2e6 ./drivers/fsl_usart.o
 .debug_abbrev  0x0000146a      0x18a ./device/system_LPC812.o
 .debug_abbrev  0x000015f4      0x1cb ./component/uart/fsl_adapter_miniusart.o
 .debug_abbrev  0x000017bf      0x175 ./board/board.o
 .debug_abbrev  0x00001934      0x1e5 ./board/clock_config.o
 .debug_abbrev  0x00001b19      0x156 ./board/pin_mux.o

.debug_aranges  0x00000000      0x760
 .debug_aranges
                0x00000000       0x20 ./utilities/fsl_assert.o
 .debug_aranges
                0x00000020       0x70 ./utilities/fsl_debug_console.o
 .debug_aranges
                0x00000090      0x160 ./startup/startup_lpc812.o
 .debug_aranges
                0x000001f0       0x48 ./source/main.o
 .debug_aranges
                0x00000238       0x18 ./source/mtb.o
 .debug_aranges
                0x00000250       0x20 ./source/semihost_hardfault.o
 .debug_aranges
                0x00000270       0x70 ./drivers/MAXM86161.o
 .debug_aranges
                0x000002e0       0xd8 ./drivers/fsl_clock.o
 .debug_aranges
                0x000003b8       0xf0 ./drivers/fsl_i2c.o
 .debug_aranges
                0x000004a8       0x30 ./drivers/fsl_reset.o
 .debug_aranges
                0x000004d8       0x28 ./drivers/fsl_swm.o
 .debug_aranges
                0x00000500      0x118 ./drivers/fsl_usart.o
 .debug_aranges
                0x00000618       0x40 ./device/system_LPC812.o
 .debug_aranges
                0x00000658       0x50 ./component/uart/fsl_adapter_miniusart.o
 .debug_aranges
                0x000006a8       0x30 ./board/board.o
 .debug_aranges
                0x000006d8       0x50 ./board/clock_config.o
 .debug_aranges
                0x00000728       0x38 ./board/pin_mux.o

.debug_ranges   0x00000000      0x648
 .debug_ranges  0x00000000       0x10 ./utilities/fsl_assert.o
 .debug_ranges  0x00000010       0x60 ./utilities/fsl_debug_console.o
 .debug_ranges  0x00000070      0x150 ./startup/startup_lpc812.o
 .debug_ranges  0x000001c0       0x38 ./source/main.o
 .debug_ranges  0x000001f8       0x10 ./source/semihost_hardfault.o
 .debug_ranges  0x00000208       0x60 ./drivers/MAXM86161.o
 .debug_ranges  0x00000268       0xc8 ./drivers/fsl_clock.o
 .debug_ranges  0x00000330       0xe0 ./drivers/fsl_i2c.o
 .debug_ranges  0x00000410       0x20 ./drivers/fsl_reset.o
 .debug_ranges  0x00000430       0x18 ./drivers/fsl_swm.o
 .debug_ranges  0x00000448      0x108 ./drivers/fsl_usart.o
 .debug_ranges  0x00000550       0x30 ./device/system_LPC812.o
 .debug_ranges  0x00000580       0x40 ./component/uart/fsl_adapter_miniusart.o
 .debug_ranges  0x000005c0       0x20 ./board/board.o
 .debug_ranges  0x000005e0       0x40 ./board/clock_config.o
 .debug_ranges  0x00000620       0x28 ./board/pin_mux.o

.debug_macro    0x00000000     0x68ba
 .debug_macro   0x00000000      0x123 ./utilities/fsl_assert.o
 .debug_macro   0x00000123      0xa84 ./utilities/fsl_assert.o
 .debug_macro   0x00000ba7       0x10 ./utilities/fsl_assert.o
 .debug_macro   0x00000bb7       0x1c ./utilities/fsl_assert.o
 .debug_macro   0x00000bd3       0x22 ./utilities/fsl_assert.o
 .debug_macro   0x00000bf5      0x12e ./utilities/fsl_assert.o
 .debug_macro   0x00000d23      0x5b3 ./utilities/fsl_assert.o
 .debug_macro   0x000012d6       0x22 ./utilities/fsl_assert.o
 .debug_macro   0x000012f8       0x10 ./utilities/fsl_assert.o
 .debug_macro   0x00001308       0x3f ./utilities/fsl_assert.o
 .debug_macro   0x00001347       0x1c ./utilities/fsl_assert.o
 .debug_macro   0x00001363       0x22 ./utilities/fsl_assert.o
 .debug_macro   0x00001385       0xd1 ./utilities/fsl_assert.o
 .debug_macro   0x00001456      0x3ad ./utilities/fsl_assert.o
 .debug_macro   0x00001803       0x28 ./utilities/fsl_assert.o
 .debug_macro   0x0000182b     0x3484 ./utilities/fsl_assert.o
 .debug_macro   0x00004caf      0x13e ./utilities/fsl_assert.o
 .debug_macro   0x00004ded       0xfa ./utilities/fsl_assert.o
 .debug_macro   0x00004ee7       0xe7 ./utilities/fsl_assert.o
 .debug_macro   0x00004fce       0x16 ./utilities/fsl_assert.o
 .debug_macro   0x00004fe4       0x58 ./utilities/fsl_assert.o
 .debug_macro   0x0000503c       0x46 ./utilities/fsl_assert.o
 .debug_macro   0x00005082      0x149 ./utilities/fsl_debug_console.o
 .debug_macro   0x000051cb       0x16 ./utilities/fsl_debug_console.o
 .debug_macro   0x000051e1       0x10 ./utilities/fsl_debug_console.o
 .debug_macro   0x000051f1       0x28 ./utilities/fsl_debug_console.o
 .debug_macro   0x00005219       0xc4 ./utilities/fsl_debug_console.o
 .debug_macro   0x000052dd       0x40 ./utilities/fsl_debug_console.o
 .debug_macro   0x0000531d       0x34 ./utilities/fsl_debug_console.o
 .debug_macro   0x00005351       0x32 ./startup/startup_lpc812.o
 .debug_macro   0x00005383       0x34 ./startup/startup_lpc812.o
 .debug_macro   0x000053b7      0x1b1 ./source/main.o
 .debug_macro   0x00005568       0x16 ./source/main.o
 .debug_macro   0x0000557e       0x1c ./source/main.o
 .debug_macro   0x0000559a       0x46 ./source/main.o
 .debug_macro   0x000055e0      0x2d2 ./source/main.o
 .debug_macro   0x000058b2       0xd2 ./source/main.o
 .debug_macro   0x00005984       0x22 ./source/main.o
 .debug_macro   0x000059a6       0x10 ./source/main.o
 .debug_macro   0x000059b6       0xf4 ./source/main.o
 .debug_macro   0x00005aaa       0x2f ./source/mtb.o
 .debug_macro   0x00005ad9       0x82 ./source/mtb.o
 .debug_macro   0x00005b5b       0x10 ./source/mtb.o
 .debug_macro   0x00005b6b       0x11 ./source/semihost_hardfault.o
 .debug_macro   0x00005b7c      0x143 ./drivers/MAXM86161.o
 .debug_macro   0x00005cbf      0x144 ./drivers/fsl_clock.o
 .debug_macro   0x00005e03      0x12e ./drivers/fsl_i2c.o
 .debug_macro   0x00005f31      0x120 ./drivers/fsl_reset.o
 .debug_macro   0x00006051      0x13a ./drivers/fsl_swm.o
 .debug_macro   0x0000618b      0x12f ./drivers/fsl_usart.o
 .debug_macro   0x000062ba       0x1c ./drivers/fsl_usart.o
 .debug_macro   0x000062d6       0x97 ./device/system_LPC812.o
 .debug_macro   0x0000636d      0x12c ./component/uart/fsl_adapter_miniusart.o
 .debug_macro   0x00006499       0x22 ./component/uart/fsl_adapter_miniusart.o
 .debug_macro   0x000064bb      0x14a ./board/board.o
 .debug_macro   0x00006605       0x28 ./board/board.o
 .debug_macro   0x0000662d      0x140 ./board/clock_config.o
 .debug_macro   0x0000676d      0x13d ./board/pin_mux.o
 .debug_macro   0x000068aa       0x10 ./board/pin_mux.o

.debug_line     0x00000000     0x5f9c
 .debug_line    0x00000000      0x3ed ./utilities/fsl_assert.o
 .debug_line    0x000003ed      0xcc1 ./utilities/fsl_debug_console.o
 .debug_line    0x000010ae      0x26f ./startup/startup_lpc812.o
 .debug_line    0x0000131d      0x5b2 ./source/main.o
 .debug_line    0x000018cf       0xd1 ./source/mtb.o
 .debug_line    0x000019a0       0x59 ./source/semihost_hardfault.o
 .debug_line    0x000019f9      0x719 ./drivers/MAXM86161.o
 .debug_line    0x00002112      0x860 ./drivers/fsl_clock.o
 .debug_line    0x00002972      0xa9a ./drivers/fsl_i2c.o
 .debug_line    0x0000340c      0x3b1 ./drivers/fsl_reset.o
 .debug_line    0x000037bd      0x3ff ./drivers/fsl_swm.o
 .debug_line    0x00003bbc      0xc58 ./drivers/fsl_usart.o
 .debug_line    0x00004814      0x3e9 ./device/system_LPC812.o
 .debug_line    0x00004bfd      0x582 ./component/uart/fsl_adapter_miniusart.o
 .debug_line    0x0000517f      0x4d1 ./board/board.o
 .debug_line    0x00005650      0x4e9 ./board/clock_config.o
 .debug_line    0x00005b39      0x463 ./board/pin_mux.o

.debug_str      0x00000000    0x2a226
 .debug_str     0x00000000    0x22d00 ./utilities/fsl_assert.o
                              0x22db3 (size before relaxing)
 .debug_str     0x00022d00     0x17df ./utilities/fsl_debug_console.o
                              0x245f5 (size before relaxing)
 .debug_str     0x000244df      0x4e1 ./startup/startup_lpc812.o
                               0x321e (size before relaxing)
 .debug_str     0x000249c0     0x281d ./source/main.o
                              0x26009 (size before relaxing)
 .debug_str     0x000271dd      0x532 ./source/mtb.o
                               0x323e (size before relaxing)
 .debug_str     0x0002770f       0x1f ./source/semihost_hardfault.o
                               0x2d2b (size before relaxing)
 .debug_str     0x0002772e      0x224 ./drivers/MAXM86161.o
                              0x23fc6 (size before relaxing)
 .debug_str     0x00027952      0x7d2 ./drivers/fsl_clock.o
                              0x23f32 (size before relaxing)
 .debug_str     0x00028124      0x9c0 ./drivers/fsl_i2c.o
                              0x244df (size before relaxing)
 .debug_str     0x00028ae4       0xa5 ./drivers/fsl_reset.o
                              0x23153 (size before relaxing)
 .debug_str     0x00028b89      0x542 ./drivers/fsl_swm.o
                              0x2329d (size before relaxing)
 .debug_str     0x000290cb      0xc17 ./drivers/fsl_usart.o
                              0x24a49 (size before relaxing)
 .debug_str     0x00029ce2       0xae ./device/system_LPC812.o
                              0x21a6f (size before relaxing)
 .debug_str     0x00029d90       0xfb ./component/uart/fsl_adapter_miniusart.o
                              0x23fcf (size before relaxing)
 .debug_str     0x00029e8b      0x128 ./board/board.o
                              0x24818 (size before relaxing)
 .debug_str     0x00029fb3      0x23e ./board/clock_config.o
                              0x233fd (size before relaxing)
 .debug_str     0x0002a1f1       0x35 ./board/pin_mux.o
                              0x23515 (size before relaxing)

.comment        0x00000000       0x49
 .comment       0x00000000       0x49 ./utilities/fsl_assert.o
                                 0x4a (size before relaxing)
 .comment       0x00000049       0x4a ./utilities/fsl_debug_console.o
 .comment       0x00000049       0x4a ./startup/startup_lpc812.o
 .comment       0x00000049       0x4a ./source/main.o
 .comment       0x00000049       0x4a ./source/mtb.o
 .comment       0x00000049       0x4a ./source/semihost_hardfault.o
 .comment       0x00000049       0x4a ./drivers/MAXM86161.o
 .comment       0x00000049       0x4a ./drivers/fsl_clock.o
 .comment       0x00000049       0x4a ./drivers/fsl_i2c.o
 .comment       0x00000049       0x4a ./drivers/fsl_reset.o
 .comment       0x00000049       0x4a ./drivers/fsl_swm.o
 .comment       0x00000049       0x4a ./drivers/fsl_usart.o
 .comment       0x00000049       0x4a ./device/system_LPC812.o
 .comment       0x00000049       0x4a ./component/uart/fsl_adapter_miniusart.o
 .comment       0x00000049       0x4a ./board/board.o
 .comment       0x00000049       0x4a ./board/clock_config.o
 .comment       0x00000049       0x4a ./board/pin_mux.o
 .comment       0x00000049       0x4a c:/nxp/mcuxpressoide_11.5.1_7266/ide/plugins/com.nxp.mcuxpresso.tools.win32_11.5.1.202201181444/tools/bin/../lib/gcc/arm-none-eabi/10.3.1/../../../../arm-none-eabi/lib/thumb/v6-m/nofp\libcr_nohost_nf.a(_cr__main.o)
 .comment       0x00000049       0x4a c:/nxp/mcuxpressoide_11.5.1_7266/ide/plugins/com.nxp.mcuxpresso.tools.win32_11.5.1.202201181444/tools/bin/../lib/gcc/arm-none-eabi/10.3.1/../../../../arm-none-eabi/lib/thumb/v6-m/nofp\libcr_c.a(memset.o)
 .comment       0x00000049       0x4a c:/nxp/mcuxpressoide_11.5.1_7266/ide/plugins/com.nxp.mcuxpresso.tools.win32_11.5.1.202201181444/tools/bin/../lib/gcc/arm-none-eabi/10.3.1/../../../../arm-none-eabi/lib/thumb/v6-m/nofp\libcr_c.a(alloc.o)
 .comment       0x00000049       0x4a c:/nxp/mcuxpressoide_11.5.1_7266/ide/plugins/com.nxp.mcuxpresso.tools.win32_11.5.1.202201181444/tools/bin/../lib/gcc/arm-none-eabi/10.3.1/../../../../arm-none-eabi/lib/thumb/v6-m/nofp\libcr_c.a(initio.o)
 .comment       0x00000049       0x4a c:/nxp/mcuxpressoide_11.5.1_7266/ide/plugins/com.nxp.mcuxpresso.tools.win32_11.5.1.202201181444/tools/bin/../lib/gcc/arm-none-eabi/10.3.1/../../../../arm-none-eabi/lib/thumb/v6-m/nofp\libcr_c.a(setvbuf.o)
 .comment       0x00000049       0x4a c:/nxp/mcuxpressoide_11.5.1_7266/ide/plugins/com.nxp.mcuxpresso.tools.win32_11.5.1.202201181444/tools/bin/../lib/gcc/arm-none-eabi/10.3.1/../../../../arm-none-eabi/lib/thumb/v6-m/nofp\libcr_c.a(strlen.o)
 .comment       0x00000049       0x4a c:/nxp/mcuxpressoide_11.5.1_7266/ide/plugins/com.nxp.mcuxpresso.tools.win32_11.5.1.202201181444/tools/bin/../lib/gcc/arm-none-eabi/10.3.1/../../../../arm-none-eabi/lib/thumb/v6-m/nofp\libcr_c.a(_fdopen.o)
 .comment       0x00000049       0x4a c:/nxp/mcuxpressoide_11.5.1_7266/ide/plugins/com.nxp.mcuxpresso.tools.win32_11.5.1.202201181444/tools/bin/../lib/gcc/arm-none-eabi/10.3.1/../../../../arm-none-eabi/lib/thumb/v6-m/nofp\libcr_c.a(errno.o)
 .comment       0x00000049       0x4a c:/nxp/mcuxpressoide_11.5.1_7266/ide/plugins/com.nxp.mcuxpresso.tools.win32_11.5.1.202201181444/tools/bin/../lib/gcc/arm-none-eabi/10.3.1/../../../../arm-none-eabi/lib/thumb/v6-m/nofp\libcr_c.a(fclose.o)
 .comment       0x00000049       0x4a c:/nxp/mcuxpressoide_11.5.1_7266/ide/plugins/com.nxp.mcuxpresso.tools.win32_11.5.1.202201181444/tools/bin/../lib/gcc/arm-none-eabi/10.3.1/../../../../arm-none-eabi/lib/thumb/v6-m/nofp\libcr_c.a(fflush.o)
 .comment       0x00000049       0x4a c:/nxp/mcuxpressoide_11.5.1_7266/ide/plugins/com.nxp.mcuxpresso.tools.win32_11.5.1.202201181444/tools/bin/../lib/gcc/arm-none-eabi/10.3.1/../../../../arm-none-eabi/lib/thumb/v6-m/nofp\libcr_c.a(fseek.o)
 .comment       0x00000049       0x4a c:/nxp/mcuxpressoide_11.5.1_7266/ide/plugins/com.nxp.mcuxpresso.tools.win32_11.5.1.202201181444/tools/bin/../lib/gcc/arm-none-eabi/10.3.1/../../../../arm-none-eabi/lib/thumb/v6-m/nofp\libcr_c.a(ftell.o)
 .comment       0x00000049       0x4a c:/nxp/mcuxpressoide_11.5.1_7266/ide/plugins/com.nxp.mcuxpresso.tools.win32_11.5.1.202201181444/tools/bin/../lib/gcc/arm-none-eabi/10.3.1/../../../../arm-none-eabi/lib/thumb/v6-m/nofp\libcr_c.a(remove.o)
 .comment       0x00000049       0x4a c:/nxp/mcuxpressoide_11.5.1_7266/ide/plugins/com.nxp.mcuxpresso.tools.win32_11.5.1.202201181444/tools/bin/../lib/gcc/arm-none-eabi/10.3.1/../../../../arm-none-eabi/lib/thumb/v6-m/nofp\libcr_c.a(_do_fflush.o)
 .comment       0x00000049       0x4a c:/nxp/mcuxpressoide_11.5.1_7266/ide/plugins/com.nxp.mcuxpresso.tools.win32_11.5.1.202201181444/tools/bin/../lib/gcc/arm-none-eabi/10.3.1/../../../../arm-none-eabi/lib/thumb/v6-m/nofp\libcr_c.a(_fflush.o)
 .comment       0x00000049       0x4a c:/nxp/mcuxpressoide_11.5.1_7266/ide/plugins/com.nxp.mcuxpresso.tools.win32_11.5.1.202201181444/tools/bin/../lib/gcc/arm-none-eabi/10.3.1/../../../../arm-none-eabi/lib/thumb/v6-m/nofp\libcr_c.a(_writebuf.o)
 .comment       0x00000049       0x4a c:/nxp/mcuxpressoide_11.5.1_7266/ide/plugins/com.nxp.mcuxpresso.tools.win32_11.5.1.202201181444/tools/bin/../lib/gcc/arm-none-eabi/10.3.1/../../../../arm-none-eabi/lib/thumb/v6-m/nofp\libcr_c.a(_deferredlazyseek.o)
 .comment       0x00000049       0x4a c:/nxp/mcuxpressoide_11.5.1_7266/ide/plugins/com.nxp.mcuxpresso.tools.win32_11.5.1.202201181444/tools/bin/../lib/gcc/arm-none-eabi/10.3.1/../../../../arm-none-eabi/lib/thumb/v6-m/nofp\libcr_nohost_nf.a(__ciob.o)
 .comment       0x00000049       0x4a c:/nxp/mcuxpressoide_11.5.1_7266/ide/plugins/com.nxp.mcuxpresso.tools.win32_11.5.1.202201181444/tools/bin/../lib/gcc/arm-none-eabi/10.3.1/../../../../arm-none-eabi/lib/thumb/v6-m/nofp\libcr_nohost_nf.a(__sys_close.o)
 .comment       0x00000049       0x4a c:/nxp/mcuxpressoide_11.5.1_7266/ide/plugins/com.nxp.mcuxpresso.tools.win32_11.5.1.202201181444/tools/bin/../lib/gcc/arm-none-eabi/10.3.1/../../../../arm-none-eabi/lib/thumb/v6-m/nofp\libcr_nohost_nf.a(__sys_flen.o)
 .comment       0x00000049       0x4a c:/nxp/mcuxpressoide_11.5.1_7266/ide/plugins/com.nxp.mcuxpresso.tools.win32_11.5.1.202201181444/tools/bin/../lib/gcc/arm-none-eabi/10.3.1/../../../../arm-none-eabi/lib/thumb/v6-m/nofp\libcr_nohost_nf.a(__sys_istty.o)
 .comment       0x00000049       0x4a c:/nxp/mcuxpressoide_11.5.1_7266/ide/plugins/com.nxp.mcuxpresso.tools.win32_11.5.1.202201181444/tools/bin/../lib/gcc/arm-none-eabi/10.3.1/../../../../arm-none-eabi/lib/thumb/v6-m/nofp\libcr_nohost_nf.a(__sys_remove.o)
 .comment       0x00000049       0x4a c:/nxp/mcuxpressoide_11.5.1_7266/ide/plugins/com.nxp.mcuxpresso.tools.win32_11.5.1.202201181444/tools/bin/../lib/gcc/arm-none-eabi/10.3.1/../../../../arm-none-eabi/lib/thumb/v6-m/nofp\libcr_nohost_nf.a(__sys_seek.o)
 .comment       0x00000049       0x4a c:/nxp/mcuxpressoide_11.5.1_7266/ide/plugins/com.nxp.mcuxpresso.tools.win32_11.5.1.202201181444/tools/bin/../lib/gcc/arm-none-eabi/10.3.1/../../../../arm-none-eabi/lib/thumb/v6-m/nofp\libcr_nohost_nf.a(__sys_tmpnam.o)
 .comment       0x00000049       0x4a c:/nxp/mcuxpressoide_11.5.1_7266/ide/plugins/com.nxp.mcuxpresso.tools.win32_11.5.1.202201181444/tools/bin/../lib/gcc/arm-none-eabi/10.3.1/../../../../arm-none-eabi/lib/thumb/v6-m/nofp\libcr_nohost_nf.a(__sys_write.o)

.ARM.attributes
                0x00000000       0x2a
 .ARM.attributes
                0x00000000       0x2c ./utilities/fsl_assert.o
 .ARM.attributes
                0x0000002c       0x2c ./utilities/fsl_debug_console.o
 .ARM.attributes
                0x00000058       0x2c ./startup/startup_lpc812.o
 .ARM.attributes
                0x00000084       0x2c ./source/main.o
 .ARM.attributes
                0x000000b0       0x32 ./source/mtb.o
 .ARM.attributes
                0x000000e2       0x2c ./source/semihost_hardfault.o
 .ARM.attributes
                0x0000010e       0x2c ./drivers/MAXM86161.o
 .ARM.attributes
                0x0000013a       0x2c ./drivers/fsl_clock.o
 .ARM.attributes
                0x00000166       0x2c ./drivers/fsl_i2c.o
 .ARM.attributes
                0x00000192       0x2c ./drivers/fsl_reset.o
 .ARM.attributes
                0x000001be       0x2c ./drivers/fsl_swm.o
 .ARM.attributes
                0x000001ea       0x2c ./drivers/fsl_usart.o
 .ARM.attributes
                0x00000216       0x2c ./device/system_LPC812.o
 .ARM.attributes
                0x00000242       0x2c ./component/uart/fsl_adapter_miniusart.o
 .ARM.attributes
                0x0000026e       0x2c ./board/board.o
 .ARM.attributes
                0x0000029a       0x2c ./board/clock_config.o
 .ARM.attributes
                0x000002c6       0x2c ./board/pin_mux.o
 .ARM.attributes
                0x000002f2       0x2c c:/nxp/mcuxpressoide_11.5.1_7266/ide/plugins/com.nxp.mcuxpresso.tools.win32_11.5.1.202201181444/tools/bin/../lib/gcc/arm-none-eabi/10.3.1/../../../../arm-none-eabi/lib/thumb/v6-m/nofp\libcr_nohost_nf.a(_cr__main.o)
 .ARM.attributes
                0x0000031e       0x2c c:/nxp/mcuxpressoide_11.5.1_7266/ide/plugins/com.nxp.mcuxpresso.tools.win32_11.5.1.202201181444/tools/bin/../lib/gcc/arm-none-eabi/10.3.1/../../../../arm-none-eabi/lib/thumb/v6-m/nofp\libcr_c.a(memset.o)
 .ARM.attributes
                0x0000034a       0x2c c:/nxp/mcuxpressoide_11.5.1_7266/ide/plugins/com.nxp.mcuxpresso.tools.win32_11.5.1.202201181444/tools/bin/../lib/gcc/arm-none-eabi/10.3.1/../../../../arm-none-eabi/lib/thumb/v6-m/nofp\libcr_c.a(alloc.o)
 .ARM.attributes
                0x00000376       0x2c c:/nxp/mcuxpressoide_11.5.1_7266/ide/plugins/com.nxp.mcuxpresso.tools.win32_11.5.1.202201181444/tools/bin/../lib/gcc/arm-none-eabi/10.3.1/../../../../arm-none-eabi/lib/thumb/v6-m/nofp\libcr_c.a(initio.o)
 .ARM.attributes
                0x000003a2       0x2c c:/nxp/mcuxpressoide_11.5.1_7266/ide/plugins/com.nxp.mcuxpresso.tools.win32_11.5.1.202201181444/tools/bin/../lib/gcc/arm-none-eabi/10.3.1/../../../../arm-none-eabi/lib/thumb/v6-m/nofp\libcr_c.a(setvbuf.o)
 .ARM.attributes
                0x000003ce       0x2c c:/nxp/mcuxpressoide_11.5.1_7266/ide/plugins/com.nxp.mcuxpresso.tools.win32_11.5.1.202201181444/tools/bin/../lib/gcc/arm-none-eabi/10.3.1/../../../../arm-none-eabi/lib/thumb/v6-m/nofp\libcr_c.a(strlen.o)
 .ARM.attributes
                0x000003fa       0x2c c:/nxp/mcuxpressoide_11.5.1_7266/ide/plugins/com.nxp.mcuxpresso.tools.win32_11.5.1.202201181444/tools/bin/../lib/gcc/arm-none-eabi/10.3.1/../../../../arm-none-eabi/lib/thumb/v6-m/nofp\libcr_c.a(_fdopen.o)
 .ARM.attributes
                0x00000426       0x31 c:/nxp/mcuxpressoide_11.5.1_7266/ide/plugins/com.nxp.mcuxpresso.tools.win32_11.5.1.202201181444/tools/bin/../lib/gcc/arm-none-eabi/10.3.1/../../../../arm-none-eabi/lib/thumb/v6-m/nofp\libcr_c.a(errno.o)
 .ARM.attributes
                0x00000457       0x2c c:/nxp/mcuxpressoide_11.5.1_7266/ide/plugins/com.nxp.mcuxpresso.tools.win32_11.5.1.202201181444/tools/bin/../lib/gcc/arm-none-eabi/10.3.1/../../../../arm-none-eabi/lib/thumb/v6-m/nofp\libcr_c.a(fclose.o)
 .ARM.attributes
                0x00000483       0x2c c:/nxp/mcuxpressoide_11.5.1_7266/ide/plugins/com.nxp.mcuxpresso.tools.win32_11.5.1.202201181444/tools/bin/../lib/gcc/arm-none-eabi/10.3.1/../../../../arm-none-eabi/lib/thumb/v6-m/nofp\libcr_c.a(fflush.o)
 .ARM.attributes
                0x000004af       0x2c c:/nxp/mcuxpressoide_11.5.1_7266/ide/plugins/com.nxp.mcuxpresso.tools.win32_11.5.1.202201181444/tools/bin/../lib/gcc/arm-none-eabi/10.3.1/../../../../arm-none-eabi/lib/thumb/v6-m/nofp\libcr_c.a(fseek.o)
 .ARM.attributes
                0x000004db       0x2c c:/nxp/mcuxpressoide_11.5.1_7266/ide/plugins/com.nxp.mcuxpresso.tools.win32_11.5.1.202201181444/tools/bin/../lib/gcc/arm-none-eabi/10.3.1/../../../../arm-none-eabi/lib/thumb/v6-m/nofp\libcr_c.a(ftell.o)
 .ARM.attributes
                0x00000507       0x2c c:/nxp/mcuxpressoide_11.5.1_7266/ide/plugins/com.nxp.mcuxpresso.tools.win32_11.5.1.202201181444/tools/bin/../lib/gcc/arm-none-eabi/10.3.1/../../../../arm-none-eabi/lib/thumb/v6-m/nofp\libcr_c.a(remove.o)
 .ARM.attributes
                0x00000533       0x2c c:/nxp/mcuxpressoide_11.5.1_7266/ide/plugins/com.nxp.mcuxpresso.tools.win32_11.5.1.202201181444/tools/bin/../lib/gcc/arm-none-eabi/10.3.1/../../../../arm-none-eabi/lib/thumb/v6-m/nofp\libcr_c.a(_do_fflush.o)
 .ARM.attributes
                0x0000055f       0x2c c:/nxp/mcuxpressoide_11.5.1_7266/ide/plugins/com.nxp.mcuxpresso.tools.win32_11.5.1.202201181444/tools/bin/../lib/gcc/arm-none-eabi/10.3.1/../../../../arm-none-eabi/lib/thumb/v6-m/nofp\libcr_c.a(_fflush.o)
 .ARM.attributes
                0x0000058b       0x2c c:/nxp/mcuxpressoide_11.5.1_7266/ide/plugins/com.nxp.mcuxpresso.tools.win32_11.5.1.202201181444/tools/bin/../lib/gcc/arm-none-eabi/10.3.1/../../../../arm-none-eabi/lib/thumb/v6-m/nofp\libcr_c.a(_writebuf.o)
 .ARM.attributes
                0x000005b7       0x2c c:/nxp/mcuxpressoide_11.5.1_7266/ide/plugins/com.nxp.mcuxpresso.tools.win32_11.5.1.202201181444/tools/bin/../lib/gcc/arm-none-eabi/10.3.1/../../../../arm-none-eabi/lib/thumb/v6-m/nofp\libcr_c.a(_deferredlazyseek.o)
 .ARM.attributes
                0x000005e3       0x1c c:/nxp/mcuxpressoide_11.5.1_7266/ide/plugins/com.nxp.mcuxpresso.tools.win32_11.5.1.202201181444/tools/bin/../lib/gcc/arm-none-eabi/10.3.1/thumb/v6-m/nofp\libcr_eabihelpers.a(division_32.o)
 .ARM.attributes
                0x000005ff       0x1c c:/nxp/mcuxpressoide_11.5.1_7266/ide/plugins/com.nxp.mcuxpresso.tools.win32_11.5.1.202201181444/tools/bin/../lib/gcc/arm-none-eabi/10.3.1/thumb/v6-m/nofp\libcr_eabihelpers.a(division_idiv0.o)
 .ARM.attributes
                0x0000061b       0x1c c:/nxp/mcuxpressoide_11.5.1_7266/ide/plugins/com.nxp.mcuxpresso.tools.win32_11.5.1.202201181444/tools/bin/../lib/gcc/arm-none-eabi/10.3.1/thumb/v6-m/nofp\libcr_eabihelpers.a(memcpy.o)
 .ARM.attributes
                0x00000637       0x31 c:/nxp/mcuxpressoide_11.5.1_7266/ide/plugins/com.nxp.mcuxpresso.tools.win32_11.5.1.202201181444/tools/bin/../lib/gcc/arm-none-eabi/10.3.1/../../../../arm-none-eabi/lib/thumb/v6-m/nofp\libcr_nohost_nf.a(__ciob.o)
 .ARM.attributes
                0x00000668       0x2c c:/nxp/mcuxpressoide_11.5.1_7266/ide/plugins/com.nxp.mcuxpresso.tools.win32_11.5.1.202201181444/tools/bin/../lib/gcc/arm-none-eabi/10.3.1/../../../../arm-none-eabi/lib/thumb/v6-m/nofp\libcr_nohost_nf.a(__sys_close.o)
 .ARM.attributes
                0x00000694       0x2c c:/nxp/mcuxpressoide_11.5.1_7266/ide/plugins/com.nxp.mcuxpresso.tools.win32_11.5.1.202201181444/tools/bin/../lib/gcc/arm-none-eabi/10.3.1/../../../../arm-none-eabi/lib/thumb/v6-m/nofp\libcr_nohost_nf.a(__sys_flen.o)
 .ARM.attributes
                0x000006c0       0x2c c:/nxp/mcuxpressoide_11.5.1_7266/ide/plugins/com.nxp.mcuxpresso.tools.win32_11.5.1.202201181444/tools/bin/../lib/gcc/arm-none-eabi/10.3.1/../../../../arm-none-eabi/lib/thumb/v6-m/nofp\libcr_nohost_nf.a(__sys_istty.o)
 .ARM.attributes
                0x000006ec       0x2c c:/nxp/mcuxpressoide_11.5.1_7266/ide/plugins/com.nxp.mcuxpresso.tools.win32_11.5.1.202201181444/tools/bin/../lib/gcc/arm-none-eabi/10.3.1/../../../../arm-none-eabi/lib/thumb/v6-m/nofp\libcr_nohost_nf.a(__sys_remove.o)
 .ARM.attributes
                0x00000718       0x2c c:/nxp/mcuxpressoide_11.5.1_7266/ide/plugins/com.nxp.mcuxpresso.tools.win32_11.5.1.202201181444/tools/bin/../lib/gcc/arm-none-eabi/10.3.1/../../../../arm-none-eabi/lib/thumb/v6-m/nofp\libcr_nohost_nf.a(__sys_seek.o)
 .ARM.attributes
                0x00000744       0x2c c:/nxp/mcuxpressoide_11.5.1_7266/ide/plugins/com.nxp.mcuxpresso.tools.win32_11.5.1.202201181444/tools/bin/../lib/gcc/arm-none-eabi/10.3.1/../../../../arm-none-eabi/lib/thumb/v6-m/nofp\libcr_nohost_nf.a(__sys_tmpnam.o)
 .ARM.attributes
                0x00000770       0x2c c:/nxp/mcuxpressoide_11.5.1_7266/ide/plugins/com.nxp.mcuxpresso.tools.win32_11.5.1.202201181444/tools/bin/../lib/gcc/arm-none-eabi/10.3.1/../../../../arm-none-eabi/lib/thumb/v6-m/nofp\libcr_nohost_nf.a(__sys_write.o)

.debug_frame    0x00000000     0x1658
 .debug_frame   0x00000000       0x30 ./utilities/fsl_assert.o
 .debug_frame   0x00000030      0x170 ./utilities/fsl_debug_console.o
 .debug_frame   0x000001a0      0x3b0 ./startup/startup_lpc812.o
 .debug_frame   0x00000550       0xd0 ./source/main.o
 .debug_frame   0x00000620       0x20 ./source/semihost_hardfault.o
 .debug_frame   0x00000640      0x178 ./drivers/MAXM86161.o
 .debug_frame   0x000007b8      0x2f0 ./drivers/fsl_clock.o
 .debug_frame   0x00000aa8      0x370 ./drivers/fsl_i2c.o
 .debug_frame   0x00000e18       0x70 ./drivers/fsl_reset.o
 .debug_frame   0x00000e88       0x50 ./drivers/fsl_swm.o
 .debug_frame   0x00000ed8      0x404 ./drivers/fsl_usart.o
 .debug_frame   0x000012dc       0xa8 ./device/system_LPC812.o
 .debug_frame   0x00001384       0xf0 ./component/uart/fsl_adapter_miniusart.o
 .debug_frame   0x00001474       0x70 ./board/board.o
 .debug_frame   0x000014e4       0xec ./board/clock_config.o
 .debug_frame   0x000015d0       0x88 ./board/pin_mux.o

Cross Reference Table

Symbol                                            File
BOARD_BootClockIRC12M                             ./board/clock_config.o
                                                  ./source/main.o
BOARD_BootClockPll12M                             ./board/clock_config.o
BOARD_BootClockPll24M                             ./board/clock_config.o
BOARD_InitBootClocks                              ./board/clock_config.o
BOARD_InitBootPins                                ./board/pin_mux.o
BOARD_InitDebugConsole                            ./board/board.o
                                                  ./source/main.o
BOARD_InitPins                                    ./board/pin_mux.o
                                                  ./source/main.o
BOD_DriverIRQHandler                              ./startup/startup_lpc812.o
BOD_IRQHandler                                    ./startup/startup_lpc812.o
CLOCK_GetClockOutClkFreq                          ./drivers/fsl_clock.o
CLOCK_GetFreq                                     ./drivers/fsl_clock.o
CLOCK_GetIrcFreq                                  ./drivers/fsl_clock.o
CLOCK_GetMainClkFreq                              ./drivers/fsl_clock.o
                                                  ./board/board.o
CLOCK_GetSysOscFreq                               ./drivers/fsl_clock.o
CLOCK_GetSystemPLLInClockRate                     ./drivers/fsl_clock.o
CLOCK_GetUart0ClkFreq                             ./drivers/fsl_clock.o
CLOCK_GetUart1ClkFreq                             ./drivers/fsl_clock.o
CLOCK_GetUart2ClkFreq                             ./drivers/fsl_clock.o
CLOCK_GetUartClkFreq                              ./drivers/fsl_clock.o
CLOCK_InitExtClkin                                ./drivers/fsl_clock.o
CLOCK_InitSysOsc                                  ./drivers/fsl_clock.o
CLOCK_InitSystemPll                               ./drivers/fsl_clock.o
                                                  ./board/clock_config.o
CLOCK_InitWdtOsc                                  ./drivers/fsl_clock.o
CLOCK_InitXtalin                                  ./drivers/fsl_clock.o
CLOCK_SetMainClkSrc                               ./drivers/fsl_clock.o
                                                  ./board/clock_config.o
CLOCK_SetUARTFRGClkFreq                           ./drivers/fsl_clock.o
CLOCK_UpdateClkOUTsrc                             ./drivers/fsl_clock.o
                                                  ./board/clock_config.o
CMP_DriverIRQHandler                              ./startup/startup_lpc812.o
CMP_IRQHandler                                    ./startup/startup_lpc812.o
CRP_WORD                                          ./startup/startup_lpc812.o
DbgConsole_Deinit                                 ./utilities/fsl_debug_console.o
DbgConsole_Getchar                                ./utilities/fsl_debug_console.o
DbgConsole_Init                                   ./utilities/fsl_debug_console.o
                                                  ./board/board.o
DbgConsole_Printf                                 ./utilities/fsl_debug_console.o
                                                  ./utilities/fsl_assert.o
DbgConsole_Putchar                                ./utilities/fsl_debug_console.o
DbgConsole_Scanf                                  ./utilities/fsl_debug_console.o
DisableDeepSleepIRQ                               ./drivers/fsl_power.o
EnableDeepSleepIRQ                                ./drivers/fsl_power.o
ExtClockIn                                        ./board/board.o
GPIO_PinInit                                      ./drivers/fsl_gpio.o
GPIO_PortInit                                     ./drivers/fsl_gpio.o
HAL_UartDeinit                                    ./component/uart/fsl_adapter_miniusart.o
                                                  ./utilities/fsl_debug_console.o
HAL_UartEnterLowpower                             ./component/uart/fsl_adapter_miniusart.o
HAL_UartExitLowpower                              ./component/uart/fsl_adapter_miniusart.o
HAL_UartInit                                      ./component/uart/fsl_adapter_miniusart.o
                                                  ./utilities/fsl_debug_console.o
HAL_UartReceiveBlocking                           ./component/uart/fsl_adapter_miniusart.o
                                                  ./utilities/fsl_debug_console.o
HAL_UartSendBlocking                              ./component/uart/fsl_adapter_miniusart.o
                                                  ./utilities/fsl_debug_console.o
HardFault_Handler                                 ./source/semihost_hardfault.o
                                                  ./startup/startup_lpc812.o
I2C0_DriverIRQHandler                             ./startup/startup_lpc812.o
I2C0_IRQHandler                                   ./source/main.o
                                                  ./startup/startup_lpc812.o
I2C_GetInstance                                   ./drivers/fsl_i2c.o
I2C_MasterDeinit                                  ./drivers/fsl_i2c.o
I2C_MasterGetDefaultConfig                        ./drivers/fsl_i2c.o
I2C_MasterInit                                    ./drivers/fsl_i2c.o
I2C_MasterReadBlocking                            ./drivers/fsl_i2c.o
I2C_MasterSetBaudRate                             ./drivers/fsl_i2c.o
I2C_MasterStart                                   ./drivers/fsl_i2c.o
I2C_MasterStop                                    ./drivers/fsl_i2c.o
I2C_MasterTransferBlocking                        ./drivers/fsl_i2c.o
                                                  ./drivers/MAXM86161.o
I2C_MasterWriteBlocking                           ./drivers/fsl_i2c.o
I2C_SlaveDeinit                                   ./drivers/fsl_i2c.o
I2C_SlaveGetDefaultConfig                         ./drivers/fsl_i2c.o
I2C_SlaveInit                                     ./drivers/fsl_i2c.o
I2C_SlaveReadBlocking                             ./drivers/fsl_i2c.o
I2C_SlaveSetAddress                               ./drivers/fsl_i2c.o
I2C_SlaveWriteBlocking                            ./drivers/fsl_i2c.o
IntDefaultHandler                                 ./startup/startup_lpc812.o
MRT0_DriverIRQHandler                             ./startup/startup_lpc812.o
MRT0_IRQHandler                                   ./startup/startup_lpc812.o
NMI_Handler                                       ./startup/startup_lpc812.o
PIN_INT0_DriverIRQHandler                         ./startup/startup_lpc812.o
PIN_INT0_IRQHandler                               ./startup/startup_lpc812.o
PIN_INT1_DriverIRQHandler                         ./startup/startup_lpc812.o
PIN_INT1_IRQHandler                               ./startup/startup_lpc812.o
PIN_INT2_DriverIRQHandler                         ./startup/startup_lpc812.o
PIN_INT2_IRQHandler                               ./startup/startup_lpc812.o
PIN_INT3_DriverIRQHandler                         ./startup/startup_lpc812.o
PIN_INT3_IRQHandler                               ./startup/startup_lpc812.o
PIN_INT4_DriverIRQHandler                         ./startup/startup_lpc812.o
PIN_INT4_IRQHandler                               ./startup/startup_lpc812.o
PIN_INT5_DriverIRQHandler                         ./startup/startup_lpc812.o
PIN_INT5_IRQHandler                               ./startup/startup_lpc812.o
PIN_INT6_DriverIRQHandler                         ./startup/startup_lpc812.o
PIN_INT6_IRQHandler                               ./startup/startup_lpc812.o
PIN_INT7_DriverIRQHandler                         ./startup/startup_lpc812.o
PIN_INT7_IRQHandler                               ./startup/startup_lpc812.o
POWER_EnterDeepPowerDownMode                      ./drivers/fsl_power.o
POWER_EnterDeepSleep                              ./drivers/fsl_power.o
POWER_EnterPowerDown                              ./drivers/fsl_power.o
POWER_EnterSleep                                  ./drivers/fsl_power.o
PendSV_Handler                                    ./startup/startup_lpc812.o
RESET_PeripheralReset                             ./drivers/fsl_reset.o
                                                  ./board/board.o
                                                  ./drivers/fsl_usart.o
                                                  ./drivers/fsl_i2c.o
                                                  ./drivers/fsl_gpio.o
Reserved18_DriverIRQHandler                       ./startup/startup_lpc812.o
Reserved18_IRQHandler                             ./startup/startup_lpc812.o
Reserved22_DriverIRQHandler                       ./startup/startup_lpc812.o
Reserved22_IRQHandler                             ./startup/startup_lpc812.o
Reserved23_DriverIRQHandler                       ./startup/startup_lpc812.o
Reserved23_IRQHandler                             ./startup/startup_lpc812.o
Reserved30_DriverIRQHandler                       ./startup/startup_lpc812.o
Reserved30_IRQHandler                             ./startup/startup_lpc812.o
Reserved32_DriverIRQHandler                       ./startup/startup_lpc812.o
Reserved32_IRQHandler                             ./startup/startup_lpc812.o
Reserved33_DriverIRQHandler                       ./startup/startup_lpc812.o
Reserved33_IRQHandler                             ./startup/startup_lpc812.o
Reserved34_DriverIRQHandler                       ./startup/startup_lpc812.o
Reserved34_IRQHandler                             ./startup/startup_lpc812.o
Reserved35_DriverIRQHandler                       ./startup/startup_lpc812.o
Reserved35_IRQHandler                             ./startup/startup_lpc812.o
Reserved36_DriverIRQHandler                       ./startup/startup_lpc812.o
Reserved36_IRQHandler                             ./startup/startup_lpc812.o
Reserved37_DriverIRQHandler                       ./startup/startup_lpc812.o
Reserved37_IRQHandler                             ./startup/startup_lpc812.o
Reserved38_DriverIRQHandler                       ./startup/startup_lpc812.o
Reserved38_IRQHandler                             ./startup/startup_lpc812.o
Reserved39_DriverIRQHandler                       ./startup/startup_lpc812.o
Reserved39_IRQHandler                             ./startup/startup_lpc812.o
ResetISR                                          ./startup/startup_lpc812.o
SCT0_DriverIRQHandler                             ./startup/startup_lpc812.o
SCT0_IRQHandler                                   ./startup/startup_lpc812.o
SDK_DelayAtLeastUs                                ./drivers/fsl_common.o
                                                  ./drivers/fsl_clock.o
SDK_Free                                          ./drivers/fsl_common.o
SDK_Malloc                                        ./drivers/fsl_common.o
SPI0_DriverIRQHandler                             ./startup/startup_lpc812.o
SPI0_IRQHandler                                   ./startup/startup_lpc812.o
SPI1_DriverIRQHandler                             ./startup/startup_lpc812.o
SPI1_IRQHandler                                   ./startup/startup_lpc812.o
SVC_Handler                                       ./startup/startup_lpc812.o
SWM_SetFixedPinSelect                             ./drivers/fsl_swm.o
SWM_SetMovablePinSelect                           ./drivers/fsl_swm.o
                                                  ./board/pin_mux.o
SYSCON_AttachSignal                               ./drivers/fsl_syscon.o
SysTick_Handler                                   ./startup/startup_lpc812.o
SystemCoreClock                                   ./device/system_LPC812.o
                                                  ./board/clock_config.o
SystemCoreClockUpdate                             ./device/system_LPC812.o
SystemInit                                        ./device/system_LPC812.o
                                                  ./startup/startup_lpc812.o
SystemInitHook                                    ./device/system_LPC812.o
USART0_DriverIRQHandler                           ./drivers/fsl_usart.o
                                                  ./startup/startup_lpc812.o
USART0_IRQHandler                                 ./startup/startup_lpc812.o
USART1_DriverIRQHandler                           ./drivers/fsl_usart.o
                                                  ./startup/startup_lpc812.o
USART1_IRQHandler                                 ./startup/startup_lpc812.o
USART2_DriverIRQHandler                           ./drivers/fsl_usart.o
                                                  ./startup/startup_lpc812.o
USART2_IRQHandler                                 ./startup/startup_lpc812.o
USART_Deinit                                      ./drivers/fsl_usart.o
                                                  ./component/uart/fsl_adapter_miniusart.o
USART_GetDefaultConfig                            ./drivers/fsl_usart.o
                                                  ./component/uart/fsl_adapter_miniusart.o
USART_GetInstance                                 ./drivers/fsl_usart.o
USART_Init                                        ./drivers/fsl_usart.o
                                                  ./component/uart/fsl_adapter_miniusart.o
USART_ReadBlocking                                ./drivers/fsl_usart.o
                                                  ./component/uart/fsl_adapter_miniusart.o
USART_SetBaudRate                                 ./drivers/fsl_usart.o
USART_TransferAbortReceive                        ./drivers/fsl_usart.o
USART_TransferAbortSend                           ./drivers/fsl_usart.o
USART_TransferCreateHandle                        ./drivers/fsl_usart.o
USART_TransferGetReceiveCount                     ./drivers/fsl_usart.o
USART_TransferGetRxRingBufferLength               ./drivers/fsl_usart.o
USART_TransferGetSendCount                        ./drivers/fsl_usart.o
USART_TransferHandleIRQ                           ./drivers/fsl_usart.o
USART_TransferReceiveNonBlocking                  ./drivers/fsl_usart.o
USART_TransferSendNonBlocking                     ./drivers/fsl_usart.o
USART_TransferStartRingBuffer                     ./drivers/fsl_usart.o
USART_TransferStopRingBuffer                      ./drivers/fsl_usart.o
USART_WriteBlocking                               ./drivers/fsl_usart.o
                                                  ./component/uart/fsl_adapter_miniusart.o
WDT_DriverIRQHandler                              ./startup/startup_lpc812.o
WDT_IRQHandler                                    ./startup/startup_lpc812.o
WKT_DriverIRQHandler                              ./startup/startup_lpc812.o
WKT_IRQHandler                                    ./startup/startup_lpc812.o
_Csys_alloc                                       c:/nxp/mcuxpressoide_11.5.1_7266/ide/plugins/com.nxp.mcuxpresso.tools.win32_11.5.1.202201181444/tools/bin/../lib/gcc/arm-none-eabi/10.3.1/../../../../arm-none-eabi/lib/thumb/v6-m/nofp\libcr_c.a(alloc.o)
                                                  c:/nxp/mcuxpressoide_11.5.1_7266/ide/plugins/com.nxp.mcuxpresso.tools.win32_11.5.1.202201181444/tools/bin/../lib/gcc/arm-none-eabi/10.3.1/../../../../arm-none-eabi/lib/thumb/v6-m/nofp\libcr_c.a(_deferredlazyseek.o)
_Cwritebuf                                        c:/nxp/mcuxpressoide_11.5.1_7266/ide/plugins/com.nxp.mcuxpresso.tools.win32_11.5.1.202201181444/tools/bin/../lib/gcc/arm-none-eabi/10.3.1/../../../../arm-none-eabi/lib/thumb/v6-m/nofp\libcr_c.a(_writebuf.o)
                                                  c:/nxp/mcuxpressoide_11.5.1_7266/ide/plugins/com.nxp.mcuxpresso.tools.win32_11.5.1.202201181444/tools/bin/../lib/gcc/arm-none-eabi/10.3.1/../../../../arm-none-eabi/lib/thumb/v6-m/nofp\libcr_c.a(_deferredlazyseek.o)
                                                  c:/nxp/mcuxpressoide_11.5.1_7266/ide/plugins/com.nxp.mcuxpresso.tools.win32_11.5.1.202201181444/tools/bin/../lib/gcc/arm-none-eabi/10.3.1/../../../../arm-none-eabi/lib/thumb/v6-m/nofp\libcr_c.a(_fflush.o)
__Ciob                                            c:/nxp/mcuxpressoide_11.5.1_7266/ide/plugins/com.nxp.mcuxpresso.tools.win32_11.5.1.202201181444/tools/bin/../lib/gcc/arm-none-eabi/10.3.1/../../../../arm-none-eabi/lib/thumb/v6-m/nofp\libcr_nohost_nf.a(__ciob.o)
                                                  c:/nxp/mcuxpressoide_11.5.1_7266/ide/plugins/com.nxp.mcuxpresso.tools.win32_11.5.1.202201181444/tools/bin/../lib/gcc/arm-none-eabi/10.3.1/../../../../arm-none-eabi/lib/thumb/v6-m/nofp\libcr_c.a(fflush.o)
                                                  c:/nxp/mcuxpressoide_11.5.1_7266/ide/plugins/com.nxp.mcuxpresso.tools.win32_11.5.1.202201181444/tools/bin/../lib/gcc/arm-none-eabi/10.3.1/../../../../arm-none-eabi/lib/thumb/v6-m/nofp\libcr_c.a(initio.o)
__Vectors                                         ./startup/startup_lpc812.o
__aeabi_idiv                                      c:/nxp/mcuxpressoide_11.5.1_7266/ide/plugins/com.nxp.mcuxpresso.tools.win32_11.5.1.202201181444/tools/bin/../lib/gcc/arm-none-eabi/10.3.1/thumb/v6-m/nofp\libcr_eabihelpers.a(division_32.o)
                                                  ./utilities/fsl_debug_console.o
__aeabi_idiv0                                     c:/nxp/mcuxpressoide_11.5.1_7266/ide/plugins/com.nxp.mcuxpresso.tools.win32_11.5.1.202201181444/tools/bin/../lib/gcc/arm-none-eabi/10.3.1/thumb/v6-m/nofp\libcr_eabihelpers.a(division_idiv0.o)
                                                  c:/nxp/mcuxpressoide_11.5.1_7266/ide/plugins/com.nxp.mcuxpresso.tools.win32_11.5.1.202201181444/tools/bin/../lib/gcc/arm-none-eabi/10.3.1/thumb/v6-m/nofp\libcr_eabihelpers.a(division_64.o)
                                                  c:/nxp/mcuxpressoide_11.5.1_7266/ide/plugins/com.nxp.mcuxpresso.tools.win32_11.5.1.202201181444/tools/bin/../lib/gcc/arm-none-eabi/10.3.1/thumb/v6-m/nofp\libcr_eabihelpers.a(division_32.o)
__aeabi_idivmod                                   c:/nxp/mcuxpressoide_11.5.1_7266/ide/plugins/com.nxp.mcuxpresso.tools.win32_11.5.1.202201181444/tools/bin/../lib/gcc/arm-none-eabi/10.3.1/thumb/v6-m/nofp\libcr_eabihelpers.a(division_32.o)
__aeabi_lasr                                      c:/nxp/mcuxpressoide_11.5.1_7266/ide/plugins/com.nxp.mcuxpresso.tools.win32_11.5.1.202201181444/tools/bin/../lib/gcc/arm-none-eabi/10.3.1/thumb/v6-m/nofp\libcr_eabihelpers.a(llong.o)
__aeabi_lcmp                                      c:/nxp/mcuxpressoide_11.5.1_7266/ide/plugins/com.nxp.mcuxpresso.tools.win32_11.5.1.202201181444/tools/bin/../lib/gcc/arm-none-eabi/10.3.1/thumb/v6-m/nofp\libcr_eabihelpers.a(llong.o)
__aeabi_ldivmod                                   c:/nxp/mcuxpressoide_11.5.1_7266/ide/plugins/com.nxp.mcuxpresso.tools.win32_11.5.1.202201181444/tools/bin/../lib/gcc/arm-none-eabi/10.3.1/thumb/v6-m/nofp\libcr_eabihelpers.a(division_64.o)
__aeabi_llsl                                      c:/nxp/mcuxpressoide_11.5.1_7266/ide/plugins/com.nxp.mcuxpresso.tools.win32_11.5.1.202201181444/tools/bin/../lib/gcc/arm-none-eabi/10.3.1/thumb/v6-m/nofp\libcr_eabihelpers.a(llong.o)
__aeabi_llsr                                      c:/nxp/mcuxpressoide_11.5.1_7266/ide/plugins/com.nxp.mcuxpresso.tools.win32_11.5.1.202201181444/tools/bin/../lib/gcc/arm-none-eabi/10.3.1/thumb/v6-m/nofp\libcr_eabihelpers.a(llong.o)
__aeabi_lmul                                      c:/nxp/mcuxpressoide_11.5.1_7266/ide/plugins/com.nxp.mcuxpresso.tools.win32_11.5.1.202201181444/tools/bin/../lib/gcc/arm-none-eabi/10.3.1/thumb/v6-m/nofp\libcr_eabihelpers.a(llong.o)
                                                  ./drivers/fsl_common.o
__aeabi_lowlevel_memset                           c:/nxp/mcuxpressoide_11.5.1_7266/ide/plugins/com.nxp.mcuxpresso.tools.win32_11.5.1.202201181444/tools/bin/../lib/gcc/arm-none-eabi/10.3.1/thumb/v6-m/nofp\libcr_eabihelpers.a(memcpy.o)
                                                  c:/nxp/mcuxpressoide_11.5.1_7266/ide/plugins/com.nxp.mcuxpresso.tools.win32_11.5.1.202201181444/tools/bin/../lib/gcc/arm-none-eabi/10.3.1/../../../../arm-none-eabi/lib/thumb/v6-m/nofp\libcr_c.a(memset.o)
__aeabi_memclr                                    c:/nxp/mcuxpressoide_11.5.1_7266/ide/plugins/com.nxp.mcuxpresso.tools.win32_11.5.1.202201181444/tools/bin/../lib/gcc/arm-none-eabi/10.3.1/thumb/v6-m/nofp\libcr_eabihelpers.a(memcpy.o)
__aeabi_memclr4                                   c:/nxp/mcuxpressoide_11.5.1_7266/ide/plugins/com.nxp.mcuxpresso.tools.win32_11.5.1.202201181444/tools/bin/../lib/gcc/arm-none-eabi/10.3.1/thumb/v6-m/nofp\libcr_eabihelpers.a(memcpy.o)
__aeabi_memclr8                                   c:/nxp/mcuxpressoide_11.5.1_7266/ide/plugins/com.nxp.mcuxpresso.tools.win32_11.5.1.202201181444/tools/bin/../lib/gcc/arm-none-eabi/10.3.1/thumb/v6-m/nofp\libcr_eabihelpers.a(memcpy.o)
__aeabi_memcpy                                    c:/nxp/mcuxpressoide_11.5.1_7266/ide/plugins/com.nxp.mcuxpresso.tools.win32_11.5.1.202201181444/tools/bin/../lib/gcc/arm-none-eabi/10.3.1/thumb/v6-m/nofp\libcr_eabihelpers.a(memcpy.o)
                                                  c:/nxp/mcuxpressoide_11.5.1_7266/ide/plugins/com.nxp.mcuxpresso.tools.win32_11.5.1.202201181444/tools/bin/../lib/gcc/arm-none-eabi/10.3.1/../../../../arm-none-eabi/lib/thumb/v6-m/nofp\libcr_c.a(memcpy.o)
__aeabi_memcpy4                                   c:/nxp/mcuxpressoide_11.5.1_7266/ide/plugins/com.nxp.mcuxpresso.tools.win32_11.5.1.202201181444/tools/bin/../lib/gcc/arm-none-eabi/10.3.1/thumb/v6-m/nofp\libcr_eabihelpers.a(memcpy.o)
__aeabi_memcpy8                                   c:/nxp/mcuxpressoide_11.5.1_7266/ide/plugins/com.nxp.mcuxpresso.tools.win32_11.5.1.202201181444/tools/bin/../lib/gcc/arm-none-eabi/10.3.1/thumb/v6-m/nofp\libcr_eabihelpers.a(memcpy.o)
__aeabi_memmove                                   c:/nxp/mcuxpressoide_11.5.1_7266/ide/plugins/com.nxp.mcuxpresso.tools.win32_11.5.1.202201181444/tools/bin/../lib/gcc/arm-none-eabi/10.3.1/thumb/v6-m/nofp\libcr_eabihelpers.a(memcpy.o)
__aeabi_memmove4                                  c:/nxp/mcuxpressoide_11.5.1_7266/ide/plugins/com.nxp.mcuxpresso.tools.win32_11.5.1.202201181444/tools/bin/../lib/gcc/arm-none-eabi/10.3.1/thumb/v6-m/nofp\libcr_eabihelpers.a(memcpy.o)
__aeabi_memmove8                                  c:/nxp/mcuxpressoide_11.5.1_7266/ide/plugins/com.nxp.mcuxpresso.tools.win32_11.5.1.202201181444/tools/bin/../lib/gcc/arm-none-eabi/10.3.1/thumb/v6-m/nofp\libcr_eabihelpers.a(memcpy.o)
__aeabi_memset                                    c:/nxp/mcuxpressoide_11.5.1_7266/ide/plugins/com.nxp.mcuxpresso.tools.win32_11.5.1.202201181444/tools/bin/../lib/gcc/arm-none-eabi/10.3.1/thumb/v6-m/nofp\libcr_eabihelpers.a(memcpy.o)
__aeabi_memset4                                   c:/nxp/mcuxpressoide_11.5.1_7266/ide/plugins/com.nxp.mcuxpresso.tools.win32_11.5.1.202201181444/tools/bin/../lib/gcc/arm-none-eabi/10.3.1/thumb/v6-m/nofp\libcr_eabihelpers.a(memcpy.o)
__aeabi_memset8                                   c:/nxp/mcuxpressoide_11.5.1_7266/ide/plugins/com.nxp.mcuxpresso.tools.win32_11.5.1.202201181444/tools/bin/../lib/gcc/arm-none-eabi/10.3.1/thumb/v6-m/nofp\libcr_eabihelpers.a(memcpy.o)
__aeabi_uidiv                                     c:/nxp/mcuxpressoide_11.5.1_7266/ide/plugins/com.nxp.mcuxpresso.tools.win32_11.5.1.202201181444/tools/bin/../lib/gcc/arm-none-eabi/10.3.1/thumb/v6-m/nofp\libcr_eabihelpers.a(division_32.o)
                                                  ./device/system_LPC812.o
                                                  ./drivers/fsl_usart.o
                                                  ./drivers/fsl_i2c.o
                                                  ./drivers/fsl_clock.o
                                                  ./utilities/fsl_debug_console.o
__aeabi_uidivmod                                  c:/nxp/mcuxpressoide_11.5.1_7266/ide/plugins/com.nxp.mcuxpresso.tools.win32_11.5.1.202201181444/tools/bin/../lib/gcc/arm-none-eabi/10.3.1/thumb/v6-m/nofp\libcr_eabihelpers.a(division_32.o)
__aeabi_ulcmp                                     c:/nxp/mcuxpressoide_11.5.1_7266/ide/plugins/com.nxp.mcuxpresso.tools.win32_11.5.1.202201181444/tools/bin/../lib/gcc/arm-none-eabi/10.3.1/thumb/v6-m/nofp\libcr_eabihelpers.a(llong.o)
__aeabi_uldivmod                                  c:/nxp/mcuxpressoide_11.5.1_7266/ide/plugins/com.nxp.mcuxpresso.tools.win32_11.5.1.202201181444/tools/bin/../lib/gcc/arm-none-eabi/10.3.1/thumb/v6-m/nofp\libcr_eabihelpers.a(division_64.o)
                                                  ./drivers/fsl_common.o
                                                  ./drivers/fsl_clock.o
__assertion_failed                                ./utilities/fsl_assert.o
                                                  ./board/clock_config.o
                                                  ./board/board.o
                                                  ./component/uart/fsl_adapter_miniusart.o
                                                  ./drivers/fsl_usart.o
                                                  ./drivers/fsl_swm.o
                                                  ./drivers/fsl_reset.o
                                                  ./drivers/fsl_power.o
                                                  ./drivers/fsl_i2c.o
                                                  ./drivers/fsl_gpio.o
                                                  ./drivers/fsl_common.o
                                                  ./drivers/fsl_clock.o
__bss_section_table_end                           ./startup/startup_lpc812.o
__check_heap_overflow                             c:/nxp/mcuxpressoide_11.5.1_7266/ide/plugins/com.nxp.mcuxpresso.tools.win32_11.5.1.202201181444/tools/bin/../lib/gcc/arm-none-eabi/10.3.1/../../../../arm-none-eabi/lib/thumb/v6-m/nofp\libcr_c.a(_cr_check_heap.o)
                                                  c:/nxp/mcuxpressoide_11.5.1_7266/ide/plugins/com.nxp.mcuxpresso.tools.win32_11.5.1.202201181444/tools/bin/../lib/gcc/arm-none-eabi/10.3.1/../../../../arm-none-eabi/lib/thumb/v6-m/nofp\libcr_c.a(_cr_sbrk.o)
__data_section_table                              ./startup/startup_lpc812.o
__data_section_table_end                          ./startup/startup_lpc812.o
__end_of_heap                                     c:/nxp/mcuxpressoide_11.5.1_7266/ide/plugins/com.nxp.mcuxpresso.tools.win32_11.5.1.202201181444/tools/bin/../lib/gcc/arm-none-eabi/10.3.1/../../../../arm-none-eabi/lib/thumb/v6-m/nofp\libcr_c.a(__init_alloc.o)
                                                  c:/nxp/mcuxpressoide_11.5.1_7266/ide/plugins/com.nxp.mcuxpresso.tools.win32_11.5.1.202201181444/tools/bin/../lib/gcc/arm-none-eabi/10.3.1/../../../../arm-none-eabi/lib/thumb/v6-m/nofp\libcr_c.a(_cr_sbrk.o)