Archive member included to satisfy reference by file (symbol)

c:/nxp/mcuxpressoide_11.5.1_7266/ide/plugins/com.nxp.mcuxpresso.tools.win32_11.5.1.202201181444/tools/bin/../lib/gcc/arm-none-eabi/10.3.1/../../../../arm-none-eabi/lib/thumb/v6-m/nofp\libcr_nohost_nf.a(_cr__main.o)
                              ./startup/startup_lpc812.o (__main)
c:/nxp/mcuxpressoide_11.5.1_7266/ide/plugins/com.nxp.mcuxpresso.tools.win32_11.5.1.202201181444/tools/bin/../lib/gcc/arm-none-eabi/10.3.1/../../../../arm-none-eabi/lib/thumb/v6-m/nofp\libcr_c.a(memcpy.o)
                              ./drivers/fsl_i2c.o (memcpy)
c:/nxp/mcuxpressoide_11.5.1_7266/ide/plugins/com.nxp.mcuxpresso.tools.win32_11.5.1.202201181444/tools/bin/../lib/gcc/arm-none-eabi/10.3.1/../../../../arm-none-eabi/lib/thumb/v6-m/nofp\libcr_c.a(memset.o)
                              ./drivers/fsl_i2c.o (memset)
c:/nxp/mcuxpressoide_11.5.1_7266/ide/plugins/com.nxp.mcuxpresso.tools.win32_11.5.1.202201181444/tools/bin/../lib/gcc/arm-none-eabi/10.3.1/../../../../arm-none-eabi/lib/thumb/v6-m/nofp\libcr_c.a(alloc.o)
                              ./drivers/fsl_common.o (malloc)
c:/nxp/mcuxpressoide_11.5.1_7266/ide/plugins/com.nxp.mcuxpresso.tools.win32_11.5.1.202201181444/tools/bin/../lib/gcc/arm-none-eabi/10.3.1/../../../../arm-none-eabi/lib/thumb/v6-m/nofp\libcr_c.a(initio.o)
                              c:/nxp/mcuxpressoide_11.5.1_7266/ide/plugins/com.nxp.mcuxpresso.tools.win32_11.5.1.202201181444/tools/bin/../lib/gcc/arm-none-eabi/10.3.1/../../../../arm-none-eabi/lib/thumb/v6-m/nofp\libcr_nohost_nf.a(_cr__main.o) (_initio)
c:/nxp/mcuxpressoide_11.5.1_7266/ide/plugins/com.nxp.mcuxpresso.tools.win32_11.5.1.202201181444/tools/bin/../lib/gcc/arm-none-eabi/10.3.1/../../../../arm-none-eabi/lib/thumb/v6-m/nofp\libcr_c.a(setvbuf.o)
                              c:/nxp/mcuxpressoide_11.5.1_7266/ide/plugins/com.nxp.mcuxpresso.tools.win32_11.5.1.202201181444/tools/bin/../lib/gcc/arm-none-eabi/10.3.1/../../../../arm-none-eabi/lib/thumb/v6-m/nofp\libcr_c.a(initio.o) (setvbuf)
c:/nxp/mcuxpressoide_11.5.1_7266/ide/plugins/com.nxp.mcuxpresso.tools.win32_11.5.1.202201181444/tools/bin/../lib/gcc/arm-none-eabi/10.3.1/../../../../arm-none-eabi/lib/thumb/v6-m/nofp\libcr_c.a(strlen.o)
                              ./utilities/fsl_debug_console.o (strlen)
c:/nxp/mcuxpressoide_11.5.1_7266/ide/plugins/com.nxp.mcuxpresso.tools.win32_11.5.1.202201181444/tools/bin/../lib/gcc/arm-none-eabi/10.3.1/../../../../arm-none-eabi/lib/thumb/v6-m/nofp\libcr_c.a(__init_alloc.o)
                              c:/nxp/mcuxpressoide_11.5.1_7266/ide/plugins/com.nxp.mcuxpresso.tools.win32_11.5.1.202201181444/tools/bin/../lib/gcc/arm-none-eabi/10.3.1/../../../../arm-none-eabi/lib/thumb/v6-m/nofp\libcr_c.a(alloc.o) (__heaps)
c:/nxp/mcuxpressoide_11.5.1_7266/ide/plugins/com.nxp.mcuxpresso.tools.win32_11.5.1.202201181444/tools/bin/../lib/gcc/arm-none-eabi/10.3.1/../../../../arm-none-eabi/lib/thumb/v6-m/nofp\libcr_c.a(_cr_sbrk.o)
                              c:/nxp/mcuxpressoide_11.5.1_7266/ide/plugins/com.nxp.mcuxpresso.tools.win32_11.5.1.202201181444/tools/bin/../lib/gcc/arm-none-eabi/10.3.1/../../../../arm-none-eabi/lib/thumb/v6-m/nofp\libcr_c.a(alloc.o) (_sbrk)
c:/nxp/mcuxpressoide_11.5.1_7266/ide/plugins/com.nxp.mcuxpresso.tools.win32_11.5.1.202201181444/tools/bin/../lib/gcc/arm-none-eabi/10.3.1/../../../../arm-none-eabi/lib/thumb/v6-m/nofp\libcr_c.a(_fdopen.o)
                              c:/nxp/mcuxpressoide_11.5.1_7266/ide/plugins/com.nxp.mcuxpresso.tools.win32_11.5.1.202201181444/tools/bin/../lib/gcc/arm-none-eabi/10.3.1/../../../../arm-none-eabi/lib/thumb/v6-m/nofp\libcr_c.a(initio.o) (_fdopen)
c:/nxp/mcuxpressoide_11.5.1_7266/ide/plugins/com.nxp.mcuxpresso.tools.win32_11.5.1.202201181444/tools/bin/../lib/gcc/arm-none-eabi/10.3.1/../../../../arm-none-eabi/lib/thumb/v6-m/nofp\libcr_c.a(errno.o)
                              c:/nxp/mcuxpressoide_11.5.1_7266/ide/plugins/com.nxp.mcuxpresso.tools.win32_11.5.1.202201181444/tools/bin/../lib/gcc/arm-none-eabi/10.3.1/../../../../arm-none-eabi/lib/thumb/v6-m/nofp\libcr_c.a(_cr_sbrk.o) (errno)
c:/nxp/mcuxpressoide_11.5.1_7266/ide/plugins/com.nxp.mcuxpresso.tools.win32_11.5.1.202201181444/tools/bin/../lib/gcc/arm-none-eabi/10.3.1/../../../../arm-none-eabi/lib/thumb/v6-m/nofp\libcr_c.a(fclose.o)
                              c:/nxp/mcuxpressoide_11.5.1_7266/ide/plugins/com.nxp.mcuxpresso.tools.win32_11.5.1.202201181444/tools/bin/../lib/gcc/arm-none-eabi/10.3.1/../../../../arm-none-eabi/lib/thumb/v6-m/nofp\libcr_c.a(initio.o) (fclose)
c:/nxp/mcuxpressoide_11.5.1_7266/ide/plugins/com.nxp.mcuxpresso.tools.win32_11.5.1.202201181444/tools/bin/../lib/gcc/arm-none-eabi/10.3.1/../../../../arm-none-eabi/lib/thumb/v6-m/nofp\libcr_c.a(fflush.o)
[...]
Memory Configuration

Name             Origin             Length             Attributes
PROGRAM_FLASH    0x00000000         0x00004000         xr
SRAM             0x10000000         0x00000fe0         xrw
IAP_SRAM         0x10000fe0         0x00000020         xrw
*default*        0x00000000         0xffffffff

Linker script and memory map

LOAD ./utilities/fsl_assert.o
LOAD ./utilities/fsl_debug_console.o
LOAD ./startup/startup_lpc812.o
LOAD ./source/main.o
LOAD ./source/mtb.o
LOAD ./source/semihost_hardfault.o
LOAD ./drivers/MAXM86161.o
LOAD ./drivers/fsl_clock.o
LOAD ./drivers/fsl_common.o
LOAD ./drivers/fsl_gpio.o
LOAD ./drivers/fsl_i2c.o
LOAD ./drivers/fsl_power.o
LOAD ./drivers/fsl_reset.o
LOAD ./drivers/fsl_swm.o
LOAD ./drivers/fsl_syscon.o
LOAD ./drivers/fsl_usart.o
LOAD ./device/system_LPC812.o
LOAD ./component/uart/fsl_adapter_miniusart.o
LOAD ./board/board.o
LOAD ./board/clock_config.o
LOAD ./board/pin_mux.o
START GROUP
LOAD c:/nxp/mcuxpressoide_11.5.1_7266/ide/plugins/com.nxp.mcuxpresso.tools.win32_11.5.1.202201181444/tools/bin/../lib/gcc/arm-none-eabi/10.3.1/../../../../arm-none-eabi/lib/thumb/v6-m/nofp\libcr_nohost_nf.a
LOAD c:/nxp/mcuxpressoide_11.5.1_7266/ide/plugins/com.nxp.mcuxpresso.tools.win32_11.5.1.202201181444/tools/bin/../lib/gcc/arm-none-eabi/10.3.1/../../../../arm-none-eabi/lib/thumb/v6-m/nofp\libcr_c.a
LOAD c:/nxp/mcuxpressoide_11.5.1_7266/ide/plugins/com.nxp.mcuxpresso.tools.win32_11.5.1.202201181444/tools/bin/../lib/gcc/arm-none-eabi/10.3.1/thumb/v6-m/nofp\libcr_eabihelpers.a
LOAD c:/nxp/mcuxpressoide_11.5.1_7266/ide/plugins/com.nxp.mcuxpresso.tools.win32_11.5.1.202201181444/tools/bin/../lib/gcc/arm-none-eabi/10.3.1/thumb/v6-m/nofp\libgcc.a
END GROUP
                0x00000000                __base_PROGRAM_FLASH = 0x0
                0x00000000                __base_Flash = 0x0
                0x00004000                __top_PROGRAM_FLASH = 0x4000
                0x00004000                __top_Flash = 0x4000
                0x10000000                __base_SRAM = 0x10000000
                0x10000000                __base_RAM = 0x10000000
                0x10000fe0                __top_SRAM = 0x10000fe0
                0x10000fe0                __top_RAM = 0x10000fe0
                0x10000fe0                __base_IAP_SRAM = 0x10000fe0
                0x10000fe0                __base_RAM2 = 0x10000fe0
                0x10001000                __top_IAP_SRAM = 0x10001000
                0x10001000                __top_RAM2 = 0x10001000

.text           0x00000000     0x3634
 FILL mask 0xff
                0x00000000                __vectors_start__ = ABSOLUTE (.)
 *(SORT_BY_ALIGNMENT(.isr_vector))
 .isr_vector    0x00000000       0xc0 ./startup/startup_lpc812.o
                0x00000000                g_pfnVectors
                0x00000000                __Vectors
                0x000000c0                . = ALIGN (0x4)
                0x000000c0                __section_table_start = .
                0x000000c0                __data_section_table = .
                0x000000c0        0x4 LONG 0x3634 LOADADDR (.data)
                0x000000c4        0x4 LONG 0x10000080 ADDR (.data)
                0x000000c8        0x4 LONG 0x1c SIZEOF (.data)
                0x000000cc        0x4 LONG 0x3634 LOADADDR (.data_RAM2)
                0x000000d0        0x4 LONG 0x10000fe0 ADDR (.data_RAM2)
                0x000000d4        0x4 LONG 0x0 SIZEOF (.data_RAM2)
                0x000000d8                __data_section_table_end = .
                0x000000d8                __bss_section_table = .
                0x000000d8        0x4 LONG 0x1000009c ADDR (.bss)
                0x000000dc        0x4 LONG 0xfc SIZEOF (.bss)
                0x000000e0        0x4 LONG 0x10000fe0 ADDR (.bss_RAM2)
                0x000000e4        0x4 LONG 0x0 SIZEOF (.bss_RAM2)
                0x000000e8                __bss_section_table_end = .
                0x000000e8                __section_table_end = .
 *(SORT_BY_ALIGNMENT(.after_vectors*))
 .after_vectors.reset
                0x000000e8       0x58 ./startup/startup_lpc812.o
                0x000000e8                ResetISR
 .after_vectors.init_data
                0x00000140       0x12 ./startup/startup_lpc812.o
                0x00000140                data_init
 .after_vectors.init_bss
                0x00000152       0x10 ./startup/startup_lpc812.o
                0x00000152                bss_init
 .after_vectors
                0x00000162      0x10c ./startup/startup_lpc812.o
                0x00000162                NMI_Handler
                0x00000166                SVC_Handler
                0x00000168                PendSV_Handler
                0x0000016a                SysTick_Handler
                0x0000016c                SPI1_DriverIRQHandler
                0x0000016c                Reserved37_DriverIRQHandler
                0x0000016c                Reserved39_DriverIRQHandler
                0x0000016c                Reserved33_DriverIRQHandler
                0x0000016c                I2C0_DriverIRQHandler
                0x0000016c                SCT0_DriverIRQHandler
                0x0000016c                PIN_INT3_DriverIRQHandler
                0x0000016c                PIN_INT2_DriverIRQHandler
                0x0000016c                SPI0_DriverIRQHandler
                0x0000016c                CMP_DriverIRQHandler
                0x0000016c                Reserved36_DriverIRQHandler
                0x0000016c                PIN_INT0_DriverIRQHandler
                0x0000016c                BOD_DriverIRQHandler
                0x0000016c                Reserved35_DriverIRQHandler
                0x0000016c                Reserved34_DriverIRQHandler
                0x0000016c                Reserved23_DriverIRQHandler
                0x0000016c                IntDefaultHandler
                0x0000016c                PIN_INT1_DriverIRQHandler
                0x0000016c                WDT_DriverIRQHandler
                0x0000016c                WKT_DriverIRQHandler
                0x0000016c                MRT0_DriverIRQHandler
                0x0000016c                PIN_INT4_DriverIRQHandler
                0x0000016c                PIN_INT5_DriverIRQHandler
                0x0000016c                Reserved18_DriverIRQHandler
                0x0000016c                PIN_INT7_DriverIRQHandler
                0x0000016c                Reserved38_DriverIRQHandler
                0x0000016c                PIN_INT6_DriverIRQHandler
                0x0000016c                Reserved22_DriverIRQHandler
                0x0000016c                Reserved32_DriverIRQHandler
                0x0000016c                Reserved30_DriverIRQHandler
                0x0000016e                SPI0_IRQHandler
                0x00000176                SPI1_IRQHandler
                0x0000017e                Reserved18_IRQHandler
                0x00000186                USART0_IRQHandler
                0x0000018e                USART1_IRQHandler
                0x00000196                USART2_IRQHandler
                0x0000019e                Reserved22_IRQHandler
                0x000001a6                Reserved23_IRQHandler
                0x000001b6                SCT0_IRQHandler
                0x000001be                MRT0_IRQHandler
                0x000001c6                CMP_IRQHandler
                0x000001ce                WDT_IRQHandler
                0x000001d6                BOD_IRQHandler
                0x000001de                Reserved30_IRQHandler
                0x000001e6                WKT_IRQHandler
                0x000001ee                Reserved32_IRQHandler
                0x000001f6                Reserved33_IRQHandler
                0x000001fe                Reserved34_IRQHandler
                0x00000206                Reserved35_IRQHandler
                0x0000020e                Reserved36_IRQHandler
                0x00000216                Reserved37_IRQHandler
                0x0000021e                Reserved38_IRQHandler
                0x00000226                Reserved39_IRQHandler
                0x0000022e                PIN_INT0_IRQHandler
                0x00000236                PIN_INT1_IRQHandler
                0x0000023e                PIN_INT2_IRQHandler
                0x00000246                PIN_INT3_IRQHandler
                0x0000024e                PIN_INT4_IRQHandler
                0x00000256                PIN_INT5_IRQHandler
                0x0000025e                PIN_INT6_IRQHandler
                0x00000266                PIN_INT7_IRQHandler
                0x000002fc                . = 0x2fc
 *fill*         0x0000026e       0x8e ff
                0x000002fc                PROVIDE (__CRP_WORD_START__ = .)
 *(SORT_BY_ALIGNMENT(.crp))
 .crp           0x000002fc        0x4 ./startup/startup_lpc812.o
                0x000002fc                CRP_WORD
                0x00000300                PROVIDE (__CRP_WORD_END__ = .)
                0x00000001                ASSERT (! ((__CRP_WORD_START__ == __CRP_WORD_END__)), Linker CRP Enabled, but no CRP_WORD provided within application)
 *(SORT_BY_ALIGNMENT(.text*))
 .text.__assertion_failed
                0x00000300       0x1c ./utilities/fsl_assert.o
                0x00000300                __assertion_failed
 .text.DbgConsole_Init
                0x0000031c       0x9c ./utilities/fsl_debug_console.o
                0x0000031c                DbgConsole_Init
 .text.DbgConsole_Printf
                0x000003b8       0x44 ./utilities/fsl_debug_console.o
                0x000003b8                DbgConsole_Printf
 .text.DbgConsole_Putchar
                0x000003fc       0x30 ./utilities/fsl_debug_console.o
                0x000003fc                DbgConsole_Putchar
 .text.__NVIC_EnableIRQ
                0x0000042c       0x34 ./source/main.o
 .text.__NVIC_ClearPendingIRQ
                0x00000460       0x38 ./source/main.o
 .text.__NVIC_SetPriority
                0x00000498       0xdc ./source/main.o
 .text.CLOCK_EnableClock
                0x00000574       0x30 ./source/main.o
 .text.CLOCK_Select
                0x000005a4       0x38 ./source/main.o
 .text.I2C0_IRQHandler
                0x000005dc       0x14 ./source/main.o
                0x000005dc                I2C0_IRQHandler
 .text.main     0x000005f0       0xd4 ./source/main.o
                0x000005f0                main
 .text.HardFault_Handler
                0x000006c4       0x30 ./source/semihost_hardfault.o
                0x000006c4                HardFault_Handler
 .text.maxm86161_read_samples_in_fifo
                0x000006f4      0x234 ./drivers/MAXM86161.o
                0x000006f4                maxm86161_read_samples_in_fifo
 .text.CLOCK_GetSystemPLLFreq
                0x00000928       0x20 ./drivers/fsl_clock.o
 .text.CLOCK_GetWdtOscFreq
                0x00000948       0x14 ./drivers/fsl_clock.o
 .text.CLOCK_GetExtClkFreq
                0x0000095c       0x14 ./drivers/fsl_clock.o
 .text.CLOCK_UpdateClkSrc
                0x00000970       0x4c ./drivers/fsl_clock.o
 .text.CLOCK_GetIrcFreq
                0x000009bc       0x10 ./drivers/fsl_clock.o
                0x000009bc                CLOCK_GetIrcFreq
 .text.CLOCK_GetSysOscFreq
                0x000009cc       0x30 ./drivers/fsl_clock.o
                0x000009cc                CLOCK_GetSysOscFreq
 .text.CLOCK_GetMainClkFreq
                0x000009fc       0x60 ./drivers/fsl_clock.o
                0x000009fc                CLOCK_GetMainClkFreq
 .text.CLOCK_GetSystemPLLInClockRate
                0x00000a5c       0x54 ./drivers/fsl_clock.o
                0x00000a5c                CLOCK_GetSystemPLLInClockRate
 .text.findSyestemPllPsel
                0x00000ab0       0x50 ./drivers/fsl_clock.o
 .text.CLOCK_InitSystemPll
                0x00000b00      0x110 ./drivers/fsl_clock.o
                0x00000b00                CLOCK_InitSystemPll
 .text.CLOCK_SetMainClkSrc
                0x00000c10       0x6c ./drivers/fsl_clock.o
                0x00000c10                CLOCK_SetMainClkSrc
 .text.CLOCK_UpdateClkOUTsrc
                0x00000c7c       0x18 ./drivers/fsl_clock.o
                0x00000c7c                CLOCK_UpdateClkOUTsrc
 .text.CLOCK_EnableClock
                0x00000c94       0x30 ./drivers/fsl_gpio.o
 .text.GPIO_EnablePortClock
                0x00000cc4       0x2c ./drivers/fsl_gpio.o
 .text.CLOCK_EnableClock
                0x00000cf0       0x30 ./drivers/fsl_i2c.o
 .text.I2C_GetInstance
                0x00000d20       0x48 ./drivers/fsl_i2c.o
                0x00000d20                I2C_GetInstance
 .text.I2C_MasterGetDefaultConfig
                0x00000d68       0x34 ./drivers/fsl_i2c.o
                0x00000d68                I2C_MasterGetDefaultConfig
 .text.I2C_MasterInit
                0x00000d9c       0x58 ./drivers/fsl_i2c.o
                0x00000d9c                I2C_MasterInit
 .text.I2C_MasterStart
                0x00000df4       0x54 ./drivers/fsl_i2c.o
                0x00000df4                I2C_MasterStart
 .text.I2C_MasterStop
                0x00000e48       0x30 ./drivers/fsl_i2c.o
                0x00000e48                I2C_MasterStop
 .text.I2C_MasterWriteBlocking
                0x00000e78      0x114 ./drivers/fsl_i2c.o
                0x00000e78                I2C_MasterWriteBlocking
 .text.I2C_MasterReadBlocking
                0x00000f8c       0xf4 ./drivers/fsl_i2c.o
                0x00000f8c                I2C_MasterReadBlocking
 .text.I2C_MasterTransferBlocking
                0x00001080      0x13c ./drivers/fsl_i2c.o
                0x00001080                I2C_MasterTransferBlocking
 .text.RESET_SetPeripheralReset
                0x000011bc       0x48 ./drivers/fsl_reset.o
 .text.RESET_ClearPeripheralReset
                0x00001204       0x48 ./drivers/fsl_reset.o
 .text.SWM_SetMovablePinSelect
                0x0000124c       0x98 ./drivers/fsl_swm.o
                0x0000124c                SWM_SetMovablePinSelect
 .text.CLOCK_EnableClock
                0x000012e4       0x30 ./drivers/fsl_usart.o
 .text.USART_EnableContinuousSCLK
                0x00001314       0x40 ./drivers/fsl_usart.o
 .text.USART_GetInstance
                0x00001354       0x4c ./drivers/fsl_usart.o
                0x00001354                USART_GetInstance
 .text.USART_Init
                0x000013a0      0x12c ./drivers/fsl_usart.o
                0x000013a0                USART_Init
 .text.USART_GetDefaultConfig
                0x000014cc       0x74 ./drivers/fsl_usart.o
                0x000014cc                USART_GetDefaultConfig
 .text.USART_SetBaudRate
                0x00001540       0xac ./drivers/fsl_usart.o
                0x00001540                USART_SetBaudRate
 .text.USART_WriteBlocking
                0x000015ec       0x64 ./drivers/fsl_usart.o
                0x000015ec                USART_WriteBlocking
 .text.USART_ReadBlocking
                0x00001650       0xc0 ./drivers/fsl_usart.o
                0x00001650                USART_ReadBlocking
 .text.USART0_DriverIRQHandler
                0x00001710       0x24 ./drivers/fsl_usart.o
                0x00001710                USART0_DriverIRQHandler
 .text.USART1_DriverIRQHandler
                0x00001734       0x24 ./drivers/fsl_usart.o
                0x00001734                USART1_DriverIRQHandler
 .text.USART2_DriverIRQHandler
                0x00001758       0x24 ./drivers/fsl_usart.o
                0x00001758                USART2_DriverIRQHandler
 .text.SystemInit
                0x0000177c       0x2c ./device/system_LPC812.o
                0x0000177c                SystemInit
 .text.HAL_UartGetStatus
                0x000017a8       0x20 ./component/uart/fsl_adapter_miniusart.o
 .text.HAL_UartInit
                0x000017c8      0x11c ./component/uart/fsl_adapter_miniusart.o
                0x000017c8                HAL_UartInit
 .text.HAL_UartReceiveBlocking
                0x000018e4       0x78 ./component/uart/fsl_adapter_miniusart.o
                0x000018e4                HAL_UartReceiveBlocking
 .text.HAL_UartSendBlocking
                0x0000195c       0x6c ./component/uart/fsl_adapter_miniusart.o
                0x0000195c                HAL_UartSendBlocking
 .text.CLOCK_EnableClock
                0x000019c8       0x30 ./board/board.o
 .text.CLOCK_SetClkDivider
                0x000019f8       0x30 ./board/board.o
 .text.BOARD_InitDebugConsole
                0x00001a28       0x50 ./board/board.o
                0x00001a28                BOARD_InitDebugConsole
 .text.CLOCK_Select
                0x00001a78       0x38 ./board/clock_config.o
 .text.CLOCK_SetCoreSysClkDiv
                0x00001ab0       0x3c ./board/clock_config.o
 .text.POWER_DisablePD
                0x00001aec       0x2c ./board/clock_config.o
 .text.BOARD_BootClockIRC12M
                0x00001b18       0x68 ./board/clock_config.o
                0x00001b18                BOARD_BootClockIRC12M
 .text.CLOCK_EnableClock
                0x00001b80       0x30 ./board/pin_mux.o
 .text.CLOCK_DisableClock
                0x00001bb0       0x34 ./board/pin_mux.o
 .text.BOARD_InitPins
                0x00001be4       0x68 ./board/pin_mux.o
                0x00001be4                BOARD_InitPins
 .text._initio  0x00001c4c       0x7c c:/nxp/mcuxpressoide_11.5.1_7266/ide/plugins/com.nxp.mcuxpresso.tools.win32_11.5.1.202201181444/tools/bin/../lib/gcc/arm-none-eabi/10.3.1/../../../../arm-none-eabi/lib/thumb/v6-m/nofp\libcr_c.a(initio.o)
                0x00001c4c                _initio
 .text.setvbuf  0x00001cc8       0x4c c:/nxp/mcuxpressoide_11.5.1_7266/ide/plugins/com.nxp.mcuxpresso.tools.win32_11.5.1.202201181444/tools/bin/../lib/gcc/arm-none-eabi/10.3.1/../../../../arm-none-eabi/lib/thumb/v6-m/nofp\libcr_c.a(setvbuf.o)
                0x00001cc8                setvbuf
 .text.strlen   0x00001d14       0x58 c:/nxp/mcuxpressoide_11.5.1_7266/ide/plugins/com.nxp.mcuxpresso.tools.win32_11.5.1.202201181444/tools/bin/../lib/gcc/arm-none-eabi/10.3.1/../../../../arm-none-eabi/lib/thumb/v6-m/nofp\libcr_c.a(strlen.o)
                0x00001d14                strlen
 .text._fdopen  0x00001d6c       0x74 c:/nxp/mcuxpressoide_11.5.1_7266/ide/plugins/com.nxp.mcuxpresso.tools.win32_11.5.1.202201181444/tools/bin/../lib/gcc/arm-none-eabi/10.3.1/../../../../arm-none-eabi/lib/thumb/v6-m/nofp\libcr_c.a(_fdopen.o)
                0x00001d6c                _fdopen
 .text.fclose   0x00001de0       0x5c c:/nxp/mcuxpressoide_11.5.1_7266/ide/plugins/com.nxp.mcuxpresso.tools.win32_11.5.1.202201181444/tools/bin/../lib/gcc/arm-none-eabi/10.3.1/../../../../arm-none-eabi/lib/thumb/v6-m/nofp\libcr_c.a(fclose.o)
                0x00001de0                fclose
 .text.fflush   0x00001e3c       0x44 c:/nxp/mcuxpressoide_11.5.1_7266/ide/plugins/com.nxp.mcuxpresso.tools.win32_11.5.1.202201181444/tools/bin/../lib/gcc/arm-none-eabi/10.3.1/../../../../arm-none-eabi/lib/thumb/v6-m/nofp\libcr_c.a(fflush.o)
                0x00001e3c                fflush
 .text.fseek    0x00001e80       0xf0 c:/nxp/mcuxpressoide_11.5.1_7266/ide/plugins/com.nxp.mcuxpresso.tools.win32_11.5.1.202201181444/tools/bin/../lib/gcc/arm-none-eabi/10.3.1/../../../../arm-none-eabi/lib/thumb/v6-m/nofp\libcr_c.a(fseek.o)
                0x00001e80                fseek
 .text.ftell    0x00001f70       0x48 c:/nxp/mcuxpressoide_11.5.1_7266/ide/plugins/com.nxp.mcuxpresso.tools.win32_11.5.1.202201181444/tools/bin/../lib/gcc/arm-none-eabi/10.3.1/../../../../arm-none-eabi/lib/thumb/v6-m/nofp\libcr_c.a(ftell.o)
                0x00001f70                ftell
 .text._do_fflush
                0x00001fb8       0x48 c:/nxp/mcuxpressoide_11.5.1_7266/ide/plugins/com.nxp.mcuxpresso.tools.win32_11.5.1.202201181444/tools/bin/../lib/gcc/arm-none-eabi/10.3.1/../../../../arm-none-eabi/lib/thumb/v6-m/nofp\libcr_c.a(_do_fflush.o)
                0x00001fb8                _do_fflush
 .text._fflush  0x00002000       0x60 c:/nxp/mcuxpressoide_11.5.1_7266/ide/plugins/com.nxp.mcuxpresso.tools.win32_11.5.1.202201181444/tools/bin/../lib/gcc/arm-none-eabi/10.3.1/../../../../arm-none-eabi/lib/thumb/v6-m/nofp\libcr_c.a(_fflush.o)
                0x00002000                _fflush
 .text._Cwritebuf
                0x00002060       0x68 c:/nxp/mcuxpressoide_11.5.1_7266/ide/plugins/com.nxp.mcuxpresso.tools.win32_11.5.1.202201181444/tools/bin/../lib/gcc/arm-none-eabi/10.3.1/../../../../arm-none-eabi/lib/thumb/v6-m/nofp\libcr_c.a(_writebuf.o)
                0x00002060                _Cwritebuf
 .text._deferredlazyseek
                0x000020c8       0x40 c:/nxp/mcuxpressoide_11.5.1_7266/ide/plugins/com.nxp.mcuxpresso.tools.win32_11.5.1.202201181444/tools/bin/../lib/gcc/arm-none-eabi/10.3.1/../../../../arm-none-eabi/lib/thumb/v6-m/nofp\libcr_c.a(_deferredlazyseek.o)
                0x000020c8                _deferredlazyseek
 .text.DbgConsole_PrintfPaddingCharacter
                0x00002108       0x48 ./utilities/fsl_debug_console.o
 .text.DbgConsole_ConvertRadixNumToString
                0x00002150      0x110 ./utilities/fsl_debug_console.o
 .text.DbgConsole_PrintfFormattedData
                0x00002260      0x3b4 ./utilities/fsl_debug_console.o
 .text.maxm86161_software_reset
                0x00002614       0x9e ./drivers/MAXM86161.o
                0x00002614                maxm86161_software_reset
 .text.maxm86161_flush_fifo
                0x000026b2       0x6e ./drivers/MAXM86161.o
                0x000026b2                maxm86161_flush_fifo
 .text.maxm86161_set_int_level
                0x00002720       0x8a ./drivers/MAXM86161.o
                0x00002720                maxm86161_set_int_level
 .text.maxm86161_ppg_config
                0x000027aa       0xd8 ./drivers/MAXM86161.o
                0x000027aa                maxm86161_ppg_config
 .text.maxm86161_led_pa_config
                0x00002882       0x66 ./drivers/MAXM86161.o
                0x00002882                maxm86161_led_pa_config
 .text.maxm86161_led_sequence_config
                0x000028e8       0xea ./drivers/MAXM86161.o
                0x000028e8                maxm86161_led_sequence_config
 .text.maxm86161_interupt_control
                0x000029d2       0xdc ./drivers/MAXM86161.o
                0x000029d2                maxm86161_interupt_control
 .text.maxim86162_init_dev
                0x00002aae       0xc4 ./drivers/MAXM86161.o
                0x00002aae                maxim86162_init_dev
 .text.GPIO_PortInit
                0x00002b72       0x26 ./drivers/fsl_gpio.o
                0x00002b72                GPIO_PortInit
 .text.GPIO_PinInit
                0x00002b98       0xc0 ./drivers/fsl_gpio.o
                0x00002b98                GPIO_PinInit
 .text.I2C_MasterEnable
                0x00002c58       0x3c ./drivers/fsl_i2c.o
 .text.I2C_GetStatusFlags
                0x00002c94       0x14 ./drivers/fsl_i2c.o
 .text.I2C_MasterClearStatusFlags
                0x00002ca8       0x1c ./drivers/fsl_i2c.o
 .text.I2C_MasterRepeatedStart
                0x00002cc4       0x32 ./drivers/fsl_i2c.o
 .text.I2C_MasterSetBaudRate
                0x00002cf6       0xcc ./drivers/fsl_i2c.o
                0x00002cf6                I2C_MasterSetBaudRate
 .text.I2C_PendingStatusWait
                0x00002dc2       0x30 ./drivers/fsl_i2c.o
 .text.RESET_PeripheralReset
                0x00002df2       0x28 ./drivers/fsl_reset.o
                0x00002df2                RESET_PeripheralReset
 .text.USART_EnableTx
                0x00002e1a       0x46 ./drivers/fsl_usart.o
 .text.USART_EnableRx
                0x00002e60       0x44 ./drivers/fsl_usart.o
 .text.SystemInitHook
                0x00002ea4        0xa ./device/system_LPC812.o
                0x00002ea4                SystemInitHook
 .text.__main   0x00002eae        0xc c:/nxp/mcuxpressoide_11.5.1_7266/ide/plugins/com.nxp.mcuxpresso.tools.win32_11.5.1.202201181444/tools/bin/../lib/gcc/arm-none-eabi/10.3.1/../../../../arm-none-eabi/lib/thumb/v6-m/nofp\libcr_nohost_nf.a(_cr__main.o)
                0x00002eae                __main
 .text.memset   0x00002eba        0x8 c:/nxp/mcuxpressoide_11.5.1_7266/ide/plugins/com.nxp.mcuxpresso.tools.win32_11.5.1.202201181444/tools/bin/../lib/gcc/arm-none-eabi/10.3.1/../../../../arm-none-eabi/lib/thumb/v6-m/nofp\libcr_c.a(memset.o)
                0x00002eba                memset
 .text.free     0x00002ec2       0x2c c:/nxp/mcuxpressoide_11.5.1_7266/ide/plugins/com.nxp.mcuxpresso.tools.win32_11.5.1.202201181444/tools/bin/../lib/gcc/arm-none-eabi/10.3.1/../../../../arm-none-eabi/lib/thumb/v6-m/nofp\libcr_c.a(alloc.o)
                0x00002ec2                free
 .text.remove   0x00002eee       0x12 c:/nxp/mcuxpressoide_11.5.1_7266/ide/plugins/com.nxp.mcuxpresso.tools.win32_11.5.1.202201181444/tools/bin/../lib/gcc/arm-none-eabi/10.3.1/../../../../arm-none-eabi/lib/thumb/v6-m/nofp\libcr_c.a(remove.o)
                0x00002eee                remove
 .text.__aeabi_division_idivmod
                0x00002f00       0x78 c:/nxp/mcuxpressoide_11.5.1_7266/ide/plugins/com.nxp.mcuxpresso.tools.win32_11.5.1.202201181444/tools/bin/../lib/gcc/arm-none-eabi/10.3.1/thumb/v6-m/nofp\libcr_eabihelpers.a(division_32.o)
                0x00002f00                __aeabi_idivmod
                0x00002f00                __aeabi_idiv
                0x00002f06                __aeabi_uidivmod
                0x00002f06                __aeabi_uidiv
 .text.__aeabi_division_idiv0
                0x00002f78        0x2 c:/nxp/mcuxpressoide_11.5.1_7266/ide/plugins/com.nxp.mcuxpresso.tools.win32_11.5.1.202201181444/tools/bin/../lib/gcc/arm-none-eabi/10.3.1/thumb/v6-m/nofp\libcr_eabihelpers.a(division_idiv0.o)
                0x00002f78                __aeabi_idiv0
 .text.__aeabi_memset_lowlevel
                0x00002f7a       0x2a c:/nxp/mcuxpressoide_11.5.1_7266/ide/plugins/com.nxp.mcuxpresso.tools.win32_11.5.1.202201181444/tools/bin/../lib/gcc/arm-none-eabi/10.3.1/thumb/v6-m/nofp\libcr_eabihelpers.a(memcpy.o)
                0x00002f7a                __aeabi_lowlevel_memset
 .text.__sys_close
                0x00002fa4        0x6 c:/nxp/mcuxpressoide_11.5.1_7266/ide/plugins/com.nxp.mcuxpresso.tools.win32_11.5.1.202201181444/tools/bin/../lib/gcc/arm-none-eabi/10.3.1/../../../../arm-none-eabi/lib/thumb/v6-m/nofp\libcr_nohost_nf.a(__sys_close.o)
                0x00002fa4                __sys_close
 .text.__sys_flen
                0x00002faa        0x6 c:/nxp/mcuxpressoide_11.5.1_7266/ide/plugins/com.nxp.mcuxpresso.tools.win32_11.5.1.202201181444/tools/bin/../lib/gcc/arm-none-eabi/10.3.1/../../../../arm-none-eabi/lib/thumb/v6-m/nofp\libcr_nohost_nf.a(__sys_flen.o)
                0x00002faa                __sys_flen
 .text.__sys_istty
                0x00002fb0        0x6 c:/nxp/mcuxpressoide_11.5.1_7266/ide/plugins/com.nxp.mcuxpresso.tools.win32_11.5.1.202201181444/tools/bin/../lib/gcc/arm-none-eabi/10.3.1/../../../../arm-none-eabi/lib/thumb/v6-m/nofp\libcr_nohost_nf.a(__sys_istty.o)
                0x00002fb0                __sys_istty
 .text.__sys_remove
                0x00002fb6        0x6 c:/nxp/mcuxpressoide_11.5.1_7266/ide/plugins/com.nxp.mcuxpresso.tools.win32_11.5.1.202201181444/tools/bin/../lib/gcc/arm-none-eabi/10.3.1/../../../../arm-none-eabi/lib/thumb/v6-m/nofp\libcr_nohost_nf.a(__sys_remove.o)
                0x00002fb6                __sys_remove
 .text.__sys_seek
                0x00002fbc        0x6 c:/nxp/mcuxpressoide_11.5.1_7266/ide/plugins/com.nxp.mcuxpresso.tools.win32_11.5.1.202201181444/tools/bin/../lib/gcc/arm-none-eabi/10.3.1/../../../../arm-none-eabi/lib/thumb/v6-m/nofp\libcr_nohost_nf.a(__sys_seek.o)
                0x00002fbc                __sys_seek
 .text.__sys_tmpnam
                0x00002fc2        0x6 c:/nxp/mcuxpressoide_11.5.1_7266/ide/plugins/com.nxp.mcuxpresso.tools.win32_11.5.1.202201181444/tools/bin/../lib/gcc/arm-none-eabi/10.3.1/../../../../arm-none-eabi/lib/thumb/v6-m/nofp\libcr_nohost_nf.a(__sys_tmpnam.o)
                0x00002fc2                __sys_tmpnam
 .text.__sys_write
                0x00002fc8        0x4 c:/nxp/mcuxpressoide_11.5.1_7266/ide/plugins/com.nxp.mcuxpresso.tools.win32_11.5.1.202201181444/tools/bin/../lib/gcc/arm-none-eabi/10.3.1/../../../../arm-none-eabi/lib/thumb/v6-m/nofp\libcr_nohost_nf.a(__sys_write.o)
                0x00002fc8                __sys_write
 *(SORT_BY_ALIGNMENT(.rodata) SORT_BY_ALIGNMENT(.rodata.*) SORT_BY_ALIGNMENT(.constdata) SORT_BY_ALIGNMENT(.constdata.*))
 .rodata.__assertion_failed.str1.4
                0x00002fcc       0x14 ./utilities/fsl_assert.o
 .rodata.CLOCK_UpdateClkSrc.str1.4
                0x00002fe0       0x16 ./drivers/fsl_clock.o
 *fill*         0x00002ff6        0x2 ff
 .rodata.CLOCK_InitSystemPll.str1.4
                0x00002ff8       0x66 ./drivers/fsl_clock.o
 *fill*         0x0000305e        0x2 ff
 .rodata.GPIO_EnablePortClock.str1.4
                0x00003060       0x33 ./drivers/fsl_gpio.o
 *fill*         0x00003093        0x1 ff
 .rodata.s_i2cResets
                0x00003094        0x4 ./drivers/fsl_i2c.o
 .rodata.I2C_GetInstance.str1.4
                0x00003098       0x32 ./drivers/fsl_i2c.o
 *fill*         0x000030ca        0x2 ff
 .rodata.I2C_MasterWriteBlocking.str1.4
                0x000030cc       0x1f ./drivers/fsl_i2c.o
 *fill*         0x000030eb        0x1 ff
 .rodata.I2C_MasterReadBlocking.str1.4
                0x000030ec       0x1f ./drivers/fsl_i2c.o
 *fill*         0x0000310b        0x1 ff
 .rodata.I2C_MasterTransferBlocking.str1.4
                0x0000310c       0x15 ./drivers/fsl_i2c.o
 *fill*         0x00003121        0x3 ff
 .rodata.RESET_SetPeripheralReset.str1.4
                0x00003124       0x1f ./drivers/fsl_reset.o
 *fill*         0x00003143        0x1 ff
 .rodata.RESET_ClearPeripheralReset.str1.4
                0x00003144       0x1f ./drivers/fsl_reset.o
 *fill*         0x00003163        0x1 ff
 .rodata.SWM_SetMovablePinSelect.str1.4
                0x00003164       0x49 ./drivers/fsl_swm.o
 *fill*         0x000031ad        0x3 ff
 .rodata.s_usartBaseAddrs
                0x000031b0        0xc ./drivers/fsl_usart.o
 .rodata.s_usartClock
                0x000031bc        0x3 ./drivers/fsl_usart.o
 *fill*         0x000031bf        0x1 ff
 .rodata.s_usartRest
                0x000031c0        0x3 ./drivers/fsl_usart.o
 *fill*         0x000031c3        0x1 ff
 .rodata.USART_GetInstance.str1.4
                0x000031c4       0x3b ./drivers/fsl_usart.o
 *fill*         0x000031ff        0x1 ff
 .rodata.USART_Init.str1.4
                0x00003200       0x4f ./drivers/fsl_usart.o
 *fill*         0x0000324f        0x1 ff
 .rodata.USART_GetDefaultConfig.str1.4
                0x00003250       0x21 ./drivers/fsl_usart.o
 *fill*         0x00003271        0x3 ff
 .rodata.USART_SetBaudRate.str1.4
                0x00003274       0xb5 ./drivers/fsl_usart.o
 *fill*         0x00003329        0x3 ff
 .rodata.USART_WriteBlocking.str1.4
                0x0000332c       0x36 ./drivers/fsl_usart.o
 *fill*         0x00003362        0x2 ff
 .rodata.USART_ReadBlocking.str1.4
                0x00003364       0x36 ./drivers/fsl_usart.o
 *fill*         0x0000339a        0x2 ff
 .rodata.s_UsartAdapterBase
                0x0000339c        0xc ./component/uart/fsl_adapter_miniusart.o
 .rodata.HAL_UartInit.str1.4
                0x000033a8       0xfb ./component/uart/fsl_adapter_miniusart.o
 *fill*         0x000034a3        0x1 ff
 .rodata.HAL_UartReceiveBlocking.str1.4
                0x000034a4       0x71 ./component/uart/fsl_adapter_miniusart.o
 *fill*         0x00003515        0x3 ff
 .rodata.HAL_UartSendBlocking.str1.4
                0x00003518       0x71 ./component/uart/fsl_adapter_miniusart.o
 *fill*         0x00003589        0x3 ff
 .rodata.BOARD_InitDebugConsole.str1.4
                0x0000358c       0x27 ./board/board.o
 *fill*         0x000035b3        0x1 ff
 .rodata.CLOCK_SetCoreSysClkDiv.str1.4
                0x000035b4       0x75 ./board/clock_config.o
 *fill*         0x00003629        0x3 ff
 .rodata.__num_Ciob_streams
                0x0000362c        0x4 c:/nxp/mcuxpressoide_11.5.1_7266/ide/plugins/com.nxp.mcuxpresso.tools.win32_11.5.1.202201181444/tools/bin/../lib/gcc/arm-none-eabi/10.3.1/../../../../arm-none-eabi/lib/thumb/v6-m/nofp\libcr_nohost_nf.a(__ciob.o)
                0x0000362c                __num_Ciob_streams
 .rodata._initio.str1.1
                0x00003630        0x4 c:/nxp/mcuxpressoide_11.5.1_7266/ide/plugins/com.nxp.mcuxpresso.tools.win32_11.5.1.202201181444/tools/bin/../lib/gcc/arm-none-eabi/10.3.1/../../../../arm-none-eabi/lib/thumb/v6-m/nofp\libcr_c.a(initio.o)
                0x00003634                . = ALIGN (0x4)
                0x00003634                _etext = .

.glue_7         0x00003634        0x0
 .glue_7        0x00003634        0x0 linker stubs

.glue_7t        0x00003634        0x0
 .glue_7t       0x00003634        0x0 linker stubs

.vfp11_veneer   0x00003634        0x0
 .vfp11_veneer  0x00003634        0x0 linker stubs

.v4_bx          0x00003634        0x0
 .v4_bx         0x00003634        0x0 linker stubs

.iplt           0x00003634        0x0
 .iplt          0x00003634        0x0 ./utilities/fsl_assert.o

.rel.dyn        0x00003634        0x0
 .rel.iplt      0x00003634        0x0 ./utilities/fsl_assert.o

.mtb_buffer_RAM2
 *(SORT_BY_ALIGNMENT(.mtb.$RAM2*))
 *(SORT_BY_ALIGNMENT(.mtb.$IAP_SRAM*))

.data_RAM2      0x10000fe0        0x0 load address 0x00003634
 FILL mask 0xff
                [!provide]                PROVIDE (__start_data_RAM2 = .)
                [!provide]                PROVIDE (__start_data_IAP_SRAM = .)
 *(SORT_BY_ALIGNMENT(.ramfunc.$RAM2))
 *(SORT_BY_ALIGNMENT(.ramfunc.$IAP_SRAM))
 *(SORT_BY_ALIGNMENT(.data.$RAM2))
 *(SORT_BY_ALIGNMENT(.data.$IAP_SRAM))
 *(SORT_BY_ALIGNMENT(.data.$RAM2.*))
 *(SORT_BY_ALIGNMENT(.data.$IAP_SRAM.*))
                0x10000fe0                . = ALIGN (0x4)
                [!provide]                PROVIDE (__end_data_RAM2 = .)
                [!provide]                PROVIDE (__end_data_IAP_SRAM = .)

.mtb_buffer_default
                0x10000000       0x80
 *(SORT_BY_ALIGNMENT(.mtb*))
 .mtb.$RAM1     0x10000000       0x80 ./source/mtb.o
                0x10000000                __mtb_buffer__

.uninit_RESERVED
                0x10000080        0x0
                0x10000080                _start_uninit_RESERVED = .
 *(SORT_BY_ALIGNMENT(.bss.$RESERVED*))
                0x10000080                . = ALIGN (0x4)
                0x10000080                _end_uninit_RESERVED = .

.data           0x10000080       0x1c load address 0x00003634
 FILL mask 0xff
                0x10000080                _data = .
                [!provide]                PROVIDE (__start_data_RAM = .)
                [!provide]                PROVIDE (__start_data_SRAM = .)
 *(SORT_BY_ALIGNMENT(vtable))
 *(SORT_BY_ALIGNMENT(.ramfunc*))
 *(SORT_BY_ALIGNMENT(CodeQuickAccess))
 *(SORT_BY_ALIGNMENT(DataQuickAccess))
 *(SORT_BY_ALIGNMENT(RamFunction))
 *(SORT_BY_ALIGNMENT(.data*))
 .data.default_maxim_config
                0x10000080       0x18 ./source/main.o
                0x10000080                default_maxim_config
 .data.SystemCoreClock
                0x10000098        0x4 ./device/system_LPC812.o
                0x10000098                SystemCoreClock
                0x1000009c                . = ALIGN (0x4)
                0x1000009c                _edata = .
                [!provide]                PROVIDE (__end_data_RAM = .)
                [!provide]                PROVIDE (__end_data_SRAM = .)

.igot.plt       0x1000009c        0x0 load address 0x00003650
 .igot.plt      0x1000009c        0x0 ./utilities/fsl_assert.o

.bss_RAM2       0x10000fe0        0x0
                [!provide]                PROVIDE (__start_bss_RAM2 = .)
                [!provide]                PROVIDE (__start_bss_IAP_SRAM = .)
 *(SORT_BY_ALIGNMENT(.bss.$RAM2))
 *(SORT_BY_ALIGNMENT(.bss.$IAP_SRAM))
 *(SORT_BY_ALIGNMENT(.bss.$RAM2.*))
 *(SORT_BY_ALIGNMENT(.bss.$IAP_SRAM.*))
                0x10000fe0                . = ALIGN ((. != 0x0)?0x4:0x1)
                [!provide]                PROVIDE (__end_bss_RAM2 = .)
                [!provide]                PROVIDE (__end_bss_IAP_SRAM = .)

.bss            0x1000009c       0xfc
                0x1000009c                _bss = .
                [!provide]                PROVIDE (__start_bss_RAM = .)
                [!provide]                PROVIDE (__start_bss_SRAM = .)
 *(SORT_BY_ALIGNMENT(.bss*))
 .bss.s_debugConsole
                0x1000009c       0x14 ./utilities/fsl_debug_console.o
 .bss.datos     0x100000b0        0xc ./source/main.o
                0x100000b0                datos
 .bss.g_Ext_Clk_Freq
                0x100000bc        0x4 ./drivers/fsl_clock.o
                0x100000bc                g_Ext_Clk_Freq
 .bss.g_Wdt_Osc_Freq
                0x100000c0        0x4 ./drivers/fsl_clock.o
                0x100000c0                g_Wdt_Osc_Freq
 .bss.s_Sys_Pll_Freq
                0x100000c4        0x4 ./drivers/fsl_clock.o
 .bss.s_usartHandle
                0x100000c8        0xc ./drivers/fsl_usart.o
 .bss.s_usartIsr
                0x100000d4        0x4 ./drivers/fsl_usart.o
 .bss.config    0x100000d8        0x2 ./board/pin_mux.o
                0x100000d8                config
 *fill*         0x100000da        0x2 
 .bss.errno     0x100000dc        0x4 c:/nxp/mcuxpressoide_11.5.1_7266/ide/plugins/com.nxp.mcuxpresso.tools.win32_11.5.1.202201181444/tools/bin/../lib/gcc/arm-none-eabi/10.3.1/../../../../arm-none-eabi/lib/thumb/v6-m/nofp\libcr_c.a(errno.o)
                0x100000dc                errno
 .bss.__Ciob    0x100000e0       0xb4 c:/nxp/mcuxpressoide_11.5.1_7266/ide/plugins/com.nxp.mcuxpresso.tools.win32_11.5.1.202201181444/tools/bin/../lib/gcc/arm-none-eabi/10.3.1/../../../../arm-none-eabi/lib/thumb/v6-m/nofp\libcr_nohost_nf.a(__ciob.o)
                0x100000e0                __Ciob
 .bss.flag_irq  0x10000194        0x1 ./source/main.o
                0x10000194                flag_irq
 *(SORT_BY_ALIGNMENT(COMMON))
                0x10000198                . = ALIGN (0x4)
 *fill*         0x10000195        0x3 
                0x10000198                _ebss = .
                [!provide]                PROVIDE (__end_bss_RAM = .)
                [!provide]                PROVIDE (__end_bss_SRAM = .)
                [!provide]                PROVIDE (end = .)

.noinit_RAM2    0x10000fe0        0x0
                [!provide]                PROVIDE (__start_noinit_RAM2 = .)
                [!provide]                PROVIDE (__start_noinit_IAP_SRAM = .)
 *(SORT_BY_ALIGNMENT(.noinit.$RAM2))
 *(SORT_BY_ALIGNMENT(.noinit.$IAP_SRAM))
 *(SORT_BY_ALIGNMENT(.noinit.$RAM2.*))
 *(SORT_BY_ALIGNMENT(.noinit.$IAP_SRAM.*))
                0x10000fe0                . = ALIGN (0x4)
                [!provide]                PROVIDE (__end_noinit_RAM2 = .)
                [!provide]                PROVIDE (__end_noinit_IAP_SRAM = .)

.noinit         0x10000198        0x0
                0x10000198                _noinit = .
                [!provide]                PROVIDE (__start_noinit_RAM = .)
                [!provide]                PROVIDE (__start_noinit_SRAM = .)
 *(SORT_BY_ALIGNMENT(.noinit*))
                0x10000198                . = ALIGN (0x4)
                0x10000198                _end_noinit = .
                [!provide]                PROVIDE (__end_noinit_RAM = .)
                [!provide]                PROVIDE (__end_noinit_SRAM = .)

.ARM.extab
 *(SORT_BY_ALIGNMENT(.ARM.extab*) SORT_BY_ALIGNMENT(.gnu.linkonce.armextab.*))

.ARM.exidx      0x00003650        0x0
                0x00003650                __exidx_start = .
 *(SORT_BY_ALIGNMENT(.ARM.exidx*) SORT_BY_ALIGNMENT(.gnu.linkonce.armexidx.*))
                0x00003650                __exidx_end = .
                0x000000f8                _HeapSize = 0xf8

.heap           0x10000198       0xf8
                0x10000198                _pvHeapStart = .
                0x10000290                . = (. + _HeapSize)
 *fill*         0x10000198       0xf8 
                0x10000290                . = ALIGN (0x4)
                0x10000290                _pvHeapLimit = .
                0x000000f8                _StackSize = 0xf8

.heap2stackfill
                0x10000290       0xf8
                0x10000388                . = (. + _StackSize)
 *fill*         0x10000290       0xf8 

.stack          0x10000ee8        0x0
                0x10000ee8                _vStackBase = .
                0x10000ee8                . = ALIGN (0x4)
                0x10000fe0                _vStackTop = (. + _StackSize)
                0xefffe70f                PROVIDE (__valid_user_code_checksum = (0x0 - (((_vStackTop + (ResetISR + 0x1)) + (DEFINED (NMI_Handler)?NMI_Handler:M0_NMI_Handler + 0x1)) + (DEFINED (HardFault_Handler)?HardFault_Handler:M0_HardFault_Handler + 0x1))))
                0x00000000                _image_start = LOADADDR (.text)
                0x00003650                _image_end = (LOADADDR (.data) + SIZEOF (.data))
                0x00003650                _image_size = (_image_end - _image_start)
OUTPUT(oximetro_de_pulso.axf elf32-littlearm)
LOAD linker stubs

.debug_info     0x00000000     0xb4a5
 .debug_info    0x00000000       0xa3 ./utilities/fsl_assert.o
 .debug_info    0x000000a3      0xfd5 ./utilities/fsl_debug_console.o
 .debug_info    0x00001078      0x4a6 ./startup/startup_lpc812.o
 .debug_info    0x0000151e     0x11e8 ./source/main.o
 .debug_info    0x00002706       0x53 ./source/mtb.o
 .debug_info    0x00002759       0x3c ./source/semihost_hardfault.o
 .debug_info    0x00002795      0xa27 ./drivers/MAXM86161.o
 .debug_info    0x000031bc      0xe86 ./drivers/fsl_clock.o
 .debug_info    0x00004042      0xb74 ./drivers/fsl_gpio.o
 .debug_info    0x00004bb6     0x15c8 ./drivers/fsl_i2c.o
 .debug_info    0x0000617e      0x5ba ./drivers/fsl_reset.o
 .debug_info    0x00006738      0x449 ./drivers/fsl_swm.o
 .debug_info    0x00006b81     0x18ce ./drivers/fsl_usart.o
 .debug_info    0x0000844f      0x627 ./device/system_LPC812.o
 .debug_info    0x00008a76      0xd3d ./component/uart/fsl_adapter_miniusart.o
 .debug_info    0x000097b3      0x98e ./board/board.o
 .debug_info    0x0000a141      0x6cf ./board/clock_config.o
 .debug_info    0x0000a810      0xc95 ./board/pin_mux.o

.debug_abbrev   0x00000000     0x1ead
 .debug_abbrev  0x00000000       0x66 ./utilities/fsl_assert.o
 .debug_abbrev  0x00000066      0x274 ./utilities/fsl_debug_console.o
 .debug_abbrev  0x000002da      0x1ba ./startup/startup_lpc812.o
 .debug_abbrev  0x00000494      0x210 ./source/main.o
 .debug_abbrev  0x000006a4       0x46 ./source/mtb.o
 .debug_abbrev  0x000006ea       0x31 ./source/semihost_hardfault.o
 .debug_abbrev  0x0000071b      0x1fc ./drivers/MAXM86161.o
 .debug_abbrev  0x00000917      0x314 ./drivers/fsl_clock.o
 .debug_abbrev  0x00000c2b      0x1a2 ./drivers/fsl_gpio.o
 .debug_abbrev  0x00000dcd      0x306 ./drivers/fsl_i2c.o
 .debug_abbrev  0x000010d3      0x133 ./drivers/fsl_reset.o
 .debug_abbrev  0x00001206      0x165 ./drivers/fsl_swm.o
 .debug_abbrev  0x0000136b      0x2e6 ./drivers/fsl_usart.o
 .debug_abbrev  0x00001651      0x18a ./device/system_LPC812.o
 .debug_abbrev  0x000017db      0x1cb ./component/uart/fsl_adapter_miniusart.o
 .debug_abbrev  0x000019a6      0x175 ./board/board.o
 .debug_abbrev  0x00001b1b      0x1e5 ./board/clock_config.o
 .debug_abbrev  0x00001d00      0x1ad ./board/pin_mux.o

.debug_aranges  0x00000000      0x7a8
 .debug_aranges
                0x00000000       0x20 ./utilities/fsl_assert.o
 .debug_aranges
                0x00000020       0x70 ./utilities/fsl_debug_console.o
 .debug_aranges
                0x00000090      0x160 ./startup/startup_lpc812.o
 .debug_aranges
                0x000001f0       0x50 ./source/main.o
 .debug_aranges
                0x00000240       0x18 ./source/mtb.o
 .debug_aranges
                0x00000258       0x20 ./source/semihost_hardfault.o
 .debug_aranges
                0x00000278       0x78 ./drivers/MAXM86161.o
 .debug_aranges
                0x000002f0       0xd8 ./drivers/fsl_clock.o
 .debug_aranges
                0x000003c8       0x38 ./drivers/fsl_gpio.o
 .debug_aranges
                0x00000400       0xf0 ./drivers/fsl_i2c.o
 .debug_aranges
                0x000004f0       0x30 ./drivers/fsl_reset.o
 .debug_aranges
                0x00000520       0x28 ./drivers/fsl_swm.o
 .debug_aranges
                0x00000548      0x118 ./drivers/fsl_usart.o
 .debug_aranges
                0x00000660       0x40 ./device/system_LPC812.o
 .debug_aranges
                0x000006a0       0x50 ./component/uart/fsl_adapter_miniusart.o
 .debug_aranges
                0x000006f0       0x30 ./board/board.o
 .debug_aranges
                0x00000720       0x50 ./board/clock_config.o
 .debug_aranges
                0x00000770       0x38 ./board/pin_mux.o

.debug_ranges   0x00000000      0x680
 .debug_ranges  0x00000000       0x10 ./utilities/fsl_assert.o
 .debug_ranges  0x00000010       0x60 ./utilities/fsl_debug_console.o
 .debug_ranges  0x00000070      0x150 ./startup/startup_lpc812.o
 .debug_ranges  0x000001c0       0x40 ./source/main.o
 .debug_ranges  0x00000200       0x10 ./source/semihost_hardfault.o
 .debug_ranges  0x00000210       0x68 ./drivers/MAXM86161.o
 .debug_ranges  0x00000278       0xc8 ./drivers/fsl_clock.o
 .debug_ranges  0x00000340       0x28 ./drivers/fsl_gpio.o
 .debug_ranges  0x00000368       0xe0 ./drivers/fsl_i2c.o
 .debug_ranges  0x00000448       0x20 ./drivers/fsl_reset.o
 .debug_ranges  0x00000468       0x18 ./drivers/fsl_swm.o
 .debug_ranges  0x00000480      0x108 ./drivers/fsl_usart.o
 .debug_ranges  0x00000588       0x30 ./device/system_LPC812.o
 .debug_ranges  0x000005b8       0x40 ./component/uart/fsl_adapter_miniusart.o
 .debug_ranges  0x000005f8       0x20 ./board/board.o
 .debug_ranges  0x00000618       0x40 ./board/clock_config.o
 .debug_ranges  0x00000658       0x28 ./board/pin_mux.o

.debug_macro    0x00000000     0x6a0a
 .debug_macro   0x00000000      0x123 ./utilities/fsl_assert.o
 .debug_macro   0x00000123      0xa84 ./utilities/fsl_assert.o
 .debug_macro   0x00000ba7       0x10 ./utilities/fsl_assert.o
 .debug_macro   0x00000bb7       0x1c ./utilities/fsl_assert.o
 .debug_macro   0x00000bd3       0x22 ./utilities/fsl_assert.o
 .debug_macro   0x00000bf5      0x12e ./utilities/fsl_assert.o
 .debug_macro   0x00000d23      0x5b3 ./utilities/fsl_assert.o
 .debug_macro   0x000012d6       0x22 ./utilities/fsl_assert.o
 .debug_macro   0x000012f8       0x10 ./utilities/fsl_assert.o
 .debug_macro   0x00001308       0x3f ./utilities/fsl_assert.o
 .debug_macro   0x00001347       0x1c ./utilities/fsl_assert.o
 .debug_macro   0x00001363       0x22 ./utilities/fsl_assert.o
 .debug_macro   0x00001385       0xd1 ./utilities/fsl_assert.o
 .debug_macro   0x00001456      0x3ad ./utilities/fsl_assert.o
 .debug_macro   0x00001803       0x28 ./utilities/fsl_assert.o
 .debug_macro   0x0000182b     0x3484 ./utilities/fsl_assert.o
 .debug_macro   0x00004caf      0x13e ./utilities/fsl_assert.o
 .debug_macro   0x00004ded       0xfa ./utilities/fsl_assert.o
 .debug_macro   0x00004ee7       0xe7 ./utilities/fsl_assert.o
 .debug_macro   0x00004fce       0x16 ./utilities/fsl_assert.o
 .debug_macro   0x00004fe4       0x58 ./utilities/fsl_assert.o
 .debug_macro   0x0000503c       0x46 ./utilities/fsl_assert.o
 .debug_macro   0x00005082      0x149 ./utilities/fsl_debug_console.o
 .debug_macro   0x000051cb       0x16 ./utilities/fsl_debug_console.o
 .debug_macro   0x000051e1       0x10 ./utilities/fsl_debug_console.o
 .debug_macro   0x000051f1       0x28 ./utilities/fsl_debug_console.o
 .debug_macro   0x00005219       0xc4 ./utilities/fsl_debug_console.o
 .debug_macro   0x000052dd       0x40 ./utilities/fsl_debug_console.o
 .debug_macro   0x0000531d       0x34 ./utilities/fsl_debug_console.o
 .debug_macro   0x00005351       0x32 ./startup/startup_lpc812.o
 .debug_macro   0x00005383       0x34 ./startup/startup_lpc812.o
 .debug_macro   0x000053b7      0x1be ./source/main.o
 .debug_macro   0x00005575       0x16 ./source/main.o
 .debug_macro   0x0000558b       0x1c ./source/main.o
 .debug_macro   0x000055a7       0x46 ./source/main.o
 .debug_macro   0x000055ed      0x2d2 ./source/main.o
 .debug_macro   0x000058bf       0xd2 ./source/main.o
 .debug_macro   0x00005991       0x22 ./source/main.o
 .debug_macro   0x000059b3       0x10 ./source/main.o
 .debug_macro   0x000059c3       0xf4 ./source/main.o
 .debug_macro   0x00005ab7       0x2f ./source/mtb.o
 .debug_macro   0x00005ae6       0x82 ./source/mtb.o
 .debug_macro   0x00005b68       0x10 ./source/mtb.o
 .debug_macro   0x00005b78       0x11 ./source/semihost_hardfault.o
 .debug_macro   0x00005b89      0x13d ./drivers/MAXM86161.o
 .debug_macro   0x00005cc6      0x144 ./drivers/fsl_clock.o
 .debug_macro   0x00005e0a      0x130 ./drivers/fsl_gpio.o
 .debug_macro   0x00005f3a      0x12e ./drivers/fsl_i2c.o
 .debug_macro   0x00006068      0x120 ./drivers/fsl_reset.o
 .debug_macro   0x00006188      0x13a ./drivers/fsl_swm.o
 .debug_macro   0x000062c2      0x12f ./drivers/fsl_usart.o
 .debug_macro   0x000063f1       0x1c ./drivers/fsl_usart.o
 .debug_macro   0x0000640d       0x97 ./device/system_LPC812.o
 .debug_macro   0x000064a4      0x12c ./component/uart/fsl_adapter_miniusart.o
 .debug_macro   0x000065d0       0x22 ./component/uart/fsl_adapter_miniusart.o
 .debug_macro   0x000065f2      0x14a ./board/board.o
 .debug_macro   0x0000673c       0x28 ./board/board.o
 .debug_macro   0x00006764      0x140 ./board/clock_config.o
 .debug_macro   0x000068a4      0x156 ./board/pin_mux.o
 .debug_macro   0x000069fa       0x10 ./board/pin_mux.o

.debug_line     0x00000000     0x611d
 .debug_line    0x00000000      0x39f ./utilities/fsl_assert.o
 .debug_line    0x0000039f      0xc59 ./utilities/fsl_debug_console.o
 .debug_line    0x00000ff8      0x26f ./startup/startup_lpc812.o
 .debug_line    0x00001267      0x5ed ./source/main.o
 .debug_line    0x00001854       0xd1 ./source/mtb.o
 .debug_line    0x00001925       0x59 ./source/semihost_hardfault.o
 .debug_line    0x0000197e      0x7cc ./drivers/MAXM86161.o
 .debug_line    0x0000214a      0x82c ./drivers/fsl_clock.o
 .debug_line    0x00002976      0x3ca ./drivers/fsl_gpio.o
 .debug_line    0x00002d40      0xa40 ./drivers/fsl_i2c.o
 .debug_line    0x00003780      0x37d ./drivers/fsl_reset.o
 .debug_line    0x00003afd      0x3cb ./drivers/fsl_swm.o
 .debug_line    0x00003ec8      0xc24 ./drivers/fsl_usart.o
 .debug_line    0x00004aec      0x3cf ./device/system_LPC812.o
 .debug_line    0x00004ebb      0x534 ./component/uart/fsl_adapter_miniusart.o
 .debug_line    0x000053ef      0x469 ./board/board.o
 .debug_line    0x00005858      0x49b ./board/clock_config.o
 .debug_line    0x00005cf3      0x42a ./board/pin_mux.o

.debug_str      0x00000000    0x2a3ac
 .debug_str     0x00000000    0x22ce6 ./utilities/fsl_assert.o
                              0x22d99 (size before relaxing)
 .debug_str     0x00022ce6     0x17df ./utilities/fsl_debug_console.o
                              0x245db (size before relaxing)
 .debug_str     0x000244c5      0x4e1 ./startup/startup_lpc812.o
                               0x3204 (size before relaxing)
 .debug_str     0x000249a6     0x29a1 ./source/main.o
                              0x262a3 (size before relaxing)
 .debug_str     0x00027347      0x532 ./source/mtb.o
                               0x3224 (size before relaxing)
 .debug_str     0x00027879       0x1f ./source/semihost_hardfault.o
                               0x2d11 (size before relaxing)
 .debug_str     0x00027898      0x241 ./drivers/MAXM86161.o
                              0x23fcf (size before relaxing)
 .debug_str     0x00027ad9      0x7d2 ./drivers/fsl_clock.o
                              0x23f18 (size before relaxing)
 .debug_str     0x000282ab      0x2f8 ./drivers/fsl_gpio.o
                              0x23ba2 (size before relaxing)
 .debug_str     0x000285a3      0x675 ./drivers/fsl_i2c.o
                              0x244c5 (size before relaxing)
 .debug_str     0x00028c18       0xa5 ./drivers/fsl_reset.o
                              0x23139 (size before relaxing)
 .debug_str     0x00028cbd      0x542 ./drivers/fsl_swm.o
                              0x23283 (size before relaxing)
 .debug_str     0x000291ff      0xc17 ./drivers/fsl_usart.o
                              0x24a2f (size before relaxing)
 .debug_str     0x00029e16       0xae ./device/system_LPC812.o
                              0x21a55 (size before relaxing)
 .debug_str     0x00029ec4       0xfb ./component/uart/fsl_adapter_miniusart.o
                              0x23fb5 (size before relaxing)
 .debug_str     0x00029fbf      0x128 ./board/board.o
                              0x247fe (size before relaxing)
 .debug_str     0x0002a0e7      0x23e ./board/clock_config.o
                              0x233e3 (size before relaxing)
 .debug_str     0x0002a325       0x87 ./board/pin_mux.o
                              0x23e9b (size before relaxing)

.comment        0x00000000       0x49
 .comment       0x00000000       0x49 ./utilities/fsl_assert.o
                                 0x4a (size before relaxing)
 .comment       0x00000049       0x4a ./utilities/fsl_debug_console.o
 .comment       0x00000049       0x4a ./startup/startup_lpc812.o
 .comment       0x00000049       0x4a ./source/main.o
 .comment       0x00000049       0x4a ./source/mtb.o
 .comment       0x00000049       0x4a ./source/semihost_hardfault.o
 .comment       0x00000049       0x4a ./drivers/MAXM86161.o
 .comment       0x00000049       0x4a ./drivers/fsl_clock.o
 .comment       0x00000049       0x4a ./drivers/fsl_gpio.o
 .comment       0x00000049       0x4a ./drivers/fsl_i2c.o
 .comment       0x00000049       0x4a ./drivers/fsl_reset.o
 .comment       0x00000049       0x4a ./drivers/fsl_swm.o
 .comment       0x00000049       0x4a ./drivers/fsl_usart.o
 .comment       0x00000049       0x4a ./device/system_LPC812.o
 .comment       0x00000049       0x4a ./component/uart/fsl_adapter_miniusart.o
 .comment       0x00000049       0x4a ./board/board.o
 .comment       0x00000049       0x4a ./board/clock_config.o
 .comment       0x00000049       0x4a ./board/pin_mux.o
 .comment       0x00000049       0x4a c:/nxp/mcuxpressoide_11.5.1_7266/ide/plugins/com.nxp.mcuxpresso.tools.win32_11.5.1.202201181444/tools/bin/../lib/gcc/arm-none-eabi/10.3.1/../../../../arm-none-eabi/lib/thumb/v6-m/nofp\libcr_nohost_nf.a(_cr__main.o)
 .comment       0x00000049       0x4a c:/nxp/mcuxpressoide_11.5.1_7266/ide/plugins/com.nxp.mcuxpresso.tools.win32_11.5.1.202201181444/tools/bin/../lib/gcc/arm-none-eabi/10.3.1/../../../../arm-none-eabi/lib/thumb/v6-m/nofp\libcr_c.a(memset.o)
 .comment       0x00000049       0x4a c:/nxp/mcuxpressoide_11.5.1_7266/ide/plugins/com.nxp.mcuxpresso.tools.win32_11.5.1.202201181444/tools/bin/../lib/gcc/arm-none-eabi/10.3.1/../../../../arm-none-eabi/lib/thumb/v6-m/nofp\libcr_c.a(alloc.o)
 .comment       0x00000049       0x4a c:/nxp/mcuxpressoide_11.5.1_7266/ide/plugins/com.nxp.mcuxpresso.tools.win32_11.5.1.202201181444/tools/bin/../lib/gcc/arm-none-eabi/10.3.1/../../../../arm-none-eabi/lib/thumb/v6-m/nofp\libcr_c.a(initio.o)
 .comment       0x00000049       0x4a c:/nxp/mcuxpressoide_11.5.1_7266/ide/plugins/com.nxp.mcuxpresso.tools.win32_11.5.1.202201181444/tools/bin/../lib/gcc/arm-none-eabi/10.3.1/../../../../arm-none-eabi/lib/thumb/v6-m/nofp\libcr_c.a(setvbuf.o)
 .comment       0x00000049       0x4a c:/nxp/mcuxpressoide_11.5.1_7266/ide/plugins/com.nxp.mcuxpresso.tools.win32_11.5.1.202201181444/tools/bin/../lib/gcc/arm-none-eabi/10.3.1/../../../../arm-none-eabi/lib/thumb/v6-m/nofp\libcr_c.a(strlen.o)
 .comment       0x00000049       0x4a c:/nxp/mcuxpressoide_11.5.1_7266/ide/plugins/com.nxp.mcuxpresso.tools.win32_11.5.1.202201181444/tools/bin/../lib/gcc/arm-none-eabi/10.3.1/../../../../arm-none-eabi/lib/thumb/v6-m/nofp\libcr_c.a(_fdopen.o)
 .comment       0x00000049       0x4a c:/nxp/mcuxpressoide_11.5.1_7266/ide/plugins/com.nxp.mcuxpresso.tools.win32_11.5.1.202201181444/tools/bin/../lib/gcc/arm-none-eabi/10.3.1/../../../../arm-none-eabi/lib/thumb/v6-m/nofp\libcr_c.a(errno.o)
 .comment       0x00000049       0x4a c:/nxp/mcuxpressoide_11.5.1_7266/ide/plugins/com.nxp.mcuxpresso.tools.win32_11.5.1.202201181444/tools/bin/../lib/gcc/arm-none-eabi/10.3.1/../../../../arm-none-eabi/lib/thumb/v6-m/nofp\libcr_c.a(fclose.o)
 .comment       0x00000049       0x4a c:/nxp/mcuxpressoide_11.5.1_7266/ide/plugins/com.nxp.mcuxpresso.tools.win32_11.5.1.202201181444/tools/bin/../lib/gcc/arm-none-eabi/10.3.1/../../../../arm-none-eabi/lib/thumb/v6-m/nofp\libcr_c.a(fflush.o)
 .comment       0x00000049       0x4a c:/nxp/mcuxpressoide_11.5.1_7266/ide/plugins/com.nxp.mcuxpresso.tools.win32_11.5.1.202201181444/tools/bin/../lib/gcc/arm-none-eabi/10.3.1/../../../../arm-none-eabi/lib/thumb/v6-m/nofp\libcr_c.a(fseek.o)
 .comment       0x00000049       0x4a c:/nxp/mcuxpressoide_11.5.1_7266/ide/plugins/com.nxp.mcuxpresso.tools.win32_11.5.1.202201181444/tools/bin/../lib/gcc/arm-none-eabi/10.3.1/../../../../arm-none-eabi/lib/thumb/v6-m/nofp\libcr_c.a(ftell.o)
 .comment       0x00000049       0x4a c:/nxp/mcuxpressoide_11.5.1_7266/ide/plugins/com.nxp.mcuxpresso.tools.win32_11.5.1.202201181444/tools/bin/../lib/gcc/arm-none-eabi/10.3.1/../../../../arm-none-eabi/lib/thumb/v6-m/nofp\libcr_c.a(remove.o)
 .comment       0x00000049       0x4a c:/nxp/mcuxpressoide_11.5.1_7266/ide/plugins/com.nxp.mcuxpresso.tools.win32_11.5.1.202201181444/tools/bin/../lib/gcc/arm-none-eabi/10.3.1/../../../../arm-none-eabi/lib/thumb/v6-m/nofp\libcr_c.a(_do_fflush.o)
 .comment       0x00000049       0x4a c:/nxp/mcuxpressoide_11.5.1_7266/ide/plugins/com.nxp.mcuxpresso.tools.win32_11.5.1.202201181444/tools/bin/../lib/gcc/arm-none-eabi/10.3.1/../../../../arm-none-eabi/lib/thumb/v6-m/nofp\libcr_c.a(_fflush.o)
 .comment       0x00000049       0x4a c:/nxp/mcuxpressoide_11.5.1_7266/ide/plugins/com.nxp.mcuxpresso.tools.win32_11.5.1.202201181444/tools/bin/../lib/gcc/arm-none-eabi/10.3.1/../../../../arm-none-eabi/lib/thumb/v6-m/nofp\libcr_c.a(_writebuf.o)
 .comment       0x00000049       0x4a c:/nxp/mcuxpressoide_11.5.1_7266/ide/plugins/com.nxp.mcuxpresso.tools.win32_11.5.1.202201181444/tools/bin/../lib/gcc/arm-none-eabi/10.3.1/../../../../arm-none-eabi/lib/thumb/v6-m/nofp\libcr_c.a(_deferredlazyseek.o)
 .comment       0x00000049       0x4a c:/nxp/mcuxpressoide_11.5.1_7266/ide/plugins/com.nxp.mcuxpresso.tools.win32_11.5.1.202201181444/tools/bin/../lib/gcc/arm-none-eabi/10.3.1/../../../../arm-none-eabi/lib/thumb/v6-m/nofp\libcr_nohost_nf.a(__ciob.o)
 .comment       0x00000049       0x4a c:/nxp/mcuxpressoide_11.5.1_7266/ide/plugins/com.nxp.mcuxpresso.tools.win32_11.5.1.202201181444/tools/bin/../lib/gcc/arm-none-eabi/10.3.1/../../../../arm-none-eabi/lib/thumb/v6-m/nofp\libcr_nohost_nf.a(__sys_close.o)
 .comment       0x00000049       0x4a c:/nxp/mcuxpressoide_11.5.1_7266/ide/plugins/com.nxp.mcuxpresso.tools.win32_11.5.1.202201181444/tools/bin/../lib/gcc/arm-none-eabi/10.3.1/../../../../arm-none-eabi/lib/thumb/v6-m/nofp\libcr_nohost_nf.a(__sys_flen.o)
 .comment       0x00000049       0x4a c:/nxp/mcuxpressoide_11.5.1_7266/ide/plugins/com.nxp.mcuxpresso.tools.win32_11.5.1.202201181444/tools/bin/../lib/gcc/arm-none-eabi/10.3.1/../../../../arm-none-eabi/lib/thumb/v6-m/nofp\libcr_nohost_nf.a(__sys_istty.o)
 .comment       0x00000049       0x4a c:/nxp/mcuxpressoide_11.5.1_7266/ide/plugins/com.nxp.mcuxpresso.tools.win32_11.5.1.202201181444/tools/bin/../lib/gcc/arm-none-eabi/10.3.1/../../../../arm-none-eabi/lib/thumb/v6-m/nofp\libcr_nohost_nf.a(__sys_remove.o)
 .comment       0x00000049       0x4a c:/nxp/mcuxpressoide_11.5.1_7266/ide/plugins/com.nxp.mcuxpresso.tools.win32_11.5.1.202201181444/tools/bin/../lib/gcc/arm-none-eabi/10.3.1/../../../../arm-none-eabi/lib/thumb/v6-m/nofp\libcr_nohost_nf.a(__sys_seek.o)
 .comment       0x00000049       0x4a c:/nxp/mcuxpressoide_11.5.1_7266/ide/plugins/com.nxp.mcuxpresso.tools.win32_11.5.1.202201181444/tools/bin/../lib/gcc/arm-none-eabi/10.3.1/../../../../arm-none-eabi/lib/thumb/v6-m/nofp\libcr_nohost_nf.a(__sys_tmpnam.o)
 .comment       0x00000049       0x4a c:/nxp/mcuxpressoide_11.5.1_7266/ide/plugins/com.nxp.mcuxpresso.tools.win32_11.5.1.202201181444/tools/bin/../lib/gcc/arm-none-eabi/10.3.1/../../../../arm-none-eabi/lib/thumb/v6-m/nofp\libcr_nohost_nf.a(__sys_write.o)

.ARM.attributes
                0x00000000       0x2a
 .ARM.attributes
                0x00000000       0x2c ./utilities/fsl_assert.o
 .ARM.attributes
                0x0000002c       0x2c ./utilities/fsl_debug_console.o
 .ARM.attributes
                0x00000058       0x2c ./startup/startup_lpc812.o
 .ARM.attributes
                0x00000084       0x2c ./source/main.o
 .ARM.attributes
                0x000000b0       0x32 ./source/mtb.o
 .ARM.attributes
                0x000000e2       0x2c ./source/semihost_hardfault.o
 .ARM.attributes
                0x0000010e       0x2c ./drivers/MAXM86161.o
 .ARM.attributes
                0x0000013a       0x2c ./drivers/fsl_clock.o
 .ARM.attributes
                0x00000166       0x2c ./drivers/fsl_gpio.o
 .ARM.attributes
                0x00000192       0x2c ./drivers/fsl_i2c.o
 .ARM.attributes
                0x000001be       0x2c ./drivers/fsl_reset.o
 .ARM.attributes
                0x000001ea       0x2c ./drivers/fsl_swm.o
 .ARM.attributes
                0x00000216       0x2c ./drivers/fsl_usart.o
 .ARM.attributes
                0x00000242       0x2c ./device/system_LPC812.o
 .ARM.attributes
                0x0000026e       0x2c ./component/uart/fsl_adapter_miniusart.o
 .ARM.attributes
                0x0000029a       0x2c ./board/board.o
 .ARM.attributes
                0x000002c6       0x2c ./board/clock_config.o
 .ARM.attributes
                0x000002f2       0x2c ./board/pin_mux.o
 .ARM.attributes
                0x0000031e       0x2c c:/nxp/mcuxpressoide_11.5.1_7266/ide/plugins/com.nxp.mcuxpresso.tools.win32_11.5.1.202201181444/tools/bin/../lib/gcc/arm-none-eabi/10.3.1/../../../../arm-none-eabi/lib/thumb/v6-m/nofp\libcr_nohost_nf.a(_cr__main.o)
 .ARM.attributes
                0x0000034a       0x2c c:/nxp/mcuxpressoide_11.5.1_7266/ide/plugins/com.nxp.mcuxpresso.tools.win32_11.5.1.202201181444/tools/bin/../lib/gcc/arm-none-eabi/10.3.1/../../../../arm-none-eabi/lib/thumb/v6-m/nofp\libcr_c.a(memset.o)
 .ARM.attributes
                0x00000376       0x2c c:/nxp/mcuxpressoide_11.5.1_7266/ide/plugins/com.nxp.mcuxpresso.tools.win32_11.5.1.202201181444/tools/bin/../lib/gcc/arm-none-eabi/10.3.1/../../../../arm-none-eabi/lib/thumb/v6-m/nofp\libcr_c.a(alloc.o)
 .ARM.attributes
                0x000003a2       0x2c c:/nxp/mcuxpressoide_11.5.1_7266/ide/plugins/com.nxp.mcuxpresso.tools.win32_11.5.1.202201181444/tools/bin/../lib/gcc/arm-none-eabi/10.3.1/../../../../arm-none-eabi/lib/thumb/v6-m/nofp\libcr_c.a(initio.o)
 .ARM.attributes
                0x000003ce       0x2c c:/nxp/mcuxpressoide_11.5.1_7266/ide/plugins/com.nxp.mcuxpresso.tools.win32_11.5.1.202201181444/tools/bin/../lib/gcc/arm-none-eabi/10.3.1/../../../../arm-none-eabi/lib/thumb/v6-m/nofp\libcr_c.a(setvbuf.o)
 .ARM.attributes
                0x000003fa       0x2c c:/nxp/mcuxpressoide_11.5.1_7266/ide/plugins/com.nxp.mcuxpresso.tools.win32_11.5.1.202201181444/tools/bin/../lib/gcc/arm-none-eabi/10.3.1/../../../../arm-none-eabi/lib/thumb/v6-m/nofp\libcr_c.a(strlen.o)
 .ARM.attributes
                0x00000426       0x2c c:/nxp/mcuxpressoide_11.5.1_7266/ide/plugins/com.nxp.mcuxpresso.tools.win32_11.5.1.202201181444/tools/bin/../lib/gcc/arm-none-eabi/10.3.1/../../../../arm-none-eabi/lib/thumb/v6-m/nofp\libcr_c.a(_fdopen.o)
 .ARM.attributes
                0x00000452       0x31 c:/nxp/mcuxpressoide_11.5.1_7266/ide/plugins/com.nxp.mcuxpresso.tools.win32_11.5.1.202201181444/tools/bin/../lib/gcc/arm-none-eabi/10.3.1/../../../../arm-none-eabi/lib/thumb/v6-m/nofp\libcr_c.a(errno.o)
 .ARM.attributes
                0x00000483       0x2c c:/nxp/mcuxpressoide_11.5.1_7266/ide/plugins/com.nxp.mcuxpresso.tools.win32_11.5.1.202201181444/tools/bin/../lib/gcc/arm-none-eabi/10.3.1/../../../../arm-none-eabi/lib/thumb/v6-m/nofp\libcr_c.a(fclose.o)
 .ARM.attributes
                0x000004af       0x2c c:/nxp/mcuxpressoide_11.5.1_7266/ide/plugins/com.nxp.mcuxpresso.tools.win32_11.5.1.202201181444/tools/bin/../lib/gcc/arm-none-eabi/10.3.1/../../../../arm-none-eabi/lib/thumb/v6-m/nofp\libcr_c.a(fflush.o)
 .ARM.attributes
                0x000004db       0x2c c:/nxp/mcuxpressoide_11.5.1_7266/ide/plugins/com.nxp.mcuxpresso.tools.win32_11.5.1.202201181444/tools/bin/../lib/gcc/arm-none-eabi/10.3.1/../../../../arm-none-eabi/lib/thumb/v6-m/nofp\libcr_c.a(fseek.o)
 .ARM.attributes
                0x00000507       0x2c c:/nxp/mcuxpressoide_11.5.1_7266/ide/plugins/com.nxp.mcuxpresso.tools.win32_11.5.1.202201181444/tools/bin/../lib/gcc/arm-none-eabi/10.3.1/../../../../arm-none-eabi/lib/thumb/v6-m/nofp\libcr_c.a(ftell.o)
 .ARM.attributes
                0x00000533       0x2c c:/nxp/mcuxpressoide_11.5.1_7266/ide/plugins/com.nxp.mcuxpresso.tools.win32_11.5.1.202201181444/tools/bin/../lib/gcc/arm-none-eabi/10.3.1/../../../../arm-none-eabi/lib/thumb/v6-m/nofp\libcr_c.a(remove.o)
 .ARM.attributes
                0x0000055f       0x2c c:/nxp/mcuxpressoide_11.5.1_7266/ide/plugins/com.nxp.mcuxpresso.tools.win32_11.5.1.202201181444/tools/bin/../lib/gcc/arm-none-eabi/10.3.1/../../../../arm-none-eabi/lib/thumb/v6-m/nofp\libcr_c.a(_do_fflush.o)
 .ARM.attributes
                0x0000058b       0x2c c:/nxp/mcuxpressoide_11.5.1_7266/ide/plugins/com.nxp.mcuxpresso.tools.win32_11.5.1.202201181444/tools/bin/../lib/gcc/arm-none-eabi/10.3.1/../../../../arm-none-eabi/lib/thumb/v6-m/nofp\libcr_c.a(_fflush.o)
 .ARM.attributes
                0x000005b7       0x2c c:/nxp/mcuxpressoide_11.5.1_7266/ide/plugins/com.nxp.mcuxpresso.tools.win32_11.5.1.202201181444/tools/bin/../lib/gcc/arm-none-eabi/10.3.1/../../../../arm-none-eabi/lib/thumb/v6-m/nofp\libcr_c.a(_writebuf.o)
 .ARM.attributes
                0x000005e3       0x2c c:/nxp/mcuxpressoide_11.5.1_7266/ide/plugins/com.nxp.mcuxpresso.tools.win32_11.5.1.202201181444/tools/bin/../lib/gcc/arm-none-eabi/10.3.1/../../../../arm-none-eabi/lib/thumb/v6-m/nofp\libcr_c.a(_deferredlazyseek.o)
 .ARM.attributes
                0x0000060f       0x1c c:/nxp/mcuxpressoide_11.5.1_7266/ide/plugins/com.nxp.mcuxpresso.tools.win32_11.5.1.202201181444/tools/bin/../lib/gcc/arm-none-eabi/10.3.1/thumb/v6-m/nofp\libcr_eabihelpers.a(division_32.o)
 .ARM.attributes
                0x0000062b       0x1c c:/nxp/mcuxpressoide_11.5.1_7266/ide/plugins/com.nxp.mcuxpresso.tools.win32_11.5.1.202201181444/tools/bin/../lib/gcc/arm-none-eabi/10.3.1/thumb/v6-m/nofp\libcr_eabihelpers.a(division_idiv0.o)
 .ARM.attributes
                0x00000647       0x1c c:/nxp/mcuxpressoide_11.5.1_7266/ide/plugins/com.nxp.mcuxpresso.tools.win32_11.5.1.202201181444/tools/bin/../lib/gcc/arm-none-eabi/10.3.1/thumb/v6-m/nofp\libcr_eabihelpers.a(memcpy.o)
 .ARM.attributes
                0x00000663       0x31 c:/nxp/mcuxpressoide_11.5.1_7266/ide/plugins/com.nxp.mcuxpresso.tools.win32_11.5.1.202201181444/tools/bin/../lib/gcc/arm-none-eabi/10.3.1/../../../../arm-none-eabi/lib/thumb/v6-m/nofp\libcr_nohost_nf.a(__ciob.o)
 .ARM.attributes
                0x00000694       0x2c c:/nxp/mcuxpressoide_11.5.1_7266/ide/plugins/com.nxp.mcuxpresso.tools.win32_11.5.1.202201181444/tools/bin/../lib/gcc/arm-none-eabi/10.3.1/../../../../arm-none-eabi/lib/thumb/v6-m/nofp\libcr_nohost_nf.a(__sys_close.o)
 .ARM.attributes
                0x000006c0       0x2c c:/nxp/mcuxpressoide_11.5.1_7266/ide/plugins/com.nxp.mcuxpresso.tools.win32_11.5.1.202201181444/tools/bin/../lib/gcc/arm-none-eabi/10.3.1/../../../../arm-none-eabi/lib/thumb/v6-m/nofp\libcr_nohost_nf.a(__sys_flen.o)
 .ARM.attributes
                0x000006ec       0x2c c:/nxp/mcuxpressoide_11.5.1_7266/ide/plugins/com.nxp.mcuxpresso.tools.win32_11.5.1.202201181444/tools/bin/../lib/gcc/arm-none-eabi/10.3.1/../../../../arm-none-eabi/lib/thumb/v6-m/nofp\libcr_nohost_nf.a(__sys_istty.o)
 .ARM.attributes
                0x00000718       0x2c c:/nxp/mcuxpressoide_11.5.1_7266/ide/plugins/com.nxp.mcuxpresso.tools.win32_11.5.1.202201181444/tools/bin/../lib/gcc/arm-none-eabi/10.3.1/../../../../arm-none-eabi/lib/thumb/v6-m/nofp\libcr_nohost_nf.a(__sys_remove.o)
 .ARM.attributes
                0x00000744       0x2c c:/nxp/mcuxpressoide_11.5.1_7266/ide/plugins/com.nxp.mcuxpresso.tools.win32_11.5.1.202201181444/tools/bin/../lib/gcc/arm-none-eabi/10.3.1/../../../../arm-none-eabi/lib/thumb/v6-m/nofp\libcr_nohost_nf.a(__sys_seek.o)
 .ARM.attributes
                0x00000770       0x2c c:/nxp/mcuxpressoide_11.5.1_7266/ide/plugins/com.nxp.mcuxpresso.tools.win32_11.5.1.202201181444/tools/bin/../lib/gcc/arm-none-eabi/10.3.1/../../../../arm-none-eabi/lib/thumb/v6-m/nofp\libcr_nohost_nf.a(__sys_tmpnam.o)
 .ARM.attributes
                0x0000079c       0x2c c:/nxp/mcuxpressoide_11.5.1_7266/ide/plugins/com.nxp.mcuxpresso.tools.win32_11.5.1.202201181444/tools/bin/../lib/gcc/arm-none-eabi/10.3.1/../../../../arm-none-eabi/lib/thumb/v6-m/nofp\libcr_nohost_nf.a(__sys_write.o)

.debug_frame    0x00000000     0x1728
 .debug_frame   0x00000000       0x30 ./utilities/fsl_assert.o
 .debug_frame   0x00000030      0x170 ./utilities/fsl_debug_console.o
 .debug_frame   0x000001a0      0x3b0 ./startup/startup_lpc812.o
 .debug_frame   0x00000550       0xf0 ./source/main.o
 .debug_frame   0x00000640       0x20 ./source/semihost_hardfault.o
 .debug_frame   0x00000660      0x198 ./drivers/MAXM86161.o
 .debug_frame   0x000007f8      0x2f0 ./drivers/fsl_clock.o
 .debug_frame   0x00000ae8       0x90 ./drivers/fsl_gpio.o
 .debug_frame   0x00000b78      0x370 ./drivers/fsl_i2c.o
 .debug_frame   0x00000ee8       0x70 ./drivers/fsl_reset.o
 .debug_frame   0x00000f58       0x50 ./drivers/fsl_swm.o
 .debug_frame   0x00000fa8      0x404 ./drivers/fsl_usart.o
 .debug_frame   0x000013ac       0xa8 ./device/system_LPC812.o
 .debug_frame   0x00001454       0xf0 ./component/uart/fsl_adapter_miniusart.o
 .debug_frame   0x00001544       0x70 ./board/board.o
 .debug_frame   0x000015b4       0xec ./board/clock_config.o
 .debug_frame   0x000016a0       0x88 ./board/pin_mux.o

Cross Reference Table

Symbol                                            File
BOARD_BootClockIRC12M                             ./board/clock_config.o
                                                  ./source/main.o
BOARD_BootClockPll12M                             ./board/clock_config.o
BOARD_BootClockPll24M                             ./board/clock_config.o
BOARD_InitBootClocks                              ./board/clock_config.o
BOARD_InitBootPins                                ./board/pin_mux.o
BOARD_InitDebugConsole                            ./board/board.o
                                                  ./source/main.o
BOARD_InitPins                                    ./board/pin_mux.o
                                                  ./source/main.o
BOD_DriverIRQHandler                              ./startup/startup_lpc812.o
BOD_IRQHandler                                    ./startup/startup_lpc812.o
CLOCK_GetClockOutClkFreq                          ./drivers/fsl_clock.o
CLOCK_GetFreq                                     ./drivers/fsl_clock.o
CLOCK_GetIrcFreq                                  ./drivers/fsl_clock.o
CLOCK_GetMainClkFreq                              ./drivers/fsl_clock.o
                                                  ./board/board.o
CLOCK_GetSysOscFreq                               ./drivers/fsl_clock.o
CLOCK_GetSystemPLLInClockRate                     ./drivers/fsl_clock.o
CLOCK_GetUart0ClkFreq                             ./drivers/fsl_clock.o
CLOCK_GetUart1ClkFreq                             ./drivers/fsl_clock.o
CLOCK_GetUart2ClkFreq                             ./drivers/fsl_clock.o
CLOCK_GetUartClkFreq                              ./drivers/fsl_clock.o
CLOCK_InitExtClkin                                ./drivers/fsl_clock.o
CLOCK_InitSysOsc                                  ./drivers/fsl_clock.o
CLOCK_InitSystemPll                               ./drivers/fsl_clock.o
                                                  ./board/clock_config.o
CLOCK_InitWdtOsc                                  ./drivers/fsl_clock.o
CLOCK_InitXtalin                                  ./drivers/fsl_clock.o
CLOCK_SetMainClkSrc                               ./drivers/fsl_clock.o
                                                  ./board/clock_config.o
CLOCK_SetUARTFRGClkFreq                           ./drivers/fsl_clock.o
CLOCK_UpdateClkOUTsrc                             ./drivers/fsl_clock.o
                                                  ./board/clock_config.o
CMP_DriverIRQHandler                              ./startup/startup_lpc812.o
CMP_IRQHandler                                    ./startup/startup_lpc812.o
CRP_WORD                                          ./startup/startup_lpc812.o
DbgConsole_Deinit                                 ./utilities/fsl_debug_console.o
DbgConsole_Getchar                                ./utilities/fsl_debug_console.o
DbgConsole_Init                                   ./utilities/fsl_debug_console.o
                                                  ./board/board.o
DbgConsole_Printf                                 ./utilities/fsl_debug_console.o
                                                  ./utilities/fsl_assert.o
DbgConsole_Putchar                                ./utilities/fsl_debug_console.o
DbgConsole_Scanf                                  ./utilities/fsl_debug_console.o
DisableDeepSleepIRQ                               ./drivers/fsl_power.o
EnableDeepSleepIRQ                                ./drivers/fsl_power.o
ExtClockIn                                        ./board/board.o
GPIO_PinInit                                      ./drivers/fsl_gpio.o
                                                  ./board/pin_mux.o
GPIO_PortInit                                     ./drivers/fsl_gpio.o
                                                  ./board/pin_mux.o
HAL_UartDeinit                                    ./component/uart/fsl_adapter_miniusart.o
                                                  ./utilities/fsl_debug_console.o
HAL_UartEnterLowpower                             ./component/uart/fsl_adapter_miniusart.o
HAL_UartExitLowpower                              ./component/uart/fsl_adapter_miniusart.o
HAL_UartInit                                      ./component/uart/fsl_adapter_miniusart.o
                                                  ./utilities/fsl_debug_console.o
HAL_UartReceiveBlocking                           ./component/uart/fsl_adapter_miniusart.o
                                                  ./utilities/fsl_debug_console.o
HAL_UartSendBlocking                              ./component/uart/fsl_adapter_miniusart.o
                                                  ./utilities/fsl_debug_console.o
HardFault_Handler                                 ./source/semihost_hardfault.o
                                                  ./startup/startup_lpc812.o
I2C0_DriverIRQHandler                             ./startup/startup_lpc812.o
I2C0_IRQHandler                                   ./source/main.o
                                                  ./startup/startup_lpc812.o
I2C_GetInstance                                   ./drivers/fsl_i2c.o
I2C_MasterDeinit                                  ./drivers/fsl_i2c.o
I2C_MasterGetDefaultConfig                        ./drivers/fsl_i2c.o
                                                  ./source/main.o
I2C_MasterInit                                    ./drivers/fsl_i2c.o
                                                  ./source/main.o
I2C_MasterReadBlocking                            ./drivers/fsl_i2c.o
I2C_MasterSetBaudRate                             ./drivers/fsl_i2c.o
I2C_MasterStart                                   ./drivers/fsl_i2c.o
I2C_MasterStop                                    ./drivers/fsl_i2c.o
I2C_MasterTransferBlocking                        ./drivers/fsl_i2c.o
                                                  ./drivers/MAXM86161.o
I2C_MasterWriteBlocking                           ./drivers/fsl_i2c.o
I2C_SlaveDeinit                                   ./drivers/fsl_i2c.o
I2C_SlaveGetDefaultConfig                         ./drivers/fsl_i2c.o
I2C_SlaveInit                                     ./drivers/fsl_i2c.o
I2C_SlaveReadBlocking                             ./drivers/fsl_i2c.o
I2C_SlaveSetAddress                               ./drivers/fsl_i2c.o
I2C_SlaveWriteBlocking                            ./drivers/fsl_i2c.o
IntDefaultHandler                                 ./startup/startup_lpc812.o
MRT0_DriverIRQHandler                             ./startup/startup_lpc812.o
MRT0_IRQHandler                                   ./startup/startup_lpc812.o
NMI_Handler                                       ./startup/startup_lpc812.o
PIN_INT0_DriverIRQHandler                         ./startup/startup_lpc812.o
PIN_INT0_IRQHandler                               ./startup/startup_lpc812.o
PIN_INT1_DriverIRQHandler                         ./startup/startup_lpc812.o
PIN_INT1_IRQHandler                               ./startup/startup_lpc812.o
PIN_INT2_DriverIRQHandler                         ./startup/startup_lpc812.o
PIN_INT2_IRQHandler                               ./startup/startup_lpc812.o
PIN_INT3_DriverIRQHandler                         ./startup/startup_lpc812.o
PIN_INT3_IRQHandler                               ./startup/startup_lpc812.o
PIN_INT4_DriverIRQHandler                         ./startup/startup_lpc812.o
PIN_INT4_IRQHandler                               ./startup/startup_lpc812.o
PIN_INT5_DriverIRQHandler                         ./startup/startup_lpc812.o
PIN_INT5_IRQHandler                               ./startup/startup_lpc812.o
PIN_INT6_DriverIRQHandler                         ./startup/startup_lpc812.o
PIN_INT6_IRQHandler                               ./startup/startup_lpc812.o
PIN_INT7_DriverIRQHandler                         ./startup/startup_lpc812.o
PIN_INT7_IRQHandler                               ./startup/startup_lpc812.o
POWER_EnterDeepPowerDownMode                      ./drivers/fsl_power.o
POWER_EnterDeepSleep                              ./drivers/fsl_power.o
POWER_EnterPowerDown                              ./drivers/fsl_power.o
POWER_EnterSleep                                  ./drivers/fsl_power.o
PendSV_Handler                                    ./startup/startup_lpc812.o
RESET_PeripheralReset                             ./drivers/fsl_reset.o
                                                  ./board/board.o
                                                  ./drivers/fsl_usart.o
                                                  ./drivers/fsl_i2c.o
                                                  ./drivers/fsl_gpio.o
Reserved18_DriverIRQHandler                       ./startup/startup_lpc812.o
Reserved18_IRQHandler                             ./startup/startup_lpc812.o
Reserved22_DriverIRQHandler                       ./startup/startup_lpc812.o
Reserved22_IRQHandler                             ./startup/startup_lpc812.o
Reserved23_DriverIRQHandler                       ./startup/startup_lpc812.o
Reserved23_IRQHandler                             ./startup/startup_lpc812.o
Reserved30_DriverIRQHandler                       ./startup/startup_lpc812.o
Reserved30_IRQHandler                             ./startup/startup_lpc812.o
Reserved32_DriverIRQHandler                       ./startup/startup_lpc812.o
Reserved32_IRQHandler                             ./startup/startup_lpc812.o
Reserved33_DriverIRQHandler                       ./startup/startup_lpc812.o
Reserved33_IRQHandler                             ./startup/startup_lpc812.o
Reserved34_DriverIRQHandler                       ./startup/startup_lpc812.o
Reserved34_IRQHandler                             ./startup/startup_lpc812.o
Reserved35_DriverIRQHandler                       ./startup/startup_lpc812.o
Reserved35_IRQHandler                             ./startup/startup_lpc812.o
Reserved36_DriverIRQHandler                       ./startup/startup_lpc812.o
Reserved36_IRQHandler                             ./startup/startup_lpc812.o
Reserved37_DriverIRQHandler                       ./startup/startup_lpc812.o
Reserved37_IRQHandler                             ./startup/startup_lpc812.o
Reserved38_DriverIRQHandler                       ./startup/startup_lpc812.o
Reserved38_IRQHandler                             ./startup/startup_lpc812.o
Reserved39_DriverIRQHandler                       ./startup/startup_lpc812.o
Reserved39_IRQHandler                             ./startup/startup_lpc812.o
ResetISR                                          ./startup/startup_lpc812.o
SCT0_DriverIRQHandler                             ./startup/startup_lpc812.o
SCT0_IRQHandler                                   ./startup/startup_lpc812.o
SDK_DelayAtLeastUs                                ./drivers/fsl_common.o
                                                  ./drivers/fsl_clock.o
SDK_Free                                          ./drivers/fsl_common.o
SDK_Malloc                                        ./drivers/fsl_common.o
SPI0_DriverIRQHandler                             ./startup/startup_lpc812.o
SPI0_IRQHandler                                   ./startup/startup_lpc812.o
SPI1_DriverIRQHandler                             ./startup/startup_lpc812.o
SPI1_IRQHandler                                   ./startup/startup_lpc812.o
SVC_Handler                                       ./startup/startup_lpc812.o
SWM_SetFixedPinSelect                             ./drivers/fsl_swm.o
SWM_SetMovablePinSelect                           ./drivers/fsl_swm.o
                                                  ./board/pin_mux.o
SYSCON_AttachSignal                               ./drivers/fsl_syscon.o
SysTick_Handler                                   ./startup/startup_lpc812.o
SystemCoreClock                                   ./device/system_LPC812.o
                                                  ./board/clock_config.o
SystemCoreClockUpdate                             ./device/system_LPC812.o
SystemInit                                        ./device/system_LPC812.o
                                                  ./startup/startup_lpc812.o
SystemInitHook                                    ./device/system_LPC812.o
USART0_DriverIRQHandler                           ./drivers/fsl_usart.o
                                                  ./startup/startup_lpc812.o
USART0_IRQHandler                                 ./startup/startup_lpc812.o
USART1_DriverIRQHandler                           ./drivers/fsl_usart.o
                                                  ./startup/startup_lpc812.o
USART1_IRQHandler                                 ./startup/startup_lpc812.o
USART2_DriverIRQHandler                           ./drivers/fsl_usart.o
                                                  ./startup/startup_lpc812.o
USART2_IRQHandler                                 ./startup/startup_lpc812.o
USART_Deinit                                      ./drivers/fsl_usart.o
                                                  ./component/uart/fsl_adapter_miniusart.o
USART_GetDefaultConfig                            ./drivers/fsl_usart.o
                                                  ./component/uart/fsl_adapter_miniusart.o
USART_GetInstance                                 ./drivers/fsl_usart.o
USART_Init                                        ./drivers/fsl_usart.o
                                                  ./component/uart/fsl_adapter_miniusart.o
USART_ReadBlocking                                ./drivers/fsl_usart.o
                                                  ./component/uart/fsl_adapter_miniusart.o
USART_SetBaudRate                                 ./drivers/fsl_usart.o
USART_TransferAbortReceive                        ./drivers/fsl_usart.o
USART_TransferAbortSend                           ./drivers/fsl_usart.o
USART_TransferCreateHandle                        ./drivers/fsl_usart.o
USART_TransferGetReceiveCount                     ./drivers/fsl_usart.o
USART_TransferGetRxRingBufferLength               ./drivers/fsl_usart.o
USART_TransferGetSendCount                        ./drivers/fsl_usart.o
USART_TransferHandleIRQ                           ./drivers/fsl_usart.o
USART_TransferReceiveNonBlocking                  ./drivers/fsl_usart.o
USART_TransferSendNonBlocking                     ./drivers/fsl_usart.o
USART_TransferStartRingBuffer                     ./drivers/fsl_usart.o
USART_TransferStopRingBuffer                      ./drivers/fsl_usart.o
USART_WriteBlocking                               ./drivers/fsl_usart.o
                                                  ./component/uart/fsl_adapter_miniusart.o
WDT_DriverIRQHandler                              ./startup/startup_lpc812.o
WDT_IRQHandler                                    ./startup/startup_lpc812.o
WKT_DriverIRQHandler                              ./startup/startup_lpc812.o
WKT_IRQHandler                                    ./startup/startup_lpc812.o
_Csys_alloc                                       c:/nxp/mcuxpressoide_11.5.1_7266/ide/plugins/com.nxp.mcuxpresso.tools.win32_11.5.1.202201181444/tools/bin/../lib/gcc/arm-none-eabi/10.3.1/../../../../arm-none-eabi/lib/thumb/v6-m/nofp\libcr_c.a(alloc.o)
                                                  c:/nxp/mcuxpressoide_11.5.1_7266/ide/plugins/com.nxp.mcuxpresso.tools.win32_11.5.1.202201181444/tools/bin/../lib/gcc/arm-none-eabi/10.3.1/../../../../arm-none-eabi/lib/thumb/v6-m/nofp\libcr_c.a(_deferredlazyseek.o)
_Cwritebuf                                        c:/nxp/mcuxpressoide_11.5.1_7266/ide/plugins/com.nxp.mcuxpresso.tools.win32_11.5.1.202201181444/tools/bin/../lib/gcc/arm-none-eabi/10.3.1/../../../../arm-none-eabi/lib/thumb/v6-m/nofp\libcr_c.a(_writebuf.o)
                                                  c:/nxp/mcuxpressoide_11.5.1_7266/ide/plugins/com.nxp.mcuxpresso.tools.win32_11.5.1.202201181444/tools/bin/../lib/gcc/arm-none-eabi/10.3.1/../../../../arm-none-eabi/lib/thumb/v6-m/nofp\libcr_c.a(_deferredlazyseek.o)
                                                  c:/nxp/mcuxpressoide_11.5.1_7266/ide/plugins/com.nxp.mcuxpresso.tools.win32_11.5.1.202201181444/tools/bin/../lib/gcc/arm-none-eabi/10.3.1/../../../../arm-none-eabi/lib/thumb/v6-m/nofp\libcr_c.a(_fflush.o)
__Ciob                                            c:/nxp/mcuxpressoide_11.5.1_7266/ide/plugins/com.nxp.mcuxpresso.tools.win32_11.5.1.202201181444/tools/bin/../lib/gcc/arm-none-eabi/10.3.1/../../../../arm-none-eabi/lib/thumb/v6-m/nofp\libcr_nohost_nf.a(__ciob.o)
                                                  c:/nxp/mcuxpressoide_11.5.1_7266/ide/plugins/com.nxp.mcuxpresso.tools.win32_11.5.1.202201181444/tools/bin/../lib/gcc/arm-none-eabi/10.3.1/../../../../arm-none-eabi/lib/thumb/v6-m/nofp\libcr_c.a(fflush.o)
                                                  c:/nxp/mcuxpressoide_11.5.1_7266/ide/plugins/com.nxp.mcuxpresso.tools.win32_11.5.1.202201181444/tools/bin/../lib/gcc/arm-none-eabi/10.3.1/../../../../arm-none-eabi/lib/thumb/v6-m/nofp\libcr_c.a(initio.o)
__Vectors                                         ./startup/startup_lpc812.o
__aeabi_idiv                                      c:/nxp/mcuxpressoide_11.5.1_7266/ide/plugins/com.nxp.mcuxpresso.tools.win32_11.5.1.202201181444/tools/bin/../lib/gcc/arm-none-eabi/10.3.1/thumb/v6-m/nofp\libcr_eabihelpers.a(division_32.o)
                                                  ./utilities/fsl_debug_console.o
__aeabi_idiv0                                     c:/nxp/mcuxpressoide_11.5.1_7266/ide/plugins/com.nxp.mcuxpresso.tools.win32_11.5.1.202201181444/tools/bin/../lib/gcc/arm-none-eabi/10.3.1/thumb/v6-m/nofp\libcr_eabihelpers.a(division_idiv0.o)
                                                  c:/nxp/mcuxpressoide_11.5.1_7266/ide/plugins/com.nxp.mcuxpresso.tools.win32_11.5.1.202201181444/tools/bin/../lib/gcc/arm-none-eabi/10.3.1/thumb/v6-m/nofp\libcr_eabihelpers.a(division_64.o)
                                                  c:/nxp/mcuxpressoide_11.5.1_7266/ide/plugins/com.nxp.mcuxpresso.tools.win32_11.5.1.202201181444/tools/bin/../lib/gcc/arm-none-eabi/10.3.1/thumb/v6-m/nofp\libcr_eabihelpers.a(division_32.o)
__aeabi_idivmod                                   c:/nxp/mcuxpressoide_11.5.1_7266/ide/plugins/com.nxp.mcuxpresso.tools.win32_11.5.1.202201181444/tools/bin/../lib/gcc/arm-none-eabi/10.3.1/thumb/v6-m/nofp\libcr_eabihelpers.a(division_32.o)
__aeabi_lasr                                      c:/nxp/mcuxpressoide_11.5.1_7266/ide/plugins/com.nxp.mcuxpresso.tools.win32_11.5.1.202201181444/tools/bin/../lib/gcc/arm-none-eabi/10.3.1/thumb/v6-m/nofp\libcr_eabihelpers.a(llong.o)
__aeabi_lcmp                                      c:/nxp/mcuxpressoide_11.5.1_7266/ide/plugins/com.nxp.mcuxpresso.tools.win32_11.5.1.202201181444/tools/bin/../lib/gcc/arm-none-eabi/10.3.1/thumb/v6-m/nofp\libcr_eabihelpers.a(llong.o)
__aeabi_ldivmod                                   c:/nxp/mcuxpressoide_11.5.1_7266/ide/plugins/com.nxp.mcuxpresso.tools.win32_11.5.1.202201181444/tools/bin/../lib/gcc/arm-none-eabi/10.3.1/thumb/v6-m/nofp\libcr_eabihelpers.a(division_64.o)
__aeabi_llsl                                      c:/nxp/mcuxpressoide_11.5.1_7266/ide/plugins/com.nxp.mcuxpresso.tools.win32_11.5.1.202201181444/tools/bin/../lib/gcc/arm-none-eabi/10.3.1/thumb/v6-m/nofp\libcr_eabihelpers.a(llong.o)
__aeabi_llsr                                      c:/nxp/mcuxpressoide_11.5.1_7266/ide/plugins/com.nxp.mcuxpresso.tools.win32_11.5.1.202201181444/tools/bin/../lib/gcc/arm-none-eabi/10.3.1/thumb/v6-m/nofp\libcr_eabihelpers.a(llong.o)
__aeabi_lmul                                      c:/nxp/mcuxpressoide_11.5.1_7266/ide/plugins/com.nxp.mcuxpresso.tools.win32_11.5.1.202201181444/tools/bin/../lib/gcc/arm-none-eabi/10.3.1/thumb/v6-m/nofp\libcr_eabihelpers.a(llong.o)
                                                  ./drivers/fsl_common.o
__aeabi_lowlevel_memset                           c:/nxp/mcuxpressoide_11.5.1_7266/ide/plugins/com.nxp.mcuxpresso.tools.win32_11.5.1.202201181444/tools/bin/../lib/gcc/arm-none-eabi/10.3.1/thumb/v6-m/nofp\libcr_eabihelpers.a(memcpy.o)
                                                  c:/nxp/mcuxpressoide_11.5.1_7266/ide/plugins/com.nxp.mcuxpresso.tools.win32_11.5.1.202201181444/tools/bin/../lib/gcc/arm-none-eabi/10.3.1/../../../../arm-none-eabi/lib/thumb/v6-m/nofp\libcr_c.a(memset.o)
__aeabi_memclr                                    c:/nxp/mcuxpressoide_11.5.1_7266/ide/plugins/com.nxp.mcuxpresso.tools.win32_11.5.1.202201181444/tools/bin/../lib/gcc/arm-none-eabi/10.3.1/thumb/v6-m/nofp\libcr_eabihelpers.a(memcpy.o)
__aeabi_memclr4                                   c:/nxp/mcuxpressoide_11.5.1_7266/ide/plugins/com.nxp.mcuxpresso.tools.win32_11.5.1.202201181444/tools/bin/../lib/gcc/arm-none-eabi/10.3.1/thumb/v6-m/nofp\libcr_eabihelpers.a(memcpy.o)
__aeabi_memclr8                                   c:/nxp/mcuxpressoide_11.5.1_7266/ide/plugins/com.nxp.mcuxpresso.tools.win32_11.5.1.202201181444/tools/bin/../lib/gcc/arm-none-eabi/10.3.1/thumb/v6-m/nofp\libcr_eabihelpers.a(memcpy.o)
__aeabi_memcpy                                    c:/nxp/mcuxpressoide_11.5.1_7266/ide/plugins/com.nxp.mcuxpresso.tools.win32_11.5.1.202201181444/tools/bin/../lib/gcc/arm-none-eabi/10.3.1/thumb/v6-m/nofp\libcr_eabihelpers.a(memcpy.o)
                                                  c:/nxp/mcuxpressoide_11.5.1_7266/ide/plugins/com.nxp.mcuxpresso.tools.win32_11.5.1.202201181444/tools/bin/../lib/gcc/arm-none-eabi/10.3.1/../../../../arm-none-eabi/lib/thumb/v6-m/nofp\libcr_c.a(memcpy.o)
__aeabi_memcpy4                                   c:/nxp/mcuxpressoide_11.5.1_7266/ide/plugins/com.nxp.mcuxpresso.tools.win32_11.5.1.202201181444/tools/bin/../lib/gcc/arm-none-eabi/10.3.1/thumb/v6-m/nofp\libcr_eabihelpers.a(memcpy.o)
__aeabi_memcpy8                                   c:/nxp/mcuxpressoide_11.5.1_7266/ide/plugins/com.nxp.mcuxpresso.tools.win32_11.5.1.202201181444/tools/bin/../lib/gcc/arm-none-eabi/10.3.1/thumb/v6-m/nofp\libcr_eabihelpers.a(memcpy.o)
__aeabi_memmove                                   c:/nxp/mcuxpressoide_11.5.1_7266/ide/plugins/com.nxp.mcuxpresso.tools.win32_11.5.1.202201181444/tools/bin/../lib/gcc/arm-none-eabi/10.3.1/thumb/v6-m/nofp\libcr_eabihelpers.a(memcpy.o)
__aeabi_memmove4                                  c:/nxp/mcuxpressoide_11.5.1_7266/ide/plugins/com.nxp.mcuxpresso.tools.win32_11.5.1.202201181444/tools/bin/../lib/gcc/arm-none-eabi/10.3.1/thumb/v6-m/nofp\libcr_eabihelpers.a(memcpy.o)
__aeabi_memmove8                                  c:/nxp/mcuxpressoide_11.5.1_7266/ide/plugins/com.nxp.mcuxpresso.tools.win32_11.5.1.202201181444/tools/bin/../lib/gcc/arm-none-eabi/10.3.1/thumb/v6-m/nofp\libcr_eabihelpers.a(memcpy.o)
__aeabi_memset                                    c:/nxp/mcuxpressoide_11.5.1_7266/ide/plugins/com.nxp.mcuxpresso.tools.win32_11.5.1.202201181444/tools/bin/../lib/gcc/arm-none-eabi/10.3.1/thumb/v6-m/nofp\libcr_eabihelpers.a(memcpy.o)
__aeabi_memset4                                   c:/nxp/mcuxpressoide_11.5.1_7266/ide/plugins/com.nxp.mcuxpresso.tools.win32_11.5.1.202201181444/tools/bin/../lib/gcc/arm-none-eabi/10.3.1/thumb/v6-m/nofp\libcr_eabihelpers.a(memcpy.o)
__aeabi_memset8                                   c:/nxp/mcuxpressoide_11.5.1_7266/ide/plugins/com.nxp.mcuxpresso.tools.win32_11.5.1.202201181444/tools/bin/../lib/gcc/arm-none-eabi/10.3.1/thumb/v6-m/nofp\libcr_eabihelpers.a(memcpy.o)
__aeabi_uidiv                                     c:/nxp/mcuxpressoide_11.5.1_7266/ide/plugins/com.nxp.mcuxpresso.tools.win32_11.5.1.202201181444/tools/bin/../lib/gcc/arm-none-eabi/10.3.1/thumb/v6-m/nofp\libcr_eabihelpers.a(division_32.o)
                                                  ./device/system_LPC812.o
                                                  ./drivers/fsl_usart.o
                                                  ./drivers/fsl_i2c.o
                                                  ./drivers/fsl_clock.o
                                                  ./utilities/fsl_debug_console.o
__aeabi_uidivmod                                  c:/nxp/mcuxpressoide_11.5.1_7266/ide/plugins/com.nxp.mcuxpresso.tools.win32_11.5.1.202201181444/tools/bin/../lib/gcc/arm-none-eabi/10.3.1/thumb/v6-m/nofp\libcr_eabihelpers.a(division_32.o)