C:\Users\rego_\Documents\MCUXpressoIDE_11.5.1_7266\workspace\oximetro_de_pulso\CMSIS/core_cm0plus.h:741:22:__NVIC_EnableIRQ	16	static
../drivers/fsl_clock.h:305:20:CLOCK_EnableClock	16	static
../drivers/fsl_clock.h:315:20:CLOCK_DisableClock	16	static
../drivers/fsl_common.h:747:28:EnableIRQ	24	static
../drivers/fsl_usart.h:352:24:USART_GetStatusFlags	16	static
../drivers/fsl_usart.h:393:20:USART_EnableInterrupts	16	static
../drivers/fsl_usart.h:411:20:USART_DisableInterrupts	16	static
../drivers/fsl_usart.h:443:20:USART_EnableContinuousSCLK	16	static
../drivers/fsl_usart.h:502:20:USART_EnableTx	16	static
../drivers/fsl_usart.h:524:20:USART_EnableRx	16	static
../drivers/fsl_usart.c:65:10:USART_GetInstance	24	static
../drivers/fsl_usart.c:88:8:USART_TransferGetRxRingBufferLength	24	static
../drivers/fsl_usart.c:108:13:USART_TransferIsRxRingBufferFull	24	static
../drivers/fsl_usart.c:143:6:USART_TransferStartRingBuffer	24	static
../drivers/fsl_usart.c:169:6:USART_TransferStopRingBuffer	16	static
../drivers/fsl_usart.c:209:10:USART_Init	32	static
../drivers/fsl_usart.c:269:6:USART_Deinit	16	static
../drivers/fsl_usart.c:302:6:USART_GetDefaultConfig	16	static
../drivers/fsl_usart.c:340:10:USART_SetBaudRate	40	static
../drivers/fsl_usart.c:426:10:USART_WriteBlocking	24	static
../drivers/fsl_usart.c:487:10:USART_ReadBlocking	32	static
../drivers/fsl_usart.c:563:10:USART_TransferCreateHandle	32	static
../drivers/fsl_usart.c:611:10:USART_TransferSendNonBlocking	24	static
../drivers/fsl_usart.c:646:6:USART_TransferAbortSend	16	static
../drivers/fsl_usart.c:670:10:USART_TransferGetSendCount	32	static
../drivers/fsl_usart.c:716:10:USART_TransferReceiveNonBlocking	56	static
../drivers/fsl_usart.c:826:6:USART_TransferAbortReceive	16	static
../drivers/fsl_usart.c:853:10:USART_TransferGetReceiveCount	32	static
../drivers/fsl_usart.c:879:6:USART_TransferHandleIRQ	40	static
../drivers/fsl_usart.c:986:6:USART0_DriverIRQHandler	8	static
../drivers/fsl_usart.c:994:6:USART1_DriverIRQHandler	8	static
../drivers/fsl_usart.c:1002:6:USART2_DriverIRQHandler	8	static
