../max/maxm86161_hrm_spo2.c:208:9:maxm86161_hrm_run	56	static
../max/maxm86161_hrm_spo2.c:239:9:maxm86161_hrm_pause	16	static
../max/maxm86161_hrm_spo2.c:272:9:maxm86161_hrm_setup_debug	24	static
../max/maxm86161_hrm_spo2.c:297:9:maxm86161_hrm_configure	32	static
../max/maxm86161_hrm_spo2.c:344:9:maxm86161_hrm_process_external_sample	56	static
../max/maxm86161_hrm_spo2.c:405:9:maxm86161_hrm_process	64	static
../max/maxm86161_hrm_spo2.c:488:9:maxm86161_hrm_initialize	32	static
../max/maxm86161_hrm_spo2.c:523:9:maxm86161_hrm_close	24	static
../max/maxm86161_hrm_spo2.c:552:9:maxm86161_hrm_query_software_revision	24	static
../max/maxm86161_hrm_spo2.c:564:13:maxm86161_hrm_adjust_led_current	24	static
../max/maxm86161_hrm_spo2.c:583:13:maxm86161_hrm_perform_agc	40	static
../max/maxm86161_hrm_spo2.c:623:13:maxm86161_hrm_perform_dc_sensing	32	static
../max/maxm86161_hrm_spo2.c:681:16:maxm86161_hrm_initialize_buffers	32	static
../max/maxm86161_hrm_spo2.c:770:9:maxm86161_hrm_bpf_filtering	96	static
../max/maxm86161_hrm_spo2.c:911:9:maxm86161_hrm_frame_process	88	static
../max/maxm86161_hrm_spo2.c:1149:9:maxm86161_hrm_spo2_frame_process	96	static
../max/maxm86161_hrm_spo2.c:1336:9:maxm86161_hrm_init_measurement_parameters	24	static
../max/maxm86161_hrm_spo2.c:1386:9:maxm86161_hrm_get_sample	24	static
../max/maxm86161_hrm_spo2.c:1396:9:maxm86161_hrm_identify_part	24	static
../max/maxm86161_hrm_spo2.c:1417:9:maxm86161_hrm_sample_process	64	static
